 
****************************************
Report : timing
        -path full
        -delay max
        -max_paths 1
Design : flatten_benes_simple_seq
Version: J-2014.09-SP3
Date   : Tue Jun 15 08:33:14 2021
****************************************

 # A fanout number of 1000 was used for high fanout net computations.

Operating Conditions: tt0p8v25c   Library: tcbn28hpcplusbwp30p140lvttt0p8v25c
Wire Load Model Mode: segmented

  Startpoint: first_half_stages_1__sw_group_0__bottom_group_1__genblk1_bottom_sw/merge_i_data_low/data_mux/o_valid_inner_reg
              (rising edge-triggered flip-flop clocked by clk)
  Endpoint: first_half_stages_1__sw_group_0__bottom_group_1__genblk1_bottom_sw/o_fwd/data_mux/o_data_bus_inner_reg_0_
            (rising edge-triggered flip-flop clocked by clk)
  Path Group: clk
  Path Type: max

  Des/Clust/Port     Wire Load Model       Library
  ------------------------------------------------
  mux_2x1_simple_seq_DATA_WIDTH32_COMMAND_WIDTH1_287
                     ZeroWireload          tcbn28hpcplusbwp30p140lvttt0p8v25c
  mux_2x1_simple_seq_DATA_WIDTH32_COMMAND_WIDTH1_286
                     ZeroWireload          tcbn28hpcplusbwp30p140lvttt0p8v25c
  mux_2x1_simple_seq_DATA_WIDTH32_COMMAND_WIDTH1_285
                     ZeroWireload          tcbn28hpcplusbwp30p140lvttt0p8v25c
  mux_2x1_simple_seq_DATA_WIDTH32_COMMAND_WIDTH1_284
                     ZeroWireload          tcbn28hpcplusbwp30p140lvttt0p8v25c
  mux_2x1_simple_seq_DATA_WIDTH32_COMMAND_WIDTH1_283
                     ZeroWireload          tcbn28hpcplusbwp30p140lvttt0p8v25c
  mux_2x1_simple_seq_DATA_WIDTH32_COMMAND_WIDTH1_282
                     ZeroWireload          tcbn28hpcplusbwp30p140lvttt0p8v25c
  mux_2x1_simple_seq_DATA_WIDTH32_COMMAND_WIDTH1_281
                     ZeroWireload          tcbn28hpcplusbwp30p140lvttt0p8v25c
  mux_2x1_simple_seq_DATA_WIDTH32_COMMAND_WIDTH1_280
                     ZeroWireload          tcbn28hpcplusbwp30p140lvttt0p8v25c
  mux_2x1_simple_seq_DATA_WIDTH32_COMMAND_WIDTH1_279
                     ZeroWireload          tcbn28hpcplusbwp30p140lvttt0p8v25c
  mux_2x1_simple_seq_DATA_WIDTH32_COMMAND_WIDTH1_278
                     ZeroWireload          tcbn28hpcplusbwp30p140lvttt0p8v25c
  mux_2x1_simple_seq_DATA_WIDTH32_COMMAND_WIDTH1_277
                     ZeroWireload          tcbn28hpcplusbwp30p140lvttt0p8v25c
  mux_2x1_simple_seq_DATA_WIDTH32_COMMAND_WIDTH1_276
                     ZeroWireload          tcbn28hpcplusbwp30p140lvttt0p8v25c
  mux_2x1_simple_seq_DATA_WIDTH32_COMMAND_WIDTH1_275
                     ZeroWireload          tcbn28hpcplusbwp30p140lvttt0p8v25c
  mux_2x1_simple_seq_DATA_WIDTH32_COMMAND_WIDTH1_274
                     ZeroWireload          tcbn28hpcplusbwp30p140lvttt0p8v25c
  mux_2x1_simple_seq_DATA_WIDTH32_COMMAND_WIDTH1_273
                     ZeroWireload          tcbn28hpcplusbwp30p140lvttt0p8v25c
  mux_2x1_simple_seq_DATA_WIDTH32_COMMAND_WIDTH1_272
                     ZeroWireload          tcbn28hpcplusbwp30p140lvttt0p8v25c
  mux_2x1_simple_seq_DATA_WIDTH32_COMMAND_WIDTH1_271
                     ZeroWireload          tcbn28hpcplusbwp30p140lvttt0p8v25c
  mux_2x1_simple_seq_DATA_WIDTH32_COMMAND_WIDTH1_270
                     ZeroWireload          tcbn28hpcplusbwp30p140lvttt0p8v25c
  mux_2x1_simple_seq_DATA_WIDTH32_COMMAND_WIDTH1_269
                     ZeroWireload          tcbn28hpcplusbwp30p140lvttt0p8v25c
  mux_2x1_simple_seq_DATA_WIDTH32_COMMAND_WIDTH1_268
                     ZeroWireload          tcbn28hpcplusbwp30p140lvttt0p8v25c
  mux_2x1_simple_seq_DATA_WIDTH32_COMMAND_WIDTH1_267
                     ZeroWireload          tcbn28hpcplusbwp30p140lvttt0p8v25c
  mux_2x1_simple_seq_DATA_WIDTH32_COMMAND_WIDTH1_266
                     ZeroWireload          tcbn28hpcplusbwp30p140lvttt0p8v25c
  mux_2x1_simple_seq_DATA_WIDTH32_COMMAND_WIDTH1_265
                     ZeroWireload          tcbn28hpcplusbwp30p140lvttt0p8v25c
  mux_2x1_simple_seq_DATA_WIDTH32_COMMAND_WIDTH1_264
                     ZeroWireload          tcbn28hpcplusbwp30p140lvttt0p8v25c
  mux_2x1_simple_seq_DATA_WIDTH32_COMMAND_WIDTH1_263
                     ZeroWireload          tcbn28hpcplusbwp30p140lvttt0p8v25c
  mux_2x1_simple_seq_DATA_WIDTH32_COMMAND_WIDTH1_262
                     ZeroWireload          tcbn28hpcplusbwp30p140lvttt0p8v25c
  mux_2x1_simple_seq_DATA_WIDTH32_COMMAND_WIDTH1_261
                     ZeroWireload          tcbn28hpcplusbwp30p140lvttt0p8v25c
  mux_2x1_simple_seq_DATA_WIDTH32_COMMAND_WIDTH1_260
                     ZeroWireload          tcbn28hpcplusbwp30p140lvttt0p8v25c
  mux_2x1_simple_seq_DATA_WIDTH32_COMMAND_WIDTH1_259
                     ZeroWireload          tcbn28hpcplusbwp30p140lvttt0p8v25c
  mux_2x1_simple_seq_DATA_WIDTH32_COMMAND_WIDTH1_258
                     ZeroWireload          tcbn28hpcplusbwp30p140lvttt0p8v25c
  mux_2x1_simple_seq_DATA_WIDTH32_COMMAND_WIDTH1_257
                     ZeroWireload          tcbn28hpcplusbwp30p140lvttt0p8v25c
  mux_2x1_simple_seq_DATA_WIDTH32_COMMAND_WIDTH1_256
                     ZeroWireload          tcbn28hpcplusbwp30p140lvttt0p8v25c
  mux_2x1_simple_seq_DATA_WIDTH32_COMMAND_WIDTH1_255
                     ZeroWireload          tcbn28hpcplusbwp30p140lvttt0p8v25c
  mux_2x1_simple_seq_DATA_WIDTH32_COMMAND_WIDTH1_254
                     ZeroWireload          tcbn28hpcplusbwp30p140lvttt0p8v25c
  mux_2x1_simple_seq_DATA_WIDTH32_COMMAND_WIDTH1_253
                     ZeroWireload          tcbn28hpcplusbwp30p140lvttt0p8v25c
  mux_2x1_simple_seq_DATA_WIDTH32_COMMAND_WIDTH1_252
                     ZeroWireload          tcbn28hpcplusbwp30p140lvttt0p8v25c
  mux_2x1_simple_seq_DATA_WIDTH32_COMMAND_WIDTH1_251
                     ZeroWireload          tcbn28hpcplusbwp30p140lvttt0p8v25c
  mux_2x1_simple_seq_DATA_WIDTH32_COMMAND_WIDTH1_250
                     ZeroWireload          tcbn28hpcplusbwp30p140lvttt0p8v25c
  mux_2x1_simple_seq_DATA_WIDTH32_COMMAND_WIDTH1_249
                     ZeroWireload          tcbn28hpcplusbwp30p140lvttt0p8v25c
  mux_2x1_simple_seq_DATA_WIDTH32_COMMAND_WIDTH1_248
                     ZeroWireload          tcbn28hpcplusbwp30p140lvttt0p8v25c
  mux_2x1_simple_seq_DATA_WIDTH32_COMMAND_WIDTH1_247
                     ZeroWireload          tcbn28hpcplusbwp30p140lvttt0p8v25c
  mux_2x1_simple_seq_DATA_WIDTH32_COMMAND_WIDTH1_246
                     ZeroWireload          tcbn28hpcplusbwp30p140lvttt0p8v25c
  mux_2x1_simple_seq_DATA_WIDTH32_COMMAND_WIDTH1_245
                     ZeroWireload          tcbn28hpcplusbwp30p140lvttt0p8v25c
  mux_2x1_simple_seq_DATA_WIDTH32_COMMAND_WIDTH1_244
                     ZeroWireload          tcbn28hpcplusbwp30p140lvttt0p8v25c
  mux_2x1_simple_seq_DATA_WIDTH32_COMMAND_WIDTH1_243
                     ZeroWireload          tcbn28hpcplusbwp30p140lvttt0p8v25c
  mux_2x1_simple_seq_DATA_WIDTH32_COMMAND_WIDTH1_242
                     ZeroWireload          tcbn28hpcplusbwp30p140lvttt0p8v25c
  mux_2x1_simple_seq_DATA_WIDTH32_COMMAND_WIDTH1_241
                     ZeroWireload          tcbn28hpcplusbwp30p140lvttt0p8v25c
  mux_2x1_simple_seq_DATA_WIDTH32_COMMAND_WIDTH1_240
                     ZeroWireload          tcbn28hpcplusbwp30p140lvttt0p8v25c
  mux_2x1_simple_seq_DATA_WIDTH32_COMMAND_WIDTH1_239
                     ZeroWireload          tcbn28hpcplusbwp30p140lvttt0p8v25c
  mux_2x1_simple_seq_DATA_WIDTH32_COMMAND_WIDTH1_238
                     ZeroWireload          tcbn28hpcplusbwp30p140lvttt0p8v25c
  mux_2x1_simple_seq_DATA_WIDTH32_COMMAND_WIDTH1_237
                     ZeroWireload          tcbn28hpcplusbwp30p140lvttt0p8v25c
  mux_2x1_simple_seq_DATA_WIDTH32_COMMAND_WIDTH1_236
                     ZeroWireload          tcbn28hpcplusbwp30p140lvttt0p8v25c
  mux_2x1_simple_seq_DATA_WIDTH32_COMMAND_WIDTH1_235
                     ZeroWireload          tcbn28hpcplusbwp30p140lvttt0p8v25c
  mux_2x1_simple_seq_DATA_WIDTH32_COMMAND_WIDTH1_234
                     ZeroWireload          tcbn28hpcplusbwp30p140lvttt0p8v25c
  mux_2x1_simple_seq_DATA_WIDTH32_COMMAND_WIDTH1_233
                     ZeroWireload          tcbn28hpcplusbwp30p140lvttt0p8v25c
  mux_2x1_simple_seq_DATA_WIDTH32_COMMAND_WIDTH1_232
                     ZeroWireload          tcbn28hpcplusbwp30p140lvttt0p8v25c
  mux_2x1_simple_seq_DATA_WIDTH32_COMMAND_WIDTH1_231
                     ZeroWireload          tcbn28hpcplusbwp30p140lvttt0p8v25c
  mux_2x1_simple_seq_DATA_WIDTH32_COMMAND_WIDTH1_230
                     ZeroWireload          tcbn28hpcplusbwp30p140lvttt0p8v25c
  mux_2x1_simple_seq_DATA_WIDTH32_COMMAND_WIDTH1_229
                     ZeroWireload          tcbn28hpcplusbwp30p140lvttt0p8v25c
  mux_2x1_simple_seq_DATA_WIDTH32_COMMAND_WIDTH1_228
                     ZeroWireload          tcbn28hpcplusbwp30p140lvttt0p8v25c
  mux_2x1_simple_seq_DATA_WIDTH32_COMMAND_WIDTH1_227
                     ZeroWireload          tcbn28hpcplusbwp30p140lvttt0p8v25c
  mux_2x1_simple_seq_DATA_WIDTH32_COMMAND_WIDTH1_226
                     ZeroWireload          tcbn28hpcplusbwp30p140lvttt0p8v25c
  mux_2x1_simple_seq_DATA_WIDTH32_COMMAND_WIDTH1_225
                     ZeroWireload          tcbn28hpcplusbwp30p140lvttt0p8v25c
  mux_2x1_simple_seq_DATA_WIDTH32_COMMAND_WIDTH1_224
                     ZeroWireload          tcbn28hpcplusbwp30p140lvttt0p8v25c
  mux_2x1_simple_seq_DATA_WIDTH32_COMMAND_WIDTH1_223
                     ZeroWireload          tcbn28hpcplusbwp30p140lvttt0p8v25c
  mux_2x1_simple_seq_DATA_WIDTH32_COMMAND_WIDTH1_222
                     ZeroWireload          tcbn28hpcplusbwp30p140lvttt0p8v25c
  mux_2x1_simple_seq_DATA_WIDTH32_COMMAND_WIDTH1_221
                     ZeroWireload          tcbn28hpcplusbwp30p140lvttt0p8v25c
  mux_2x1_simple_seq_DATA_WIDTH32_COMMAND_WIDTH1_220
                     ZeroWireload          tcbn28hpcplusbwp30p140lvttt0p8v25c
  mux_2x1_simple_seq_DATA_WIDTH32_COMMAND_WIDTH1_219
                     ZeroWireload          tcbn28hpcplusbwp30p140lvttt0p8v25c
  mux_2x1_simple_seq_DATA_WIDTH32_COMMAND_WIDTH1_218
                     ZeroWireload          tcbn28hpcplusbwp30p140lvttt0p8v25c
  mux_2x1_simple_seq_DATA_WIDTH32_COMMAND_WIDTH1_217
                     ZeroWireload          tcbn28hpcplusbwp30p140lvttt0p8v25c
  mux_2x1_simple_seq_DATA_WIDTH32_COMMAND_WIDTH1_216
                     ZeroWireload          tcbn28hpcplusbwp30p140lvttt0p8v25c
  mux_2x1_simple_seq_DATA_WIDTH32_COMMAND_WIDTH1_215
                     ZeroWireload          tcbn28hpcplusbwp30p140lvttt0p8v25c
  mux_2x1_simple_seq_DATA_WIDTH32_COMMAND_WIDTH1_214
                     ZeroWireload          tcbn28hpcplusbwp30p140lvttt0p8v25c
  mux_2x1_simple_seq_DATA_WIDTH32_COMMAND_WIDTH1_213
                     ZeroWireload          tcbn28hpcplusbwp30p140lvttt0p8v25c
  mux_2x1_simple_seq_DATA_WIDTH32_COMMAND_WIDTH1_212
                     ZeroWireload          tcbn28hpcplusbwp30p140lvttt0p8v25c
  mux_2x1_simple_seq_DATA_WIDTH32_COMMAND_WIDTH1_211
                     ZeroWireload          tcbn28hpcplusbwp30p140lvttt0p8v25c
  mux_2x1_simple_seq_DATA_WIDTH32_COMMAND_WIDTH1_210
                     ZeroWireload          tcbn28hpcplusbwp30p140lvttt0p8v25c
  mux_2x1_simple_seq_DATA_WIDTH32_COMMAND_WIDTH1_209
                     ZeroWireload          tcbn28hpcplusbwp30p140lvttt0p8v25c
  mux_2x1_simple_seq_DATA_WIDTH32_COMMAND_WIDTH1_208
                     ZeroWireload          tcbn28hpcplusbwp30p140lvttt0p8v25c
  mux_2x1_simple_seq_DATA_WIDTH32_COMMAND_WIDTH1_207
                     ZeroWireload          tcbn28hpcplusbwp30p140lvttt0p8v25c
  mux_2x1_simple_seq_DATA_WIDTH32_COMMAND_WIDTH1_206
                     ZeroWireload          tcbn28hpcplusbwp30p140lvttt0p8v25c
  mux_2x1_simple_seq_DATA_WIDTH32_COMMAND_WIDTH1_205
                     ZeroWireload          tcbn28hpcplusbwp30p140lvttt0p8v25c
  mux_2x1_simple_seq_DATA_WIDTH32_COMMAND_WIDTH1_204
                     ZeroWireload          tcbn28hpcplusbwp30p140lvttt0p8v25c
  mux_2x1_simple_seq_DATA_WIDTH32_COMMAND_WIDTH1_203
                     ZeroWireload          tcbn28hpcplusbwp30p140lvttt0p8v25c
  mux_2x1_simple_seq_DATA_WIDTH32_COMMAND_WIDTH1_202
                     ZeroWireload          tcbn28hpcplusbwp30p140lvttt0p8v25c
  mux_2x1_simple_seq_DATA_WIDTH32_COMMAND_WIDTH1_201
                     ZeroWireload          tcbn28hpcplusbwp30p140lvttt0p8v25c
  mux_2x1_simple_seq_DATA_WIDTH32_COMMAND_WIDTH1_200
                     ZeroWireload          tcbn28hpcplusbwp30p140lvttt0p8v25c
  mux_2x1_simple_seq_DATA_WIDTH32_COMMAND_WIDTH1_199
                     ZeroWireload          tcbn28hpcplusbwp30p140lvttt0p8v25c
  mux_2x1_simple_seq_DATA_WIDTH32_COMMAND_WIDTH1_198
                     ZeroWireload          tcbn28hpcplusbwp30p140lvttt0p8v25c
  mux_2x1_simple_seq_DATA_WIDTH32_COMMAND_WIDTH1_197
                     ZeroWireload          tcbn28hpcplusbwp30p140lvttt0p8v25c
  mux_2x1_simple_seq_DATA_WIDTH32_COMMAND_WIDTH1_196
                     ZeroWireload          tcbn28hpcplusbwp30p140lvttt0p8v25c
  mux_2x1_simple_seq_DATA_WIDTH32_COMMAND_WIDTH1_195
                     ZeroWireload          tcbn28hpcplusbwp30p140lvttt0p8v25c
  mux_2x1_simple_seq_DATA_WIDTH32_COMMAND_WIDTH1_194
                     ZeroWireload          tcbn28hpcplusbwp30p140lvttt0p8v25c
  mux_2x1_simple_seq_DATA_WIDTH32_COMMAND_WIDTH1_193
                     ZeroWireload          tcbn28hpcplusbwp30p140lvttt0p8v25c
  mux_2x1_simple_seq_DATA_WIDTH32_COMMAND_WIDTH1_192
                     ZeroWireload          tcbn28hpcplusbwp30p140lvttt0p8v25c
  mux_2x1_simple_seq_DATA_WIDTH32_COMMAND_WIDTH1_191
                     ZeroWireload          tcbn28hpcplusbwp30p140lvttt0p8v25c
  mux_2x1_simple_seq_DATA_WIDTH32_COMMAND_WIDTH1_190
                     ZeroWireload          tcbn28hpcplusbwp30p140lvttt0p8v25c
  mux_2x1_simple_seq_DATA_WIDTH32_COMMAND_WIDTH1_189
                     ZeroWireload          tcbn28hpcplusbwp30p140lvttt0p8v25c
  mux_2x1_simple_seq_DATA_WIDTH32_COMMAND_WIDTH1_188
                     ZeroWireload          tcbn28hpcplusbwp30p140lvttt0p8v25c
  mux_2x1_simple_seq_DATA_WIDTH32_COMMAND_WIDTH1_187
                     ZeroWireload          tcbn28hpcplusbwp30p140lvttt0p8v25c
  mux_2x1_simple_seq_DATA_WIDTH32_COMMAND_WIDTH1_186
                     ZeroWireload          tcbn28hpcplusbwp30p140lvttt0p8v25c
  mux_2x1_simple_seq_DATA_WIDTH32_COMMAND_WIDTH1_185
                     ZeroWireload          tcbn28hpcplusbwp30p140lvttt0p8v25c
  mux_2x1_simple_seq_DATA_WIDTH32_COMMAND_WIDTH1_184
                     ZeroWireload          tcbn28hpcplusbwp30p140lvttt0p8v25c
  mux_2x1_simple_seq_DATA_WIDTH32_COMMAND_WIDTH1_183
                     ZeroWireload          tcbn28hpcplusbwp30p140lvttt0p8v25c
  mux_2x1_simple_seq_DATA_WIDTH32_COMMAND_WIDTH1_182
                     ZeroWireload          tcbn28hpcplusbwp30p140lvttt0p8v25c
  mux_2x1_simple_seq_DATA_WIDTH32_COMMAND_WIDTH1_181
                     ZeroWireload          tcbn28hpcplusbwp30p140lvttt0p8v25c
  mux_2x1_simple_seq_DATA_WIDTH32_COMMAND_WIDTH1_180
                     ZeroWireload          tcbn28hpcplusbwp30p140lvttt0p8v25c
  mux_2x1_simple_seq_DATA_WIDTH32_COMMAND_WIDTH1_179
                     ZeroWireload          tcbn28hpcplusbwp30p140lvttt0p8v25c
  mux_2x1_simple_seq_DATA_WIDTH32_COMMAND_WIDTH1_178
                     ZeroWireload          tcbn28hpcplusbwp30p140lvttt0p8v25c
  mux_2x1_simple_seq_DATA_WIDTH32_COMMAND_WIDTH1_177
                     ZeroWireload          tcbn28hpcplusbwp30p140lvttt0p8v25c
  mux_2x1_simple_seq_DATA_WIDTH32_COMMAND_WIDTH1_176
                     ZeroWireload          tcbn28hpcplusbwp30p140lvttt0p8v25c
  mux_2x1_simple_seq_DATA_WIDTH32_COMMAND_WIDTH1_175
                     ZeroWireload          tcbn28hpcplusbwp30p140lvttt0p8v25c
  mux_2x1_simple_seq_DATA_WIDTH32_COMMAND_WIDTH1_174
                     ZeroWireload          tcbn28hpcplusbwp30p140lvttt0p8v25c
  mux_2x1_simple_seq_DATA_WIDTH32_COMMAND_WIDTH1_173
                     ZeroWireload          tcbn28hpcplusbwp30p140lvttt0p8v25c
  mux_2x1_simple_seq_DATA_WIDTH32_COMMAND_WIDTH1_172
                     ZeroWireload          tcbn28hpcplusbwp30p140lvttt0p8v25c
  mux_2x1_simple_seq_DATA_WIDTH32_COMMAND_WIDTH1_171
                     ZeroWireload          tcbn28hpcplusbwp30p140lvttt0p8v25c
  mux_2x1_simple_seq_DATA_WIDTH32_COMMAND_WIDTH1_170
                     ZeroWireload          tcbn28hpcplusbwp30p140lvttt0p8v25c
  mux_2x1_simple_seq_DATA_WIDTH32_COMMAND_WIDTH1_169
                     ZeroWireload          tcbn28hpcplusbwp30p140lvttt0p8v25c
  mux_2x1_simple_seq_DATA_WIDTH32_COMMAND_WIDTH1_168
                     ZeroWireload          tcbn28hpcplusbwp30p140lvttt0p8v25c
  mux_2x1_simple_seq_DATA_WIDTH32_COMMAND_WIDTH1_167
                     ZeroWireload          tcbn28hpcplusbwp30p140lvttt0p8v25c
  mux_2x1_simple_seq_DATA_WIDTH32_COMMAND_WIDTH1_166
                     ZeroWireload          tcbn28hpcplusbwp30p140lvttt0p8v25c
  mux_2x1_simple_seq_DATA_WIDTH32_COMMAND_WIDTH1_165
                     ZeroWireload          tcbn28hpcplusbwp30p140lvttt0p8v25c
  mux_2x1_simple_seq_DATA_WIDTH32_COMMAND_WIDTH1_164
                     ZeroWireload          tcbn28hpcplusbwp30p140lvttt0p8v25c
  mux_2x1_simple_seq_DATA_WIDTH32_COMMAND_WIDTH1_163
                     ZeroWireload          tcbn28hpcplusbwp30p140lvttt0p8v25c
  mux_2x1_simple_seq_DATA_WIDTH32_COMMAND_WIDTH1_162
                     ZeroWireload          tcbn28hpcplusbwp30p140lvttt0p8v25c
  mux_2x1_simple_seq_DATA_WIDTH32_COMMAND_WIDTH1_161
                     ZeroWireload          tcbn28hpcplusbwp30p140lvttt0p8v25c
  mux_2x1_simple_seq_DATA_WIDTH32_COMMAND_WIDTH1_160
                     ZeroWireload          tcbn28hpcplusbwp30p140lvttt0p8v25c
  mux_2x1_simple_seq_DATA_WIDTH32_COMMAND_WIDTH1_159
                     ZeroWireload          tcbn28hpcplusbwp30p140lvttt0p8v25c
  mux_2x1_simple_seq_DATA_WIDTH32_COMMAND_WIDTH1_158
                     ZeroWireload          tcbn28hpcplusbwp30p140lvttt0p8v25c
  mux_2x1_simple_seq_DATA_WIDTH32_COMMAND_WIDTH1_157
                     ZeroWireload          tcbn28hpcplusbwp30p140lvttt0p8v25c
  mux_2x1_simple_seq_DATA_WIDTH32_COMMAND_WIDTH1_156
                     ZeroWireload          tcbn28hpcplusbwp30p140lvttt0p8v25c
  mux_2x1_simple_seq_DATA_WIDTH32_COMMAND_WIDTH1_155
                     ZeroWireload          tcbn28hpcplusbwp30p140lvttt0p8v25c
  mux_2x1_simple_seq_DATA_WIDTH32_COMMAND_WIDTH1_154
                     ZeroWireload          tcbn28hpcplusbwp30p140lvttt0p8v25c
  mux_2x1_simple_seq_DATA_WIDTH32_COMMAND_WIDTH1_153
                     ZeroWireload          tcbn28hpcplusbwp30p140lvttt0p8v25c
  mux_2x1_simple_seq_DATA_WIDTH32_COMMAND_WIDTH1_152
                     ZeroWireload          tcbn28hpcplusbwp30p140lvttt0p8v25c
  mux_2x1_simple_seq_DATA_WIDTH32_COMMAND_WIDTH1_151
                     ZeroWireload          tcbn28hpcplusbwp30p140lvttt0p8v25c
  mux_2x1_simple_seq_DATA_WIDTH32_COMMAND_WIDTH1_150
                     ZeroWireload          tcbn28hpcplusbwp30p140lvttt0p8v25c
  mux_2x1_simple_seq_DATA_WIDTH32_COMMAND_WIDTH1_149
                     ZeroWireload          tcbn28hpcplusbwp30p140lvttt0p8v25c
  mux_2x1_simple_seq_DATA_WIDTH32_COMMAND_WIDTH1_148
                     ZeroWireload          tcbn28hpcplusbwp30p140lvttt0p8v25c
  mux_2x1_simple_seq_DATA_WIDTH32_COMMAND_WIDTH1_147
                     ZeroWireload          tcbn28hpcplusbwp30p140lvttt0p8v25c
  mux_2x1_simple_seq_DATA_WIDTH32_COMMAND_WIDTH1_146
                     ZeroWireload          tcbn28hpcplusbwp30p140lvttt0p8v25c
  mux_2x1_simple_seq_DATA_WIDTH32_COMMAND_WIDTH1_145
                     ZeroWireload          tcbn28hpcplusbwp30p140lvttt0p8v25c
  mux_2x1_simple_seq_DATA_WIDTH32_COMMAND_WIDTH1_144
                     ZeroWireload          tcbn28hpcplusbwp30p140lvttt0p8v25c
  mux_2x1_simple_seq_DATA_WIDTH32_COMMAND_WIDTH1_143
                     ZeroWireload          tcbn28hpcplusbwp30p140lvttt0p8v25c
  mux_2x1_simple_seq_DATA_WIDTH32_COMMAND_WIDTH1_142
                     ZeroWireload          tcbn28hpcplusbwp30p140lvttt0p8v25c
  mux_2x1_simple_seq_DATA_WIDTH32_COMMAND_WIDTH1_141
                     ZeroWireload          tcbn28hpcplusbwp30p140lvttt0p8v25c
  mux_2x1_simple_seq_DATA_WIDTH32_COMMAND_WIDTH1_140
                     ZeroWireload          tcbn28hpcplusbwp30p140lvttt0p8v25c
  mux_2x1_simple_seq_DATA_WIDTH32_COMMAND_WIDTH1_139
                     ZeroWireload          tcbn28hpcplusbwp30p140lvttt0p8v25c
  mux_2x1_simple_seq_DATA_WIDTH32_COMMAND_WIDTH1_138
                     ZeroWireload          tcbn28hpcplusbwp30p140lvttt0p8v25c
  mux_2x1_simple_seq_DATA_WIDTH32_COMMAND_WIDTH1_137
                     ZeroWireload          tcbn28hpcplusbwp30p140lvttt0p8v25c
  mux_2x1_simple_seq_DATA_WIDTH32_COMMAND_WIDTH1_136
                     ZeroWireload          tcbn28hpcplusbwp30p140lvttt0p8v25c
  mux_2x1_simple_seq_DATA_WIDTH32_COMMAND_WIDTH1_135
                     ZeroWireload          tcbn28hpcplusbwp30p140lvttt0p8v25c
  mux_2x1_simple_seq_DATA_WIDTH32_COMMAND_WIDTH1_134
                     ZeroWireload          tcbn28hpcplusbwp30p140lvttt0p8v25c
  mux_2x1_simple_seq_DATA_WIDTH32_COMMAND_WIDTH1_133
                     ZeroWireload          tcbn28hpcplusbwp30p140lvttt0p8v25c
  mux_2x1_simple_seq_DATA_WIDTH32_COMMAND_WIDTH1_132
                     ZeroWireload          tcbn28hpcplusbwp30p140lvttt0p8v25c
  mux_2x1_simple_seq_DATA_WIDTH32_COMMAND_WIDTH1_131
                     ZeroWireload          tcbn28hpcplusbwp30p140lvttt0p8v25c
  mux_2x1_simple_seq_DATA_WIDTH32_COMMAND_WIDTH1_130
                     ZeroWireload          tcbn28hpcplusbwp30p140lvttt0p8v25c
  mux_2x1_simple_seq_DATA_WIDTH32_COMMAND_WIDTH1_129
                     ZeroWireload          tcbn28hpcplusbwp30p140lvttt0p8v25c
  mux_2x1_simple_seq_DATA_WIDTH32_COMMAND_WIDTH1_128
                     ZeroWireload          tcbn28hpcplusbwp30p140lvttt0p8v25c
  mux_2x1_simple_seq_DATA_WIDTH32_COMMAND_WIDTH1_127
                     ZeroWireload          tcbn28hpcplusbwp30p140lvttt0p8v25c
  mux_2x1_simple_seq_DATA_WIDTH32_COMMAND_WIDTH1_126
                     ZeroWireload          tcbn28hpcplusbwp30p140lvttt0p8v25c
  mux_2x1_simple_seq_DATA_WIDTH32_COMMAND_WIDTH1_125
                     ZeroWireload          tcbn28hpcplusbwp30p140lvttt0p8v25c
  mux_2x1_simple_seq_DATA_WIDTH32_COMMAND_WIDTH1_124
                     ZeroWireload          tcbn28hpcplusbwp30p140lvttt0p8v25c
  mux_2x1_simple_seq_DATA_WIDTH32_COMMAND_WIDTH1_123
                     ZeroWireload          tcbn28hpcplusbwp30p140lvttt0p8v25c
  mux_2x1_simple_seq_DATA_WIDTH32_COMMAND_WIDTH1_122
                     ZeroWireload          tcbn28hpcplusbwp30p140lvttt0p8v25c
  mux_2x1_simple_seq_DATA_WIDTH32_COMMAND_WIDTH1_121
                     ZeroWireload          tcbn28hpcplusbwp30p140lvttt0p8v25c
  mux_2x1_simple_seq_DATA_WIDTH32_COMMAND_WIDTH1_120
                     ZeroWireload          tcbn28hpcplusbwp30p140lvttt0p8v25c
  mux_2x1_simple_seq_DATA_WIDTH32_COMMAND_WIDTH1_119
                     ZeroWireload          tcbn28hpcplusbwp30p140lvttt0p8v25c
  mux_2x1_simple_seq_DATA_WIDTH32_COMMAND_WIDTH1_118
                     ZeroWireload          tcbn28hpcplusbwp30p140lvttt0p8v25c
  mux_2x1_simple_seq_DATA_WIDTH32_COMMAND_WIDTH1_117
                     ZeroWireload          tcbn28hpcplusbwp30p140lvttt0p8v25c
  mux_2x1_simple_seq_DATA_WIDTH32_COMMAND_WIDTH1_116
                     ZeroWireload          tcbn28hpcplusbwp30p140lvttt0p8v25c
  mux_2x1_simple_seq_DATA_WIDTH32_COMMAND_WIDTH1_115
                     ZeroWireload          tcbn28hpcplusbwp30p140lvttt0p8v25c
  mux_2x1_simple_seq_DATA_WIDTH32_COMMAND_WIDTH1_114
                     ZeroWireload          tcbn28hpcplusbwp30p140lvttt0p8v25c
  mux_2x1_simple_seq_DATA_WIDTH32_COMMAND_WIDTH1_113
                     ZeroWireload          tcbn28hpcplusbwp30p140lvttt0p8v25c
  mux_2x1_simple_seq_DATA_WIDTH32_COMMAND_WIDTH1_112
                     ZeroWireload          tcbn28hpcplusbwp30p140lvttt0p8v25c
  mux_2x1_simple_seq_DATA_WIDTH32_COMMAND_WIDTH1_111
                     ZeroWireload          tcbn28hpcplusbwp30p140lvttt0p8v25c
  mux_2x1_simple_seq_DATA_WIDTH32_COMMAND_WIDTH1_110
                     ZeroWireload          tcbn28hpcplusbwp30p140lvttt0p8v25c
  mux_2x1_simple_seq_DATA_WIDTH32_COMMAND_WIDTH1_109
                     ZeroWireload          tcbn28hpcplusbwp30p140lvttt0p8v25c
  mux_2x1_simple_seq_DATA_WIDTH32_COMMAND_WIDTH1_108
                     ZeroWireload          tcbn28hpcplusbwp30p140lvttt0p8v25c
  mux_2x1_simple_seq_DATA_WIDTH32_COMMAND_WIDTH1_107
                     ZeroWireload          tcbn28hpcplusbwp30p140lvttt0p8v25c
  mux_2x1_simple_seq_DATA_WIDTH32_COMMAND_WIDTH1_106
                     ZeroWireload          tcbn28hpcplusbwp30p140lvttt0p8v25c
  mux_2x1_simple_seq_DATA_WIDTH32_COMMAND_WIDTH1_105
                     ZeroWireload          tcbn28hpcplusbwp30p140lvttt0p8v25c
  mux_2x1_simple_seq_DATA_WIDTH32_COMMAND_WIDTH1_104
                     ZeroWireload          tcbn28hpcplusbwp30p140lvttt0p8v25c
  mux_2x1_simple_seq_DATA_WIDTH32_COMMAND_WIDTH1_103
                     ZeroWireload          tcbn28hpcplusbwp30p140lvttt0p8v25c
  mux_2x1_simple_seq_DATA_WIDTH32_COMMAND_WIDTH1_102
                     ZeroWireload          tcbn28hpcplusbwp30p140lvttt0p8v25c
  mux_2x1_simple_seq_DATA_WIDTH32_COMMAND_WIDTH1_101
                     ZeroWireload          tcbn28hpcplusbwp30p140lvttt0p8v25c
  mux_2x1_simple_seq_DATA_WIDTH32_COMMAND_WIDTH1_100
                     ZeroWireload          tcbn28hpcplusbwp30p140lvttt0p8v25c
  mux_2x1_simple_seq_DATA_WIDTH32_COMMAND_WIDTH1_99
                     ZeroWireload          tcbn28hpcplusbwp30p140lvttt0p8v25c
  mux_2x1_simple_seq_DATA_WIDTH32_COMMAND_WIDTH1_98
                     ZeroWireload          tcbn28hpcplusbwp30p140lvttt0p8v25c
  mux_2x1_simple_seq_DATA_WIDTH32_COMMAND_WIDTH1_97
                     ZeroWireload          tcbn28hpcplusbwp30p140lvttt0p8v25c
  mux_2x1_simple_seq_DATA_WIDTH32_COMMAND_WIDTH1_96
                     ZeroWireload          tcbn28hpcplusbwp30p140lvttt0p8v25c
  mux_2x1_simple_seq_DATA_WIDTH32_COMMAND_WIDTH1_95
                     ZeroWireload          tcbn28hpcplusbwp30p140lvttt0p8v25c
  mux_2x1_simple_seq_DATA_WIDTH32_COMMAND_WIDTH1_94
                     ZeroWireload          tcbn28hpcplusbwp30p140lvttt0p8v25c
  mux_2x1_simple_seq_DATA_WIDTH32_COMMAND_WIDTH1_93
                     ZeroWireload          tcbn28hpcplusbwp30p140lvttt0p8v25c
  mux_2x1_simple_seq_DATA_WIDTH32_COMMAND_WIDTH1_92
                     ZeroWireload          tcbn28hpcplusbwp30p140lvttt0p8v25c
  mux_2x1_simple_seq_DATA_WIDTH32_COMMAND_WIDTH1_91
                     ZeroWireload          tcbn28hpcplusbwp30p140lvttt0p8v25c
  mux_2x1_simple_seq_DATA_WIDTH32_COMMAND_WIDTH1_90
                     ZeroWireload          tcbn28hpcplusbwp30p140lvttt0p8v25c
  mux_2x1_simple_seq_DATA_WIDTH32_COMMAND_WIDTH1_89
                     ZeroWireload          tcbn28hpcplusbwp30p140lvttt0p8v25c
  mux_2x1_simple_seq_DATA_WIDTH32_COMMAND_WIDTH1_88
                     ZeroWireload          tcbn28hpcplusbwp30p140lvttt0p8v25c
  mux_2x1_simple_seq_DATA_WIDTH32_COMMAND_WIDTH1_87
                     ZeroWireload          tcbn28hpcplusbwp30p140lvttt0p8v25c
  mux_2x1_simple_seq_DATA_WIDTH32_COMMAND_WIDTH1_86
                     ZeroWireload          tcbn28hpcplusbwp30p140lvttt0p8v25c
  mux_2x1_simple_seq_DATA_WIDTH32_COMMAND_WIDTH1_85
                     ZeroWireload          tcbn28hpcplusbwp30p140lvttt0p8v25c
  mux_2x1_simple_seq_DATA_WIDTH32_COMMAND_WIDTH1_84
                     ZeroWireload          tcbn28hpcplusbwp30p140lvttt0p8v25c
  mux_2x1_simple_seq_DATA_WIDTH32_COMMAND_WIDTH1_83
                     ZeroWireload          tcbn28hpcplusbwp30p140lvttt0p8v25c
  mux_2x1_simple_seq_DATA_WIDTH32_COMMAND_WIDTH1_82
                     ZeroWireload          tcbn28hpcplusbwp30p140lvttt0p8v25c
  mux_2x1_simple_seq_DATA_WIDTH32_COMMAND_WIDTH1_81
                     ZeroWireload          tcbn28hpcplusbwp30p140lvttt0p8v25c
  mux_2x1_simple_seq_DATA_WIDTH32_COMMAND_WIDTH1_80
                     ZeroWireload          tcbn28hpcplusbwp30p140lvttt0p8v25c
  mux_2x1_simple_seq_DATA_WIDTH32_COMMAND_WIDTH1_79
                     ZeroWireload          tcbn28hpcplusbwp30p140lvttt0p8v25c
  mux_2x1_simple_seq_DATA_WIDTH32_COMMAND_WIDTH1_78
                     ZeroWireload          tcbn28hpcplusbwp30p140lvttt0p8v25c
  mux_2x1_simple_seq_DATA_WIDTH32_COMMAND_WIDTH1_77
                     ZeroWireload          tcbn28hpcplusbwp30p140lvttt0p8v25c
  mux_2x1_simple_seq_DATA_WIDTH32_COMMAND_WIDTH1_76
                     ZeroWireload          tcbn28hpcplusbwp30p140lvttt0p8v25c
  mux_2x1_simple_seq_DATA_WIDTH32_COMMAND_WIDTH1_75
                     ZeroWireload          tcbn28hpcplusbwp30p140lvttt0p8v25c
  mux_2x1_simple_seq_DATA_WIDTH32_COMMAND_WIDTH1_74
                     ZeroWireload          tcbn28hpcplusbwp30p140lvttt0p8v25c
  mux_2x1_simple_seq_DATA_WIDTH32_COMMAND_WIDTH1_73
                     ZeroWireload          tcbn28hpcplusbwp30p140lvttt0p8v25c
  mux_2x1_simple_seq_DATA_WIDTH32_COMMAND_WIDTH1_72
                     ZeroWireload          tcbn28hpcplusbwp30p140lvttt0p8v25c
  mux_2x1_simple_seq_DATA_WIDTH32_COMMAND_WIDTH1_71
                     ZeroWireload          tcbn28hpcplusbwp30p140lvttt0p8v25c
  mux_2x1_simple_seq_DATA_WIDTH32_COMMAND_WIDTH1_70
                     ZeroWireload          tcbn28hpcplusbwp30p140lvttt0p8v25c
  mux_2x1_simple_seq_DATA_WIDTH32_COMMAND_WIDTH1_69
                     ZeroWireload          tcbn28hpcplusbwp30p140lvttt0p8v25c
  mux_2x1_simple_seq_DATA_WIDTH32_COMMAND_WIDTH1_68
                     ZeroWireload          tcbn28hpcplusbwp30p140lvttt0p8v25c
  mux_2x1_simple_seq_DATA_WIDTH32_COMMAND_WIDTH1_67
                     ZeroWireload          tcbn28hpcplusbwp30p140lvttt0p8v25c
  mux_2x1_simple_seq_DATA_WIDTH32_COMMAND_WIDTH1_66
                     ZeroWireload          tcbn28hpcplusbwp30p140lvttt0p8v25c
  mux_2x1_simple_seq_DATA_WIDTH32_COMMAND_WIDTH1_65
                     ZeroWireload          tcbn28hpcplusbwp30p140lvttt0p8v25c
  mux_2x1_simple_seq_DATA_WIDTH32_COMMAND_WIDTH1_64
                     ZeroWireload          tcbn28hpcplusbwp30p140lvttt0p8v25c
  mux_2x1_simple_seq_DATA_WIDTH32_COMMAND_WIDTH1_63
                     ZeroWireload          tcbn28hpcplusbwp30p140lvttt0p8v25c
  mux_2x1_simple_seq_DATA_WIDTH32_COMMAND_WIDTH1_62
                     ZeroWireload          tcbn28hpcplusbwp30p140lvttt0p8v25c
  mux_2x1_simple_seq_DATA_WIDTH32_COMMAND_WIDTH1_61
                     ZeroWireload          tcbn28hpcplusbwp30p140lvttt0p8v25c
  mux_2x1_simple_seq_DATA_WIDTH32_COMMAND_WIDTH1_60
                     ZeroWireload          tcbn28hpcplusbwp30p140lvttt0p8v25c
  mux_2x1_simple_seq_DATA_WIDTH32_COMMAND_WIDTH1_59
                     ZeroWireload          tcbn28hpcplusbwp30p140lvttt0p8v25c
  mux_2x1_simple_seq_DATA_WIDTH32_COMMAND_WIDTH1_58
                     ZeroWireload          tcbn28hpcplusbwp30p140lvttt0p8v25c
  mux_2x1_simple_seq_DATA_WIDTH32_COMMAND_WIDTH1_57
                     ZeroWireload          tcbn28hpcplusbwp30p140lvttt0p8v25c
  mux_2x1_simple_seq_DATA_WIDTH32_COMMAND_WIDTH1_56
                     ZeroWireload          tcbn28hpcplusbwp30p140lvttt0p8v25c
  mux_2x1_simple_seq_DATA_WIDTH32_COMMAND_WIDTH1_55
                     ZeroWireload          tcbn28hpcplusbwp30p140lvttt0p8v25c
  mux_2x1_simple_seq_DATA_WIDTH32_COMMAND_WIDTH1_54
                     ZeroWireload          tcbn28hpcplusbwp30p140lvttt0p8v25c
  mux_2x1_simple_seq_DATA_WIDTH32_COMMAND_WIDTH1_53
                     ZeroWireload          tcbn28hpcplusbwp30p140lvttt0p8v25c
  mux_2x1_simple_seq_DATA_WIDTH32_COMMAND_WIDTH1_52
                     ZeroWireload          tcbn28hpcplusbwp30p140lvttt0p8v25c
  mux_2x1_simple_seq_DATA_WIDTH32_COMMAND_WIDTH1_51
                     ZeroWireload          tcbn28hpcplusbwp30p140lvttt0p8v25c
  mux_2x1_simple_seq_DATA_WIDTH32_COMMAND_WIDTH1_50
                     ZeroWireload          tcbn28hpcplusbwp30p140lvttt0p8v25c
  mux_2x1_simple_seq_DATA_WIDTH32_COMMAND_WIDTH1_49
                     ZeroWireload          tcbn28hpcplusbwp30p140lvttt0p8v25c
  mux_2x1_simple_seq_DATA_WIDTH32_COMMAND_WIDTH1_48
                     ZeroWireload          tcbn28hpcplusbwp30p140lvttt0p8v25c
  mux_2x1_simple_seq_DATA_WIDTH32_COMMAND_WIDTH1_47
                     ZeroWireload          tcbn28hpcplusbwp30p140lvttt0p8v25c
  mux_2x1_simple_seq_DATA_WIDTH32_COMMAND_WIDTH1_46
                     ZeroWireload          tcbn28hpcplusbwp30p140lvttt0p8v25c
  mux_2x1_simple_seq_DATA_WIDTH32_COMMAND_WIDTH1_45
                     ZeroWireload          tcbn28hpcplusbwp30p140lvttt0p8v25c
  mux_2x1_simple_seq_DATA_WIDTH32_COMMAND_WIDTH1_44
                     ZeroWireload          tcbn28hpcplusbwp30p140lvttt0p8v25c
  mux_2x1_simple_seq_DATA_WIDTH32_COMMAND_WIDTH1_43
                     ZeroWireload          tcbn28hpcplusbwp30p140lvttt0p8v25c
  mux_2x1_simple_seq_DATA_WIDTH32_COMMAND_WIDTH1_42
                     ZeroWireload          tcbn28hpcplusbwp30p140lvttt0p8v25c
  mux_2x1_simple_seq_DATA_WIDTH32_COMMAND_WIDTH1_41
                     ZeroWireload          tcbn28hpcplusbwp30p140lvttt0p8v25c
  mux_2x1_simple_seq_DATA_WIDTH32_COMMAND_WIDTH1_40
                     ZeroWireload          tcbn28hpcplusbwp30p140lvttt0p8v25c
  mux_2x1_simple_seq_DATA_WIDTH32_COMMAND_WIDTH1_39
                     ZeroWireload          tcbn28hpcplusbwp30p140lvttt0p8v25c
  mux_2x1_simple_seq_DATA_WIDTH32_COMMAND_WIDTH1_38
                     ZeroWireload          tcbn28hpcplusbwp30p140lvttt0p8v25c
  mux_2x1_simple_seq_DATA_WIDTH32_COMMAND_WIDTH1_37
                     ZeroWireload          tcbn28hpcplusbwp30p140lvttt0p8v25c
  mux_2x1_simple_seq_DATA_WIDTH32_COMMAND_WIDTH1_36
                     ZeroWireload          tcbn28hpcplusbwp30p140lvttt0p8v25c
  mux_2x1_simple_seq_DATA_WIDTH32_COMMAND_WIDTH1_35
                     ZeroWireload          tcbn28hpcplusbwp30p140lvttt0p8v25c
  mux_2x1_simple_seq_DATA_WIDTH32_COMMAND_WIDTH1_34
                     ZeroWireload          tcbn28hpcplusbwp30p140lvttt0p8v25c
  mux_2x1_simple_seq_DATA_WIDTH32_COMMAND_WIDTH1_33
                     ZeroWireload          tcbn28hpcplusbwp30p140lvttt0p8v25c
  mux_2x1_simple_seq_DATA_WIDTH32_COMMAND_WIDTH1_32
                     ZeroWireload          tcbn28hpcplusbwp30p140lvttt0p8v25c
  mux_2x1_simple_seq_DATA_WIDTH32_COMMAND_WIDTH1_31
                     ZeroWireload          tcbn28hpcplusbwp30p140lvttt0p8v25c
  mux_2x1_simple_seq_DATA_WIDTH32_COMMAND_WIDTH1_30
                     ZeroWireload          tcbn28hpcplusbwp30p140lvttt0p8v25c
  mux_2x1_simple_seq_DATA_WIDTH32_COMMAND_WIDTH1_29
                     ZeroWireload          tcbn28hpcplusbwp30p140lvttt0p8v25c
  mux_2x1_simple_seq_DATA_WIDTH32_COMMAND_WIDTH1_28
                     ZeroWireload          tcbn28hpcplusbwp30p140lvttt0p8v25c
  mux_2x1_simple_seq_DATA_WIDTH32_COMMAND_WIDTH1_27
                     ZeroWireload          tcbn28hpcplusbwp30p140lvttt0p8v25c
  mux_2x1_simple_seq_DATA_WIDTH32_COMMAND_WIDTH1_26
                     ZeroWireload          tcbn28hpcplusbwp30p140lvttt0p8v25c
  mux_2x1_simple_seq_DATA_WIDTH32_COMMAND_WIDTH1_25
                     ZeroWireload          tcbn28hpcplusbwp30p140lvttt0p8v25c
  mux_2x1_simple_seq_DATA_WIDTH32_COMMAND_WIDTH1_24
                     ZeroWireload          tcbn28hpcplusbwp30p140lvttt0p8v25c
  mux_2x1_simple_seq_DATA_WIDTH32_COMMAND_WIDTH1_23
                     ZeroWireload          tcbn28hpcplusbwp30p140lvttt0p8v25c
  mux_2x1_simple_seq_DATA_WIDTH32_COMMAND_WIDTH1_22
                     ZeroWireload          tcbn28hpcplusbwp30p140lvttt0p8v25c
  mux_2x1_simple_seq_DATA_WIDTH32_COMMAND_WIDTH1_21
                     ZeroWireload          tcbn28hpcplusbwp30p140lvttt0p8v25c
  mux_2x1_simple_seq_DATA_WIDTH32_COMMAND_WIDTH1_20
                     ZeroWireload          tcbn28hpcplusbwp30p140lvttt0p8v25c
  mux_2x1_simple_seq_DATA_WIDTH32_COMMAND_WIDTH1_19
                     ZeroWireload          tcbn28hpcplusbwp30p140lvttt0p8v25c
  mux_2x1_simple_seq_DATA_WIDTH32_COMMAND_WIDTH1_18
                     ZeroWireload          tcbn28hpcplusbwp30p140lvttt0p8v25c
  mux_2x1_simple_seq_DATA_WIDTH32_COMMAND_WIDTH1_17
                     ZeroWireload          tcbn28hpcplusbwp30p140lvttt0p8v25c
  mux_2x1_simple_seq_DATA_WIDTH32_COMMAND_WIDTH1_16
                     ZeroWireload          tcbn28hpcplusbwp30p140lvttt0p8v25c
  mux_2x1_simple_seq_DATA_WIDTH32_COMMAND_WIDTH1_15
                     ZeroWireload          tcbn28hpcplusbwp30p140lvttt0p8v25c
  mux_2x1_simple_seq_DATA_WIDTH32_COMMAND_WIDTH1_14
                     ZeroWireload          tcbn28hpcplusbwp30p140lvttt0p8v25c
  mux_2x1_simple_seq_DATA_WIDTH32_COMMAND_WIDTH1_13
                     ZeroWireload          tcbn28hpcplusbwp30p140lvttt0p8v25c
  mux_2x1_simple_seq_DATA_WIDTH32_COMMAND_WIDTH1_12
                     ZeroWireload          tcbn28hpcplusbwp30p140lvttt0p8v25c
  mux_2x1_simple_seq_DATA_WIDTH32_COMMAND_WIDTH1_11
                     ZeroWireload          tcbn28hpcplusbwp30p140lvttt0p8v25c
  mux_2x1_simple_seq_DATA_WIDTH32_COMMAND_WIDTH1_10
                     ZeroWireload          tcbn28hpcplusbwp30p140lvttt0p8v25c
  mux_2x1_simple_seq_DATA_WIDTH32_COMMAND_WIDTH1_9
                     ZeroWireload          tcbn28hpcplusbwp30p140lvttt0p8v25c
  mux_2x1_simple_seq_DATA_WIDTH32_COMMAND_WIDTH1_8
                     ZeroWireload          tcbn28hpcplusbwp30p140lvttt0p8v25c
  mux_2x1_simple_seq_DATA_WIDTH32_COMMAND_WIDTH1_7
                     ZeroWireload          tcbn28hpcplusbwp30p140lvttt0p8v25c
  mux_2x1_simple_seq_DATA_WIDTH32_COMMAND_WIDTH1_6
                     ZeroWireload          tcbn28hpcplusbwp30p140lvttt0p8v25c
  mux_2x1_simple_seq_DATA_WIDTH32_COMMAND_WIDTH1_5
                     ZeroWireload          tcbn28hpcplusbwp30p140lvttt0p8v25c
  mux_2x1_simple_seq_DATA_WIDTH32_COMMAND_WIDTH1_4
                     ZeroWireload          tcbn28hpcplusbwp30p140lvttt0p8v25c
  mux_2x1_simple_seq_DATA_WIDTH32_COMMAND_WIDTH1_3
                     ZeroWireload          tcbn28hpcplusbwp30p140lvttt0p8v25c
  mux_2x1_simple_seq_DATA_WIDTH32_COMMAND_WIDTH1_2
                     ZeroWireload          tcbn28hpcplusbwp30p140lvttt0p8v25c
  mux_2x1_simple_seq_DATA_WIDTH32_COMMAND_WIDTH1_1
                     ZeroWireload          tcbn28hpcplusbwp30p140lvttt0p8v25c
  merge_2x1_simple_seq_DATA_WIDTH32_COMMAND_WIDTH1_287
                     ZeroWireload          tcbn28hpcplusbwp30p140lvttt0p8v25c
  merge_2x1_simple_seq_DATA_WIDTH32_COMMAND_WIDTH1_286
                     ZeroWireload          tcbn28hpcplusbwp30p140lvttt0p8v25c
  merge_2x1_simple_seq_DATA_WIDTH32_COMMAND_WIDTH1_285
                     ZeroWireload          tcbn28hpcplusbwp30p140lvttt0p8v25c
  merge_2x1_simple_seq_DATA_WIDTH32_COMMAND_WIDTH1_284
                     ZeroWireload          tcbn28hpcplusbwp30p140lvttt0p8v25c
  merge_2x1_simple_seq_DATA_WIDTH32_COMMAND_WIDTH1_283
                     ZeroWireload          tcbn28hpcplusbwp30p140lvttt0p8v25c
  merge_2x1_simple_seq_DATA_WIDTH32_COMMAND_WIDTH1_282
                     ZeroWireload          tcbn28hpcplusbwp30p140lvttt0p8v25c
  merge_2x1_simple_seq_DATA_WIDTH32_COMMAND_WIDTH1_281
                     ZeroWireload          tcbn28hpcplusbwp30p140lvttt0p8v25c
  merge_2x1_simple_seq_DATA_WIDTH32_COMMAND_WIDTH1_280
                     ZeroWireload          tcbn28hpcplusbwp30p140lvttt0p8v25c
  merge_2x1_simple_seq_DATA_WIDTH32_COMMAND_WIDTH1_279
                     ZeroWireload          tcbn28hpcplusbwp30p140lvttt0p8v25c
  merge_2x1_simple_seq_DATA_WIDTH32_COMMAND_WIDTH1_278
                     ZeroWireload          tcbn28hpcplusbwp30p140lvttt0p8v25c
  merge_2x1_simple_seq_DATA_WIDTH32_COMMAND_WIDTH1_277
                     ZeroWireload          tcbn28hpcplusbwp30p140lvttt0p8v25c
  merge_2x1_simple_seq_DATA_WIDTH32_COMMAND_WIDTH1_276
                     ZeroWireload          tcbn28hpcplusbwp30p140lvttt0p8v25c
  merge_2x1_simple_seq_DATA_WIDTH32_COMMAND_WIDTH1_275
                     ZeroWireload          tcbn28hpcplusbwp30p140lvttt0p8v25c
  merge_2x1_simple_seq_DATA_WIDTH32_COMMAND_WIDTH1_274
                     ZeroWireload          tcbn28hpcplusbwp30p140lvttt0p8v25c
  merge_2x1_simple_seq_DATA_WIDTH32_COMMAND_WIDTH1_273
                     ZeroWireload          tcbn28hpcplusbwp30p140lvttt0p8v25c
  merge_2x1_simple_seq_DATA_WIDTH32_COMMAND_WIDTH1_272
                     ZeroWireload          tcbn28hpcplusbwp30p140lvttt0p8v25c
  merge_2x1_simple_seq_DATA_WIDTH32_COMMAND_WIDTH1_271
                     ZeroWireload          tcbn28hpcplusbwp30p140lvttt0p8v25c
  merge_2x1_simple_seq_DATA_WIDTH32_COMMAND_WIDTH1_270
                     ZeroWireload          tcbn28hpcplusbwp30p140lvttt0p8v25c
  merge_2x1_simple_seq_DATA_WIDTH32_COMMAND_WIDTH1_269
                     ZeroWireload          tcbn28hpcplusbwp30p140lvttt0p8v25c
  merge_2x1_simple_seq_DATA_WIDTH32_COMMAND_WIDTH1_268
                     ZeroWireload          tcbn28hpcplusbwp30p140lvttt0p8v25c
  merge_2x1_simple_seq_DATA_WIDTH32_COMMAND_WIDTH1_267
                     ZeroWireload          tcbn28hpcplusbwp30p140lvttt0p8v25c
  merge_2x1_simple_seq_DATA_WIDTH32_COMMAND_WIDTH1_266
                     ZeroWireload          tcbn28hpcplusbwp30p140lvttt0p8v25c
  merge_2x1_simple_seq_DATA_WIDTH32_COMMAND_WIDTH1_265
                     ZeroWireload          tcbn28hpcplusbwp30p140lvttt0p8v25c
  merge_2x1_simple_seq_DATA_WIDTH32_COMMAND_WIDTH1_264
                     ZeroWireload          tcbn28hpcplusbwp30p140lvttt0p8v25c
  merge_2x1_simple_seq_DATA_WIDTH32_COMMAND_WIDTH1_263
                     ZeroWireload          tcbn28hpcplusbwp30p140lvttt0p8v25c
  merge_2x1_simple_seq_DATA_WIDTH32_COMMAND_WIDTH1_262
                     ZeroWireload          tcbn28hpcplusbwp30p140lvttt0p8v25c
  merge_2x1_simple_seq_DATA_WIDTH32_COMMAND_WIDTH1_261
                     ZeroWireload          tcbn28hpcplusbwp30p140lvttt0p8v25c
  merge_2x1_simple_seq_DATA_WIDTH32_COMMAND_WIDTH1_260
                     ZeroWireload          tcbn28hpcplusbwp30p140lvttt0p8v25c
  merge_2x1_simple_seq_DATA_WIDTH32_COMMAND_WIDTH1_259
                     ZeroWireload          tcbn28hpcplusbwp30p140lvttt0p8v25c
  merge_2x1_simple_seq_DATA_WIDTH32_COMMAND_WIDTH1_258
                     ZeroWireload          tcbn28hpcplusbwp30p140lvttt0p8v25c
  merge_2x1_simple_seq_DATA_WIDTH32_COMMAND_WIDTH1_257
                     ZeroWireload          tcbn28hpcplusbwp30p140lvttt0p8v25c
  merge_2x1_simple_seq_DATA_WIDTH32_COMMAND_WIDTH1_256
                     ZeroWireload          tcbn28hpcplusbwp30p140lvttt0p8v25c
  merge_2x1_simple_seq_DATA_WIDTH32_COMMAND_WIDTH1_255
                     ZeroWireload          tcbn28hpcplusbwp30p140lvttt0p8v25c
  merge_2x1_simple_seq_DATA_WIDTH32_COMMAND_WIDTH1_254
                     ZeroWireload          tcbn28hpcplusbwp30p140lvttt0p8v25c
  merge_2x1_simple_seq_DATA_WIDTH32_COMMAND_WIDTH1_253
                     ZeroWireload          tcbn28hpcplusbwp30p140lvttt0p8v25c
  merge_2x1_simple_seq_DATA_WIDTH32_COMMAND_WIDTH1_252
                     ZeroWireload          tcbn28hpcplusbwp30p140lvttt0p8v25c
  merge_2x1_simple_seq_DATA_WIDTH32_COMMAND_WIDTH1_251
                     ZeroWireload          tcbn28hpcplusbwp30p140lvttt0p8v25c
  merge_2x1_simple_seq_DATA_WIDTH32_COMMAND_WIDTH1_250
                     ZeroWireload          tcbn28hpcplusbwp30p140lvttt0p8v25c
  merge_2x1_simple_seq_DATA_WIDTH32_COMMAND_WIDTH1_249
                     ZeroWireload          tcbn28hpcplusbwp30p140lvttt0p8v25c
  merge_2x1_simple_seq_DATA_WIDTH32_COMMAND_WIDTH1_248
                     ZeroWireload          tcbn28hpcplusbwp30p140lvttt0p8v25c
  merge_2x1_simple_seq_DATA_WIDTH32_COMMAND_WIDTH1_247
                     ZeroWireload          tcbn28hpcplusbwp30p140lvttt0p8v25c
  merge_2x1_simple_seq_DATA_WIDTH32_COMMAND_WIDTH1_246
                     ZeroWireload          tcbn28hpcplusbwp30p140lvttt0p8v25c
  merge_2x1_simple_seq_DATA_WIDTH32_COMMAND_WIDTH1_245
                     ZeroWireload          tcbn28hpcplusbwp30p140lvttt0p8v25c
  merge_2x1_simple_seq_DATA_WIDTH32_COMMAND_WIDTH1_244
                     ZeroWireload          tcbn28hpcplusbwp30p140lvttt0p8v25c
  merge_2x1_simple_seq_DATA_WIDTH32_COMMAND_WIDTH1_243
                     ZeroWireload          tcbn28hpcplusbwp30p140lvttt0p8v25c
  merge_2x1_simple_seq_DATA_WIDTH32_COMMAND_WIDTH1_242
                     ZeroWireload          tcbn28hpcplusbwp30p140lvttt0p8v25c
  merge_2x1_simple_seq_DATA_WIDTH32_COMMAND_WIDTH1_241
                     ZeroWireload          tcbn28hpcplusbwp30p140lvttt0p8v25c
  merge_2x1_simple_seq_DATA_WIDTH32_COMMAND_WIDTH1_240
                     ZeroWireload          tcbn28hpcplusbwp30p140lvttt0p8v25c
  merge_2x1_simple_seq_DATA_WIDTH32_COMMAND_WIDTH1_239
                     ZeroWireload          tcbn28hpcplusbwp30p140lvttt0p8v25c
  merge_2x1_simple_seq_DATA_WIDTH32_COMMAND_WIDTH1_238
                     ZeroWireload          tcbn28hpcplusbwp30p140lvttt0p8v25c
  merge_2x1_simple_seq_DATA_WIDTH32_COMMAND_WIDTH1_237
                     ZeroWireload          tcbn28hpcplusbwp30p140lvttt0p8v25c
  merge_2x1_simple_seq_DATA_WIDTH32_COMMAND_WIDTH1_236
                     ZeroWireload          tcbn28hpcplusbwp30p140lvttt0p8v25c
  merge_2x1_simple_seq_DATA_WIDTH32_COMMAND_WIDTH1_235
                     ZeroWireload          tcbn28hpcplusbwp30p140lvttt0p8v25c
  merge_2x1_simple_seq_DATA_WIDTH32_COMMAND_WIDTH1_234
                     ZeroWireload          tcbn28hpcplusbwp30p140lvttt0p8v25c
  merge_2x1_simple_seq_DATA_WIDTH32_COMMAND_WIDTH1_233
                     ZeroWireload          tcbn28hpcplusbwp30p140lvttt0p8v25c
  merge_2x1_simple_seq_DATA_WIDTH32_COMMAND_WIDTH1_232
                     ZeroWireload          tcbn28hpcplusbwp30p140lvttt0p8v25c
  merge_2x1_simple_seq_DATA_WIDTH32_COMMAND_WIDTH1_231
                     ZeroWireload          tcbn28hpcplusbwp30p140lvttt0p8v25c
  merge_2x1_simple_seq_DATA_WIDTH32_COMMAND_WIDTH1_230
                     ZeroWireload          tcbn28hpcplusbwp30p140lvttt0p8v25c
  merge_2x1_simple_seq_DATA_WIDTH32_COMMAND_WIDTH1_229
                     ZeroWireload          tcbn28hpcplusbwp30p140lvttt0p8v25c
  merge_2x1_simple_seq_DATA_WIDTH32_COMMAND_WIDTH1_228
                     ZeroWireload          tcbn28hpcplusbwp30p140lvttt0p8v25c
  merge_2x1_simple_seq_DATA_WIDTH32_COMMAND_WIDTH1_227
                     ZeroWireload          tcbn28hpcplusbwp30p140lvttt0p8v25c
  merge_2x1_simple_seq_DATA_WIDTH32_COMMAND_WIDTH1_226
                     ZeroWireload          tcbn28hpcplusbwp30p140lvttt0p8v25c
  merge_2x1_simple_seq_DATA_WIDTH32_COMMAND_WIDTH1_225
                     ZeroWireload          tcbn28hpcplusbwp30p140lvttt0p8v25c
  merge_2x1_simple_seq_DATA_WIDTH32_COMMAND_WIDTH1_224
                     ZeroWireload          tcbn28hpcplusbwp30p140lvttt0p8v25c
  merge_2x1_simple_seq_DATA_WIDTH32_COMMAND_WIDTH1_223
                     ZeroWireload          tcbn28hpcplusbwp30p140lvttt0p8v25c
  merge_2x1_simple_seq_DATA_WIDTH32_COMMAND_WIDTH1_222
                     ZeroWireload          tcbn28hpcplusbwp30p140lvttt0p8v25c
  merge_2x1_simple_seq_DATA_WIDTH32_COMMAND_WIDTH1_221
                     ZeroWireload          tcbn28hpcplusbwp30p140lvttt0p8v25c
  merge_2x1_simple_seq_DATA_WIDTH32_COMMAND_WIDTH1_220
                     ZeroWireload          tcbn28hpcplusbwp30p140lvttt0p8v25c
  merge_2x1_simple_seq_DATA_WIDTH32_COMMAND_WIDTH1_219
                     ZeroWireload          tcbn28hpcplusbwp30p140lvttt0p8v25c
  merge_2x1_simple_seq_DATA_WIDTH32_COMMAND_WIDTH1_218
                     ZeroWireload          tcbn28hpcplusbwp30p140lvttt0p8v25c
  merge_2x1_simple_seq_DATA_WIDTH32_COMMAND_WIDTH1_217
                     ZeroWireload          tcbn28hpcplusbwp30p140lvttt0p8v25c
  merge_2x1_simple_seq_DATA_WIDTH32_COMMAND_WIDTH1_216
                     ZeroWireload          tcbn28hpcplusbwp30p140lvttt0p8v25c
  merge_2x1_simple_seq_DATA_WIDTH32_COMMAND_WIDTH1_215
                     ZeroWireload          tcbn28hpcplusbwp30p140lvttt0p8v25c
  merge_2x1_simple_seq_DATA_WIDTH32_COMMAND_WIDTH1_214
                     ZeroWireload          tcbn28hpcplusbwp30p140lvttt0p8v25c
  merge_2x1_simple_seq_DATA_WIDTH32_COMMAND_WIDTH1_213
                     ZeroWireload          tcbn28hpcplusbwp30p140lvttt0p8v25c
  merge_2x1_simple_seq_DATA_WIDTH32_COMMAND_WIDTH1_212
                     ZeroWireload          tcbn28hpcplusbwp30p140lvttt0p8v25c
  merge_2x1_simple_seq_DATA_WIDTH32_COMMAND_WIDTH1_211
                     ZeroWireload          tcbn28hpcplusbwp30p140lvttt0p8v25c
  merge_2x1_simple_seq_DATA_WIDTH32_COMMAND_WIDTH1_210
                     ZeroWireload          tcbn28hpcplusbwp30p140lvttt0p8v25c
  merge_2x1_simple_seq_DATA_WIDTH32_COMMAND_WIDTH1_209
                     ZeroWireload          tcbn28hpcplusbwp30p140lvttt0p8v25c
  merge_2x1_simple_seq_DATA_WIDTH32_COMMAND_WIDTH1_208
                     ZeroWireload          tcbn28hpcplusbwp30p140lvttt0p8v25c
  merge_2x1_simple_seq_DATA_WIDTH32_COMMAND_WIDTH1_207
                     ZeroWireload          tcbn28hpcplusbwp30p140lvttt0p8v25c
  merge_2x1_simple_seq_DATA_WIDTH32_COMMAND_WIDTH1_206
                     ZeroWireload          tcbn28hpcplusbwp30p140lvttt0p8v25c
  merge_2x1_simple_seq_DATA_WIDTH32_COMMAND_WIDTH1_205
                     ZeroWireload          tcbn28hpcplusbwp30p140lvttt0p8v25c
  merge_2x1_simple_seq_DATA_WIDTH32_COMMAND_WIDTH1_204
                     ZeroWireload          tcbn28hpcplusbwp30p140lvttt0p8v25c
  merge_2x1_simple_seq_DATA_WIDTH32_COMMAND_WIDTH1_203
                     ZeroWireload          tcbn28hpcplusbwp30p140lvttt0p8v25c
  merge_2x1_simple_seq_DATA_WIDTH32_COMMAND_WIDTH1_202
                     ZeroWireload          tcbn28hpcplusbwp30p140lvttt0p8v25c
  merge_2x1_simple_seq_DATA_WIDTH32_COMMAND_WIDTH1_201
                     ZeroWireload          tcbn28hpcplusbwp30p140lvttt0p8v25c
  merge_2x1_simple_seq_DATA_WIDTH32_COMMAND_WIDTH1_200
                     ZeroWireload          tcbn28hpcplusbwp30p140lvttt0p8v25c
  merge_2x1_simple_seq_DATA_WIDTH32_COMMAND_WIDTH1_199
                     ZeroWireload          tcbn28hpcplusbwp30p140lvttt0p8v25c
  merge_2x1_simple_seq_DATA_WIDTH32_COMMAND_WIDTH1_198
                     ZeroWireload          tcbn28hpcplusbwp30p140lvttt0p8v25c
  merge_2x1_simple_seq_DATA_WIDTH32_COMMAND_WIDTH1_197
                     ZeroWireload          tcbn28hpcplusbwp30p140lvttt0p8v25c
  merge_2x1_simple_seq_DATA_WIDTH32_COMMAND_WIDTH1_196
                     ZeroWireload          tcbn28hpcplusbwp30p140lvttt0p8v25c
  merge_2x1_simple_seq_DATA_WIDTH32_COMMAND_WIDTH1_195
                     ZeroWireload          tcbn28hpcplusbwp30p140lvttt0p8v25c
  merge_2x1_simple_seq_DATA_WIDTH32_COMMAND_WIDTH1_194
                     ZeroWireload          tcbn28hpcplusbwp30p140lvttt0p8v25c
  merge_2x1_simple_seq_DATA_WIDTH32_COMMAND_WIDTH1_193
                     ZeroWireload          tcbn28hpcplusbwp30p140lvttt0p8v25c
  merge_2x1_simple_seq_DATA_WIDTH32_COMMAND_WIDTH1_192
                     ZeroWireload          tcbn28hpcplusbwp30p140lvttt0p8v25c
  merge_2x1_simple_seq_DATA_WIDTH32_COMMAND_WIDTH1_191
                     ZeroWireload          tcbn28hpcplusbwp30p140lvttt0p8v25c
  merge_2x1_simple_seq_DATA_WIDTH32_COMMAND_WIDTH1_190
                     ZeroWireload          tcbn28hpcplusbwp30p140lvttt0p8v25c
  merge_2x1_simple_seq_DATA_WIDTH32_COMMAND_WIDTH1_189
                     ZeroWireload          tcbn28hpcplusbwp30p140lvttt0p8v25c
  merge_2x1_simple_seq_DATA_WIDTH32_COMMAND_WIDTH1_188
                     ZeroWireload          tcbn28hpcplusbwp30p140lvttt0p8v25c
  merge_2x1_simple_seq_DATA_WIDTH32_COMMAND_WIDTH1_187
                     ZeroWireload          tcbn28hpcplusbwp30p140lvttt0p8v25c
  merge_2x1_simple_seq_DATA_WIDTH32_COMMAND_WIDTH1_186
                     ZeroWireload          tcbn28hpcplusbwp30p140lvttt0p8v25c
  merge_2x1_simple_seq_DATA_WIDTH32_COMMAND_WIDTH1_185
                     ZeroWireload          tcbn28hpcplusbwp30p140lvttt0p8v25c
  merge_2x1_simple_seq_DATA_WIDTH32_COMMAND_WIDTH1_184
                     ZeroWireload          tcbn28hpcplusbwp30p140lvttt0p8v25c
  merge_2x1_simple_seq_DATA_WIDTH32_COMMAND_WIDTH1_183
                     ZeroWireload          tcbn28hpcplusbwp30p140lvttt0p8v25c
  merge_2x1_simple_seq_DATA_WIDTH32_COMMAND_WIDTH1_182
                     ZeroWireload          tcbn28hpcplusbwp30p140lvttt0p8v25c
  merge_2x1_simple_seq_DATA_WIDTH32_COMMAND_WIDTH1_181
                     ZeroWireload          tcbn28hpcplusbwp30p140lvttt0p8v25c
  merge_2x1_simple_seq_DATA_WIDTH32_COMMAND_WIDTH1_180
                     ZeroWireload          tcbn28hpcplusbwp30p140lvttt0p8v25c
  merge_2x1_simple_seq_DATA_WIDTH32_COMMAND_WIDTH1_179
                     ZeroWireload          tcbn28hpcplusbwp30p140lvttt0p8v25c
  merge_2x1_simple_seq_DATA_WIDTH32_COMMAND_WIDTH1_178
                     ZeroWireload          tcbn28hpcplusbwp30p140lvttt0p8v25c
  merge_2x1_simple_seq_DATA_WIDTH32_COMMAND_WIDTH1_177
                     ZeroWireload          tcbn28hpcplusbwp30p140lvttt0p8v25c
  merge_2x1_simple_seq_DATA_WIDTH32_COMMAND_WIDTH1_176
                     ZeroWireload          tcbn28hpcplusbwp30p140lvttt0p8v25c
  merge_2x1_simple_seq_DATA_WIDTH32_COMMAND_WIDTH1_175
                     ZeroWireload          tcbn28hpcplusbwp30p140lvttt0p8v25c
  merge_2x1_simple_seq_DATA_WIDTH32_COMMAND_WIDTH1_174
                     ZeroWireload          tcbn28hpcplusbwp30p140lvttt0p8v25c
  merge_2x1_simple_seq_DATA_WIDTH32_COMMAND_WIDTH1_173
                     ZeroWireload          tcbn28hpcplusbwp30p140lvttt0p8v25c
  merge_2x1_simple_seq_DATA_WIDTH32_COMMAND_WIDTH1_172
                     ZeroWireload          tcbn28hpcplusbwp30p140lvttt0p8v25c
  merge_2x1_simple_seq_DATA_WIDTH32_COMMAND_WIDTH1_171
                     ZeroWireload          tcbn28hpcplusbwp30p140lvttt0p8v25c
  merge_2x1_simple_seq_DATA_WIDTH32_COMMAND_WIDTH1_170
                     ZeroWireload          tcbn28hpcplusbwp30p140lvttt0p8v25c
  merge_2x1_simple_seq_DATA_WIDTH32_COMMAND_WIDTH1_169
                     ZeroWireload          tcbn28hpcplusbwp30p140lvttt0p8v25c
  merge_2x1_simple_seq_DATA_WIDTH32_COMMAND_WIDTH1_168
                     ZeroWireload          tcbn28hpcplusbwp30p140lvttt0p8v25c
  merge_2x1_simple_seq_DATA_WIDTH32_COMMAND_WIDTH1_167
                     ZeroWireload          tcbn28hpcplusbwp30p140lvttt0p8v25c
  merge_2x1_simple_seq_DATA_WIDTH32_COMMAND_WIDTH1_166
                     ZeroWireload          tcbn28hpcplusbwp30p140lvttt0p8v25c
  merge_2x1_simple_seq_DATA_WIDTH32_COMMAND_WIDTH1_165
                     ZeroWireload          tcbn28hpcplusbwp30p140lvttt0p8v25c
  merge_2x1_simple_seq_DATA_WIDTH32_COMMAND_WIDTH1_164
                     ZeroWireload          tcbn28hpcplusbwp30p140lvttt0p8v25c
  merge_2x1_simple_seq_DATA_WIDTH32_COMMAND_WIDTH1_163
                     ZeroWireload          tcbn28hpcplusbwp30p140lvttt0p8v25c
  merge_2x1_simple_seq_DATA_WIDTH32_COMMAND_WIDTH1_162
                     ZeroWireload          tcbn28hpcplusbwp30p140lvttt0p8v25c
  merge_2x1_simple_seq_DATA_WIDTH32_COMMAND_WIDTH1_161
                     ZeroWireload          tcbn28hpcplusbwp30p140lvttt0p8v25c
  merge_2x1_simple_seq_DATA_WIDTH32_COMMAND_WIDTH1_160
                     ZeroWireload          tcbn28hpcplusbwp30p140lvttt0p8v25c
  merge_2x1_simple_seq_DATA_WIDTH32_COMMAND_WIDTH1_159
                     ZeroWireload          tcbn28hpcplusbwp30p140lvttt0p8v25c
  merge_2x1_simple_seq_DATA_WIDTH32_COMMAND_WIDTH1_158
                     ZeroWireload          tcbn28hpcplusbwp30p140lvttt0p8v25c
  merge_2x1_simple_seq_DATA_WIDTH32_COMMAND_WIDTH1_157
                     ZeroWireload          tcbn28hpcplusbwp30p140lvttt0p8v25c
  merge_2x1_simple_seq_DATA_WIDTH32_COMMAND_WIDTH1_156
                     ZeroWireload          tcbn28hpcplusbwp30p140lvttt0p8v25c
  merge_2x1_simple_seq_DATA_WIDTH32_COMMAND_WIDTH1_155
                     ZeroWireload          tcbn28hpcplusbwp30p140lvttt0p8v25c
  merge_2x1_simple_seq_DATA_WIDTH32_COMMAND_WIDTH1_154
                     ZeroWireload          tcbn28hpcplusbwp30p140lvttt0p8v25c
  merge_2x1_simple_seq_DATA_WIDTH32_COMMAND_WIDTH1_153
                     ZeroWireload          tcbn28hpcplusbwp30p140lvttt0p8v25c
  merge_2x1_simple_seq_DATA_WIDTH32_COMMAND_WIDTH1_152
                     ZeroWireload          tcbn28hpcplusbwp30p140lvttt0p8v25c
  merge_2x1_simple_seq_DATA_WIDTH32_COMMAND_WIDTH1_151
                     ZeroWireload          tcbn28hpcplusbwp30p140lvttt0p8v25c
  merge_2x1_simple_seq_DATA_WIDTH32_COMMAND_WIDTH1_150
                     ZeroWireload          tcbn28hpcplusbwp30p140lvttt0p8v25c
  merge_2x1_simple_seq_DATA_WIDTH32_COMMAND_WIDTH1_149
                     ZeroWireload          tcbn28hpcplusbwp30p140lvttt0p8v25c
  merge_2x1_simple_seq_DATA_WIDTH32_COMMAND_WIDTH1_148
                     ZeroWireload          tcbn28hpcplusbwp30p140lvttt0p8v25c
  merge_2x1_simple_seq_DATA_WIDTH32_COMMAND_WIDTH1_147
                     ZeroWireload          tcbn28hpcplusbwp30p140lvttt0p8v25c
  merge_2x1_simple_seq_DATA_WIDTH32_COMMAND_WIDTH1_146
                     ZeroWireload          tcbn28hpcplusbwp30p140lvttt0p8v25c
  merge_2x1_simple_seq_DATA_WIDTH32_COMMAND_WIDTH1_145
                     ZeroWireload          tcbn28hpcplusbwp30p140lvttt0p8v25c
  merge_2x1_simple_seq_DATA_WIDTH32_COMMAND_WIDTH1_144
                     ZeroWireload          tcbn28hpcplusbwp30p140lvttt0p8v25c
  merge_2x1_simple_seq_DATA_WIDTH32_COMMAND_WIDTH1_143
                     ZeroWireload          tcbn28hpcplusbwp30p140lvttt0p8v25c
  merge_2x1_simple_seq_DATA_WIDTH32_COMMAND_WIDTH1_142
                     ZeroWireload          tcbn28hpcplusbwp30p140lvttt0p8v25c
  merge_2x1_simple_seq_DATA_WIDTH32_COMMAND_WIDTH1_141
                     ZeroWireload          tcbn28hpcplusbwp30p140lvttt0p8v25c
  merge_2x1_simple_seq_DATA_WIDTH32_COMMAND_WIDTH1_140
                     ZeroWireload          tcbn28hpcplusbwp30p140lvttt0p8v25c
  merge_2x1_simple_seq_DATA_WIDTH32_COMMAND_WIDTH1_139
                     ZeroWireload          tcbn28hpcplusbwp30p140lvttt0p8v25c
  merge_2x1_simple_seq_DATA_WIDTH32_COMMAND_WIDTH1_138
                     ZeroWireload          tcbn28hpcplusbwp30p140lvttt0p8v25c
  merge_2x1_simple_seq_DATA_WIDTH32_COMMAND_WIDTH1_137
                     ZeroWireload          tcbn28hpcplusbwp30p140lvttt0p8v25c
  merge_2x1_simple_seq_DATA_WIDTH32_COMMAND_WIDTH1_136
                     ZeroWireload          tcbn28hpcplusbwp30p140lvttt0p8v25c
  merge_2x1_simple_seq_DATA_WIDTH32_COMMAND_WIDTH1_135
                     ZeroWireload          tcbn28hpcplusbwp30p140lvttt0p8v25c
  merge_2x1_simple_seq_DATA_WIDTH32_COMMAND_WIDTH1_134
                     ZeroWireload          tcbn28hpcplusbwp30p140lvttt0p8v25c
  merge_2x1_simple_seq_DATA_WIDTH32_COMMAND_WIDTH1_133
                     ZeroWireload          tcbn28hpcplusbwp30p140lvttt0p8v25c
  merge_2x1_simple_seq_DATA_WIDTH32_COMMAND_WIDTH1_132
                     ZeroWireload          tcbn28hpcplusbwp30p140lvttt0p8v25c
  merge_2x1_simple_seq_DATA_WIDTH32_COMMAND_WIDTH1_131
                     ZeroWireload          tcbn28hpcplusbwp30p140lvttt0p8v25c
  merge_2x1_simple_seq_DATA_WIDTH32_COMMAND_WIDTH1_130
                     ZeroWireload          tcbn28hpcplusbwp30p140lvttt0p8v25c
  merge_2x1_simple_seq_DATA_WIDTH32_COMMAND_WIDTH1_129
                     ZeroWireload          tcbn28hpcplusbwp30p140lvttt0p8v25c
  merge_2x1_simple_seq_DATA_WIDTH32_COMMAND_WIDTH1_128
                     ZeroWireload          tcbn28hpcplusbwp30p140lvttt0p8v25c
  merge_2x1_simple_seq_DATA_WIDTH32_COMMAND_WIDTH1_127
                     ZeroWireload          tcbn28hpcplusbwp30p140lvttt0p8v25c
  merge_2x1_simple_seq_DATA_WIDTH32_COMMAND_WIDTH1_126
                     ZeroWireload          tcbn28hpcplusbwp30p140lvttt0p8v25c
  merge_2x1_simple_seq_DATA_WIDTH32_COMMAND_WIDTH1_125
                     ZeroWireload          tcbn28hpcplusbwp30p140lvttt0p8v25c
  merge_2x1_simple_seq_DATA_WIDTH32_COMMAND_WIDTH1_124
                     ZeroWireload          tcbn28hpcplusbwp30p140lvttt0p8v25c
  merge_2x1_simple_seq_DATA_WIDTH32_COMMAND_WIDTH1_123
                     ZeroWireload          tcbn28hpcplusbwp30p140lvttt0p8v25c
  merge_2x1_simple_seq_DATA_WIDTH32_COMMAND_WIDTH1_122
                     ZeroWireload          tcbn28hpcplusbwp30p140lvttt0p8v25c
  merge_2x1_simple_seq_DATA_WIDTH32_COMMAND_WIDTH1_121
                     ZeroWireload          tcbn28hpcplusbwp30p140lvttt0p8v25c
  merge_2x1_simple_seq_DATA_WIDTH32_COMMAND_WIDTH1_120
                     ZeroWireload          tcbn28hpcplusbwp30p140lvttt0p8v25c
  merge_2x1_simple_seq_DATA_WIDTH32_COMMAND_WIDTH1_119
                     ZeroWireload          tcbn28hpcplusbwp30p140lvttt0p8v25c
  merge_2x1_simple_seq_DATA_WIDTH32_COMMAND_WIDTH1_118
                     ZeroWireload          tcbn28hpcplusbwp30p140lvttt0p8v25c
  merge_2x1_simple_seq_DATA_WIDTH32_COMMAND_WIDTH1_117
                     ZeroWireload          tcbn28hpcplusbwp30p140lvttt0p8v25c
  merge_2x1_simple_seq_DATA_WIDTH32_COMMAND_WIDTH1_116
                     ZeroWireload          tcbn28hpcplusbwp30p140lvttt0p8v25c
  merge_2x1_simple_seq_DATA_WIDTH32_COMMAND_WIDTH1_115
                     ZeroWireload          tcbn28hpcplusbwp30p140lvttt0p8v25c
  merge_2x1_simple_seq_DATA_WIDTH32_COMMAND_WIDTH1_114
                     ZeroWireload          tcbn28hpcplusbwp30p140lvttt0p8v25c
  merge_2x1_simple_seq_DATA_WIDTH32_COMMAND_WIDTH1_113
                     ZeroWireload          tcbn28hpcplusbwp30p140lvttt0p8v25c
  merge_2x1_simple_seq_DATA_WIDTH32_COMMAND_WIDTH1_112
                     ZeroWireload          tcbn28hpcplusbwp30p140lvttt0p8v25c
  merge_2x1_simple_seq_DATA_WIDTH32_COMMAND_WIDTH1_111
                     ZeroWireload          tcbn28hpcplusbwp30p140lvttt0p8v25c
  merge_2x1_simple_seq_DATA_WIDTH32_COMMAND_WIDTH1_110
                     ZeroWireload          tcbn28hpcplusbwp30p140lvttt0p8v25c
  merge_2x1_simple_seq_DATA_WIDTH32_COMMAND_WIDTH1_109
                     ZeroWireload          tcbn28hpcplusbwp30p140lvttt0p8v25c
  merge_2x1_simple_seq_DATA_WIDTH32_COMMAND_WIDTH1_108
                     ZeroWireload          tcbn28hpcplusbwp30p140lvttt0p8v25c
  merge_2x1_simple_seq_DATA_WIDTH32_COMMAND_WIDTH1_107
                     ZeroWireload          tcbn28hpcplusbwp30p140lvttt0p8v25c
  merge_2x1_simple_seq_DATA_WIDTH32_COMMAND_WIDTH1_106
                     ZeroWireload          tcbn28hpcplusbwp30p140lvttt0p8v25c
  merge_2x1_simple_seq_DATA_WIDTH32_COMMAND_WIDTH1_105
                     ZeroWireload          tcbn28hpcplusbwp30p140lvttt0p8v25c
  merge_2x1_simple_seq_DATA_WIDTH32_COMMAND_WIDTH1_104
                     ZeroWireload          tcbn28hpcplusbwp30p140lvttt0p8v25c
  merge_2x1_simple_seq_DATA_WIDTH32_COMMAND_WIDTH1_103
                     ZeroWireload          tcbn28hpcplusbwp30p140lvttt0p8v25c
  merge_2x1_simple_seq_DATA_WIDTH32_COMMAND_WIDTH1_102
                     ZeroWireload          tcbn28hpcplusbwp30p140lvttt0p8v25c
  merge_2x1_simple_seq_DATA_WIDTH32_COMMAND_WIDTH1_101
                     ZeroWireload          tcbn28hpcplusbwp30p140lvttt0p8v25c
  merge_2x1_simple_seq_DATA_WIDTH32_COMMAND_WIDTH1_100
                     ZeroWireload          tcbn28hpcplusbwp30p140lvttt0p8v25c
  merge_2x1_simple_seq_DATA_WIDTH32_COMMAND_WIDTH1_99
                     ZeroWireload          tcbn28hpcplusbwp30p140lvttt0p8v25c
  merge_2x1_simple_seq_DATA_WIDTH32_COMMAND_WIDTH1_98
                     ZeroWireload          tcbn28hpcplusbwp30p140lvttt0p8v25c
  merge_2x1_simple_seq_DATA_WIDTH32_COMMAND_WIDTH1_97
                     ZeroWireload          tcbn28hpcplusbwp30p140lvttt0p8v25c
  merge_2x1_simple_seq_DATA_WIDTH32_COMMAND_WIDTH1_96
                     ZeroWireload          tcbn28hpcplusbwp30p140lvttt0p8v25c
  merge_2x1_simple_seq_DATA_WIDTH32_COMMAND_WIDTH1_95
                     ZeroWireload          tcbn28hpcplusbwp30p140lvttt0p8v25c
  merge_2x1_simple_seq_DATA_WIDTH32_COMMAND_WIDTH1_94
                     ZeroWireload          tcbn28hpcplusbwp30p140lvttt0p8v25c
  merge_2x1_simple_seq_DATA_WIDTH32_COMMAND_WIDTH1_93
                     ZeroWireload          tcbn28hpcplusbwp30p140lvttt0p8v25c
  merge_2x1_simple_seq_DATA_WIDTH32_COMMAND_WIDTH1_92
                     ZeroWireload          tcbn28hpcplusbwp30p140lvttt0p8v25c
  merge_2x1_simple_seq_DATA_WIDTH32_COMMAND_WIDTH1_91
                     ZeroWireload          tcbn28hpcplusbwp30p140lvttt0p8v25c
  merge_2x1_simple_seq_DATA_WIDTH32_COMMAND_WIDTH1_90
                     ZeroWireload          tcbn28hpcplusbwp30p140lvttt0p8v25c
  merge_2x1_simple_seq_DATA_WIDTH32_COMMAND_WIDTH1_89
                     ZeroWireload          tcbn28hpcplusbwp30p140lvttt0p8v25c
  merge_2x1_simple_seq_DATA_WIDTH32_COMMAND_WIDTH1_88
                     ZeroWireload          tcbn28hpcplusbwp30p140lvttt0p8v25c
  merge_2x1_simple_seq_DATA_WIDTH32_COMMAND_WIDTH1_87
                     ZeroWireload          tcbn28hpcplusbwp30p140lvttt0p8v25c
  merge_2x1_simple_seq_DATA_WIDTH32_COMMAND_WIDTH1_86
                     ZeroWireload          tcbn28hpcplusbwp30p140lvttt0p8v25c
  merge_2x1_simple_seq_DATA_WIDTH32_COMMAND_WIDTH1_85
                     ZeroWireload          tcbn28hpcplusbwp30p140lvttt0p8v25c
  merge_2x1_simple_seq_DATA_WIDTH32_COMMAND_WIDTH1_84
                     ZeroWireload          tcbn28hpcplusbwp30p140lvttt0p8v25c
  merge_2x1_simple_seq_DATA_WIDTH32_COMMAND_WIDTH1_83
                     ZeroWireload          tcbn28hpcplusbwp30p140lvttt0p8v25c
  merge_2x1_simple_seq_DATA_WIDTH32_COMMAND_WIDTH1_82
                     ZeroWireload          tcbn28hpcplusbwp30p140lvttt0p8v25c
  merge_2x1_simple_seq_DATA_WIDTH32_COMMAND_WIDTH1_81
                     ZeroWireload          tcbn28hpcplusbwp30p140lvttt0p8v25c
  merge_2x1_simple_seq_DATA_WIDTH32_COMMAND_WIDTH1_80
                     ZeroWireload          tcbn28hpcplusbwp30p140lvttt0p8v25c
  merge_2x1_simple_seq_DATA_WIDTH32_COMMAND_WIDTH1_79
                     ZeroWireload          tcbn28hpcplusbwp30p140lvttt0p8v25c
  merge_2x1_simple_seq_DATA_WIDTH32_COMMAND_WIDTH1_78
                     ZeroWireload          tcbn28hpcplusbwp30p140lvttt0p8v25c
  merge_2x1_simple_seq_DATA_WIDTH32_COMMAND_WIDTH1_77
                     ZeroWireload          tcbn28hpcplusbwp30p140lvttt0p8v25c
  merge_2x1_simple_seq_DATA_WIDTH32_COMMAND_WIDTH1_76
                     ZeroWireload          tcbn28hpcplusbwp30p140lvttt0p8v25c
  merge_2x1_simple_seq_DATA_WIDTH32_COMMAND_WIDTH1_75
                     ZeroWireload          tcbn28hpcplusbwp30p140lvttt0p8v25c
  merge_2x1_simple_seq_DATA_WIDTH32_COMMAND_WIDTH1_74
                     ZeroWireload          tcbn28hpcplusbwp30p140lvttt0p8v25c
  merge_2x1_simple_seq_DATA_WIDTH32_COMMAND_WIDTH1_73
                     ZeroWireload          tcbn28hpcplusbwp30p140lvttt0p8v25c
  merge_2x1_simple_seq_DATA_WIDTH32_COMMAND_WIDTH1_72
                     ZeroWireload          tcbn28hpcplusbwp30p140lvttt0p8v25c
  merge_2x1_simple_seq_DATA_WIDTH32_COMMAND_WIDTH1_71
                     ZeroWireload          tcbn28hpcplusbwp30p140lvttt0p8v25c
  merge_2x1_simple_seq_DATA_WIDTH32_COMMAND_WIDTH1_70
                     ZeroWireload          tcbn28hpcplusbwp30p140lvttt0p8v25c
  merge_2x1_simple_seq_DATA_WIDTH32_COMMAND_WIDTH1_69
                     ZeroWireload          tcbn28hpcplusbwp30p140lvttt0p8v25c
  merge_2x1_simple_seq_DATA_WIDTH32_COMMAND_WIDTH1_68
                     ZeroWireload          tcbn28hpcplusbwp30p140lvttt0p8v25c
  merge_2x1_simple_seq_DATA_WIDTH32_COMMAND_WIDTH1_67
                     ZeroWireload          tcbn28hpcplusbwp30p140lvttt0p8v25c
  merge_2x1_simple_seq_DATA_WIDTH32_COMMAND_WIDTH1_66
                     ZeroWireload          tcbn28hpcplusbwp30p140lvttt0p8v25c
  merge_2x1_simple_seq_DATA_WIDTH32_COMMAND_WIDTH1_65
                     ZeroWireload          tcbn28hpcplusbwp30p140lvttt0p8v25c
  merge_2x1_simple_seq_DATA_WIDTH32_COMMAND_WIDTH1_64
                     ZeroWireload          tcbn28hpcplusbwp30p140lvttt0p8v25c
  merge_2x1_simple_seq_DATA_WIDTH32_COMMAND_WIDTH1_63
                     ZeroWireload          tcbn28hpcplusbwp30p140lvttt0p8v25c
  merge_2x1_simple_seq_DATA_WIDTH32_COMMAND_WIDTH1_62
                     ZeroWireload          tcbn28hpcplusbwp30p140lvttt0p8v25c
  merge_2x1_simple_seq_DATA_WIDTH32_COMMAND_WIDTH1_61
                     ZeroWireload          tcbn28hpcplusbwp30p140lvttt0p8v25c
  merge_2x1_simple_seq_DATA_WIDTH32_COMMAND_WIDTH1_60
                     ZeroWireload          tcbn28hpcplusbwp30p140lvttt0p8v25c
  merge_2x1_simple_seq_DATA_WIDTH32_COMMAND_WIDTH1_59
                     ZeroWireload          tcbn28hpcplusbwp30p140lvttt0p8v25c
  merge_2x1_simple_seq_DATA_WIDTH32_COMMAND_WIDTH1_58
                     ZeroWireload          tcbn28hpcplusbwp30p140lvttt0p8v25c
  merge_2x1_simple_seq_DATA_WIDTH32_COMMAND_WIDTH1_57
                     ZeroWireload          tcbn28hpcplusbwp30p140lvttt0p8v25c
  merge_2x1_simple_seq_DATA_WIDTH32_COMMAND_WIDTH1_56
                     ZeroWireload          tcbn28hpcplusbwp30p140lvttt0p8v25c
  merge_2x1_simple_seq_DATA_WIDTH32_COMMAND_WIDTH1_55
                     ZeroWireload          tcbn28hpcplusbwp30p140lvttt0p8v25c
  merge_2x1_simple_seq_DATA_WIDTH32_COMMAND_WIDTH1_54
                     ZeroWireload          tcbn28hpcplusbwp30p140lvttt0p8v25c
  merge_2x1_simple_seq_DATA_WIDTH32_COMMAND_WIDTH1_53
                     ZeroWireload          tcbn28hpcplusbwp30p140lvttt0p8v25c
  merge_2x1_simple_seq_DATA_WIDTH32_COMMAND_WIDTH1_52
                     ZeroWireload          tcbn28hpcplusbwp30p140lvttt0p8v25c
  merge_2x1_simple_seq_DATA_WIDTH32_COMMAND_WIDTH1_51
                     ZeroWireload          tcbn28hpcplusbwp30p140lvttt0p8v25c
  merge_2x1_simple_seq_DATA_WIDTH32_COMMAND_WIDTH1_50
                     ZeroWireload          tcbn28hpcplusbwp30p140lvttt0p8v25c
  merge_2x1_simple_seq_DATA_WIDTH32_COMMAND_WIDTH1_49
                     ZeroWireload          tcbn28hpcplusbwp30p140lvttt0p8v25c
  merge_2x1_simple_seq_DATA_WIDTH32_COMMAND_WIDTH1_48
                     ZeroWireload          tcbn28hpcplusbwp30p140lvttt0p8v25c
  merge_2x1_simple_seq_DATA_WIDTH32_COMMAND_WIDTH1_47
                     ZeroWireload          tcbn28hpcplusbwp30p140lvttt0p8v25c
  merge_2x1_simple_seq_DATA_WIDTH32_COMMAND_WIDTH1_46
                     ZeroWireload          tcbn28hpcplusbwp30p140lvttt0p8v25c
  merge_2x1_simple_seq_DATA_WIDTH32_COMMAND_WIDTH1_45
                     ZeroWireload          tcbn28hpcplusbwp30p140lvttt0p8v25c
  merge_2x1_simple_seq_DATA_WIDTH32_COMMAND_WIDTH1_44
                     ZeroWireload          tcbn28hpcplusbwp30p140lvttt0p8v25c
  merge_2x1_simple_seq_DATA_WIDTH32_COMMAND_WIDTH1_43
                     ZeroWireload          tcbn28hpcplusbwp30p140lvttt0p8v25c
  merge_2x1_simple_seq_DATA_WIDTH32_COMMAND_WIDTH1_42
                     ZeroWireload          tcbn28hpcplusbwp30p140lvttt0p8v25c
  merge_2x1_simple_seq_DATA_WIDTH32_COMMAND_WIDTH1_41
                     ZeroWireload          tcbn28hpcplusbwp30p140lvttt0p8v25c
  merge_2x1_simple_seq_DATA_WIDTH32_COMMAND_WIDTH1_40
                     ZeroWireload          tcbn28hpcplusbwp30p140lvttt0p8v25c
  merge_2x1_simple_seq_DATA_WIDTH32_COMMAND_WIDTH1_39
                     ZeroWireload          tcbn28hpcplusbwp30p140lvttt0p8v25c
  merge_2x1_simple_seq_DATA_WIDTH32_COMMAND_WIDTH1_38
                     ZeroWireload          tcbn28hpcplusbwp30p140lvttt0p8v25c
  merge_2x1_simple_seq_DATA_WIDTH32_COMMAND_WIDTH1_37
                     ZeroWireload          tcbn28hpcplusbwp30p140lvttt0p8v25c
  merge_2x1_simple_seq_DATA_WIDTH32_COMMAND_WIDTH1_36
                     ZeroWireload          tcbn28hpcplusbwp30p140lvttt0p8v25c
  merge_2x1_simple_seq_DATA_WIDTH32_COMMAND_WIDTH1_35
                     ZeroWireload          tcbn28hpcplusbwp30p140lvttt0p8v25c
  merge_2x1_simple_seq_DATA_WIDTH32_COMMAND_WIDTH1_34
                     ZeroWireload          tcbn28hpcplusbwp30p140lvttt0p8v25c
  merge_2x1_simple_seq_DATA_WIDTH32_COMMAND_WIDTH1_33
                     ZeroWireload          tcbn28hpcplusbwp30p140lvttt0p8v25c
  merge_2x1_simple_seq_DATA_WIDTH32_COMMAND_WIDTH1_32
                     ZeroWireload          tcbn28hpcplusbwp30p140lvttt0p8v25c
  merge_2x1_simple_seq_DATA_WIDTH32_COMMAND_WIDTH1_31
                     ZeroWireload          tcbn28hpcplusbwp30p140lvttt0p8v25c
  merge_2x1_simple_seq_DATA_WIDTH32_COMMAND_WIDTH1_30
                     ZeroWireload          tcbn28hpcplusbwp30p140lvttt0p8v25c
  merge_2x1_simple_seq_DATA_WIDTH32_COMMAND_WIDTH1_29
                     ZeroWireload          tcbn28hpcplusbwp30p140lvttt0p8v25c
  merge_2x1_simple_seq_DATA_WIDTH32_COMMAND_WIDTH1_28
                     ZeroWireload          tcbn28hpcplusbwp30p140lvttt0p8v25c
  merge_2x1_simple_seq_DATA_WIDTH32_COMMAND_WIDTH1_27
                     ZeroWireload          tcbn28hpcplusbwp30p140lvttt0p8v25c
  merge_2x1_simple_seq_DATA_WIDTH32_COMMAND_WIDTH1_26
                     ZeroWireload          tcbn28hpcplusbwp30p140lvttt0p8v25c
  merge_2x1_simple_seq_DATA_WIDTH32_COMMAND_WIDTH1_25
                     ZeroWireload          tcbn28hpcplusbwp30p140lvttt0p8v25c
  merge_2x1_simple_seq_DATA_WIDTH32_COMMAND_WIDTH1_24
                     ZeroWireload          tcbn28hpcplusbwp30p140lvttt0p8v25c
  merge_2x1_simple_seq_DATA_WIDTH32_COMMAND_WIDTH1_23
                     ZeroWireload          tcbn28hpcplusbwp30p140lvttt0p8v25c
  merge_2x1_simple_seq_DATA_WIDTH32_COMMAND_WIDTH1_22
                     ZeroWireload          tcbn28hpcplusbwp30p140lvttt0p8v25c
  merge_2x1_simple_seq_DATA_WIDTH32_COMMAND_WIDTH1_21
                     ZeroWireload          tcbn28hpcplusbwp30p140lvttt0p8v25c
  merge_2x1_simple_seq_DATA_WIDTH32_COMMAND_WIDTH1_20
                     ZeroWireload          tcbn28hpcplusbwp30p140lvttt0p8v25c
  merge_2x1_simple_seq_DATA_WIDTH32_COMMAND_WIDTH1_19
                     ZeroWireload          tcbn28hpcplusbwp30p140lvttt0p8v25c
  merge_2x1_simple_seq_DATA_WIDTH32_COMMAND_WIDTH1_18
                     ZeroWireload          tcbn28hpcplusbwp30p140lvttt0p8v25c
  merge_2x1_simple_seq_DATA_WIDTH32_COMMAND_WIDTH1_17
                     ZeroWireload          tcbn28hpcplusbwp30p140lvttt0p8v25c
  merge_2x1_simple_seq_DATA_WIDTH32_COMMAND_WIDTH1_16
                     ZeroWireload          tcbn28hpcplusbwp30p140lvttt0p8v25c
  merge_2x1_simple_seq_DATA_WIDTH32_COMMAND_WIDTH1_15
                     ZeroWireload          tcbn28hpcplusbwp30p140lvttt0p8v25c
  merge_2x1_simple_seq_DATA_WIDTH32_COMMAND_WIDTH1_14
                     ZeroWireload          tcbn28hpcplusbwp30p140lvttt0p8v25c
  merge_2x1_simple_seq_DATA_WIDTH32_COMMAND_WIDTH1_13
                     ZeroWireload          tcbn28hpcplusbwp30p140lvttt0p8v25c
  merge_2x1_simple_seq_DATA_WIDTH32_COMMAND_WIDTH1_12
                     ZeroWireload          tcbn28hpcplusbwp30p140lvttt0p8v25c
  merge_2x1_simple_seq_DATA_WIDTH32_COMMAND_WIDTH1_11
                     ZeroWireload          tcbn28hpcplusbwp30p140lvttt0p8v25c
  merge_2x1_simple_seq_DATA_WIDTH32_COMMAND_WIDTH1_10
                     ZeroWireload          tcbn28hpcplusbwp30p140lvttt0p8v25c
  merge_2x1_simple_seq_DATA_WIDTH32_COMMAND_WIDTH1_9
                     ZeroWireload          tcbn28hpcplusbwp30p140lvttt0p8v25c
  merge_2x1_simple_seq_DATA_WIDTH32_COMMAND_WIDTH1_8
                     ZeroWireload          tcbn28hpcplusbwp30p140lvttt0p8v25c
  merge_2x1_simple_seq_DATA_WIDTH32_COMMAND_WIDTH1_7
                     ZeroWireload          tcbn28hpcplusbwp30p140lvttt0p8v25c
  merge_2x1_simple_seq_DATA_WIDTH32_COMMAND_WIDTH1_6
                     ZeroWireload          tcbn28hpcplusbwp30p140lvttt0p8v25c
  merge_2x1_simple_seq_DATA_WIDTH32_COMMAND_WIDTH1_5
                     ZeroWireload          tcbn28hpcplusbwp30p140lvttt0p8v25c
  merge_2x1_simple_seq_DATA_WIDTH32_COMMAND_WIDTH1_4
                     ZeroWireload          tcbn28hpcplusbwp30p140lvttt0p8v25c
  merge_2x1_simple_seq_DATA_WIDTH32_COMMAND_WIDTH1_3
                     ZeroWireload          tcbn28hpcplusbwp30p140lvttt0p8v25c
  merge_2x1_simple_seq_DATA_WIDTH32_COMMAND_WIDTH1_2
                     ZeroWireload          tcbn28hpcplusbwp30p140lvttt0p8v25c
  merge_2x1_simple_seq_DATA_WIDTH32_COMMAND_WIDTH1_1
                     ZeroWireload          tcbn28hpcplusbwp30p140lvttt0p8v25c
  distribute_3x3_simple_seq_DATA_WIDTH32_COMMAND_WIDTH5_47
                     ZeroWireload          tcbn28hpcplusbwp30p140lvttt0p8v25c
  distribute_3x3_simple_seq_DATA_WIDTH32_COMMAND_WIDTH5_46
                     ZeroWireload          tcbn28hpcplusbwp30p140lvttt0p8v25c
  distribute_3x3_simple_seq_DATA_WIDTH32_COMMAND_WIDTH5_45
                     ZeroWireload          tcbn28hpcplusbwp30p140lvttt0p8v25c
  distribute_3x3_simple_seq_DATA_WIDTH32_COMMAND_WIDTH5_44
                     ZeroWireload          tcbn28hpcplusbwp30p140lvttt0p8v25c
  distribute_3x3_simple_seq_DATA_WIDTH32_COMMAND_WIDTH5_43
                     ZeroWireload          tcbn28hpcplusbwp30p140lvttt0p8v25c
  distribute_3x3_simple_seq_DATA_WIDTH32_COMMAND_WIDTH5_42
                     ZeroWireload          tcbn28hpcplusbwp30p140lvttt0p8v25c
  distribute_3x3_simple_seq_DATA_WIDTH32_COMMAND_WIDTH5_41
                     ZeroWireload          tcbn28hpcplusbwp30p140lvttt0p8v25c
  distribute_3x3_simple_seq_DATA_WIDTH32_COMMAND_WIDTH5_40
                     ZeroWireload          tcbn28hpcplusbwp30p140lvttt0p8v25c
  distribute_3x3_simple_seq_DATA_WIDTH32_COMMAND_WIDTH5_39
                     ZeroWireload          tcbn28hpcplusbwp30p140lvttt0p8v25c
  distribute_3x3_simple_seq_DATA_WIDTH32_COMMAND_WIDTH5_38
                     ZeroWireload          tcbn28hpcplusbwp30p140lvttt0p8v25c
  distribute_3x3_simple_seq_DATA_WIDTH32_COMMAND_WIDTH5_37
                     ZeroWireload          tcbn28hpcplusbwp30p140lvttt0p8v25c
  distribute_3x3_simple_seq_DATA_WIDTH32_COMMAND_WIDTH5_36
                     ZeroWireload          tcbn28hpcplusbwp30p140lvttt0p8v25c
  distribute_3x3_simple_seq_DATA_WIDTH32_COMMAND_WIDTH5_35
                     ZeroWireload          tcbn28hpcplusbwp30p140lvttt0p8v25c
  distribute_3x3_simple_seq_DATA_WIDTH32_COMMAND_WIDTH5_34
                     ZeroWireload          tcbn28hpcplusbwp30p140lvttt0p8v25c
  distribute_3x3_simple_seq_DATA_WIDTH32_COMMAND_WIDTH5_33
                     ZeroWireload          tcbn28hpcplusbwp30p140lvttt0p8v25c
  distribute_3x3_simple_seq_DATA_WIDTH32_COMMAND_WIDTH5_32
                     ZeroWireload          tcbn28hpcplusbwp30p140lvttt0p8v25c
  distribute_3x3_simple_seq_DATA_WIDTH32_COMMAND_WIDTH5_31
                     ZeroWireload          tcbn28hpcplusbwp30p140lvttt0p8v25c
  distribute_3x3_simple_seq_DATA_WIDTH32_COMMAND_WIDTH5_30
                     ZeroWireload          tcbn28hpcplusbwp30p140lvttt0p8v25c
  distribute_3x3_simple_seq_DATA_WIDTH32_COMMAND_WIDTH5_29
                     ZeroWireload          tcbn28hpcplusbwp30p140lvttt0p8v25c
  distribute_3x3_simple_seq_DATA_WIDTH32_COMMAND_WIDTH5_28
                     ZeroWireload          tcbn28hpcplusbwp30p140lvttt0p8v25c
  distribute_3x3_simple_seq_DATA_WIDTH32_COMMAND_WIDTH5_27
                     ZeroWireload          tcbn28hpcplusbwp30p140lvttt0p8v25c
  distribute_3x3_simple_seq_DATA_WIDTH32_COMMAND_WIDTH5_26
                     ZeroWireload          tcbn28hpcplusbwp30p140lvttt0p8v25c
  distribute_3x3_simple_seq_DATA_WIDTH32_COMMAND_WIDTH5_25
                     ZeroWireload          tcbn28hpcplusbwp30p140lvttt0p8v25c
  distribute_3x3_simple_seq_DATA_WIDTH32_COMMAND_WIDTH5_24
                     ZeroWireload          tcbn28hpcplusbwp30p140lvttt0p8v25c
  distribute_3x3_simple_seq_DATA_WIDTH32_COMMAND_WIDTH5_23
                     ZeroWireload          tcbn28hpcplusbwp30p140lvttt0p8v25c
  distribute_3x3_simple_seq_DATA_WIDTH32_COMMAND_WIDTH5_22
                     ZeroWireload          tcbn28hpcplusbwp30p140lvttt0p8v25c
  distribute_3x3_simple_seq_DATA_WIDTH32_COMMAND_WIDTH5_21
                     ZeroWireload          tcbn28hpcplusbwp30p140lvttt0p8v25c
  distribute_3x3_simple_seq_DATA_WIDTH32_COMMAND_WIDTH5_20
                     ZeroWireload          tcbn28hpcplusbwp30p140lvttt0p8v25c
  distribute_3x3_simple_seq_DATA_WIDTH32_COMMAND_WIDTH5_19
                     ZeroWireload          tcbn28hpcplusbwp30p140lvttt0p8v25c
  distribute_3x3_simple_seq_DATA_WIDTH32_COMMAND_WIDTH5_18
                     ZeroWireload          tcbn28hpcplusbwp30p140lvttt0p8v25c
  distribute_3x3_simple_seq_DATA_WIDTH32_COMMAND_WIDTH5_17
                     ZeroWireload          tcbn28hpcplusbwp30p140lvttt0p8v25c
  distribute_3x3_simple_seq_DATA_WIDTH32_COMMAND_WIDTH5_16
                     ZeroWireload          tcbn28hpcplusbwp30p140lvttt0p8v25c
  distribute_3x3_simple_seq_DATA_WIDTH32_COMMAND_WIDTH5_15
                     ZeroWireload          tcbn28hpcplusbwp30p140lvttt0p8v25c
  distribute_3x3_simple_seq_DATA_WIDTH32_COMMAND_WIDTH5_14
                     ZeroWireload          tcbn28hpcplusbwp30p140lvttt0p8v25c
  distribute_3x3_simple_seq_DATA_WIDTH32_COMMAND_WIDTH5_13
                     ZeroWireload          tcbn28hpcplusbwp30p140lvttt0p8v25c
  distribute_3x3_simple_seq_DATA_WIDTH32_COMMAND_WIDTH5_12
                     ZeroWireload          tcbn28hpcplusbwp30p140lvttt0p8v25c
  distribute_3x3_simple_seq_DATA_WIDTH32_COMMAND_WIDTH5_11
                     ZeroWireload          tcbn28hpcplusbwp30p140lvttt0p8v25c
  distribute_3x3_simple_seq_DATA_WIDTH32_COMMAND_WIDTH5_10
                     ZeroWireload          tcbn28hpcplusbwp30p140lvttt0p8v25c
  distribute_3x3_simple_seq_DATA_WIDTH32_COMMAND_WIDTH5_9
                     ZeroWireload          tcbn28hpcplusbwp30p140lvttt0p8v25c
  distribute_3x3_simple_seq_DATA_WIDTH32_COMMAND_WIDTH5_8
                     ZeroWireload          tcbn28hpcplusbwp30p140lvttt0p8v25c
  distribute_3x3_simple_seq_DATA_WIDTH32_COMMAND_WIDTH5_7
                     ZeroWireload          tcbn28hpcplusbwp30p140lvttt0p8v25c
  distribute_3x3_simple_seq_DATA_WIDTH32_COMMAND_WIDTH5_6
                     ZeroWireload          tcbn28hpcplusbwp30p140lvttt0p8v25c
  distribute_3x3_simple_seq_DATA_WIDTH32_COMMAND_WIDTH5_5
                     ZeroWireload          tcbn28hpcplusbwp30p140lvttt0p8v25c
  distribute_3x3_simple_seq_DATA_WIDTH32_COMMAND_WIDTH5_4
                     ZeroWireload          tcbn28hpcplusbwp30p140lvttt0p8v25c
  distribute_3x3_simple_seq_DATA_WIDTH32_COMMAND_WIDTH5_3
                     ZeroWireload          tcbn28hpcplusbwp30p140lvttt0p8v25c
  distribute_3x3_simple_seq_DATA_WIDTH32_COMMAND_WIDTH5_2
                     ZeroWireload          tcbn28hpcplusbwp30p140lvttt0p8v25c
  distribute_3x3_simple_seq_DATA_WIDTH32_COMMAND_WIDTH5_1
                     ZeroWireload          tcbn28hpcplusbwp30p140lvttt0p8v25c
  distribute_2x2_simple_seq_DATA_WIDTH32_COMMAND_WIDTH2_7
                     ZeroWireload          tcbn28hpcplusbwp30p140lvttt0p8v25c
  distribute_2x2_simple_seq_DATA_WIDTH32_COMMAND_WIDTH2_6
                     ZeroWireload          tcbn28hpcplusbwp30p140lvttt0p8v25c
  distribute_2x2_simple_seq_DATA_WIDTH32_COMMAND_WIDTH2_5
                     ZeroWireload          tcbn28hpcplusbwp30p140lvttt0p8v25c
  distribute_2x2_simple_seq_DATA_WIDTH32_COMMAND_WIDTH2_4
                     ZeroWireload          tcbn28hpcplusbwp30p140lvttt0p8v25c
  distribute_2x2_simple_seq_DATA_WIDTH32_COMMAND_WIDTH2_3
                     ZeroWireload          tcbn28hpcplusbwp30p140lvttt0p8v25c
  distribute_2x2_simple_seq_DATA_WIDTH32_COMMAND_WIDTH2_2
                     ZeroWireload          tcbn28hpcplusbwp30p140lvttt0p8v25c
  distribute_2x2_simple_seq_DATA_WIDTH32_COMMAND_WIDTH2_1
                     ZeroWireload          tcbn28hpcplusbwp30p140lvttt0p8v25c
  mux_2x1_simple_seq_DATA_WIDTH32_COMMAND_WIDTH1_0
                     ZeroWireload          tcbn28hpcplusbwp30p140lvttt0p8v25c
  merge_2x1_simple_seq_DATA_WIDTH32_COMMAND_WIDTH1_0
                     ZeroWireload          tcbn28hpcplusbwp30p140lvttt0p8v25c
  distribute_2x2_simple_seq_DATA_WIDTH32_COMMAND_WIDTH2_0
                     ZeroWireload          tcbn28hpcplusbwp30p140lvttt0p8v25c
  flatten_benes_simple_seq
                     ZeroWireload          tcbn28hpcplusbwp30p140lvttt0p8v25c
  distribute_3x3_simple_seq_DATA_WIDTH32_COMMAND_WIDTH5_0
                     ZeroWireload          tcbn28hpcplusbwp30p140lvttt0p8v25c

  Point                                                   Incr       Path
  --------------------------------------------------------------------------
  clock clk (rise edge)                                   0.00       0.00
  clock network delay (ideal)                             0.00       0.00
  first_half_stages_1__sw_group_0__bottom_group_1__genblk1_bottom_sw/merge_i_data_low/data_mux/o_valid_inner_reg/CP (DFQD1BWP30P140LVT)
                                                          0.00 #     0.00 r
  first_half_stages_1__sw_group_0__bottom_group_1__genblk1_bottom_sw/merge_i_data_low/data_mux/o_valid_inner_reg/Q (DFQD1BWP30P140LVT)
                                                          0.03       0.03 r
  first_half_stages_1__sw_group_0__bottom_group_1__genblk1_bottom_sw/merge_i_data_low/data_mux/o_valid (mux_2x1_simple_seq_DATA_WIDTH32_COMMAND_WIDTH1_221)
                                                          0.00       0.03 r
  first_half_stages_1__sw_group_0__bottom_group_1__genblk1_bottom_sw/merge_i_data_low/o_valid (merge_2x1_simple_seq_DATA_WIDTH32_COMMAND_WIDTH1_221)
                                                          0.00       0.03 r
  first_half_stages_1__sw_group_0__bottom_group_1__genblk1_bottom_sw/o_fwd/i_valid[0] (merge_2x1_simple_seq_DATA_WIDTH32_COMMAND_WIDTH1_220)
                                                          0.00       0.03 r
  first_half_stages_1__sw_group_0__bottom_group_1__genblk1_bottom_sw/o_fwd/data_mux/i_valid[0] (mux_2x1_simple_seq_DATA_WIDTH32_COMMAND_WIDTH1_220)
                                                          0.00       0.03 r
  first_half_stages_1__sw_group_0__bottom_group_1__genblk1_bottom_sw/o_fwd/data_mux/U4/ZN (ND2OPTIBD1BWP30P140LVT)
                                                          0.01       0.04 f
  first_half_stages_1__sw_group_0__bottom_group_1__genblk1_bottom_sw/o_fwd/data_mux/U3/ZN (NR3D1P5BWP30P140LVT)
                                                          0.07       0.11 r
  first_half_stages_1__sw_group_0__bottom_group_1__genblk1_bottom_sw/o_fwd/data_mux/U7/Z (AO22D1BWP30P140LVT)
                                                          0.03       0.14 r
  first_half_stages_1__sw_group_0__bottom_group_1__genblk1_bottom_sw/o_fwd/data_mux/o_data_bus_inner_reg_0_/D (DFQD1BWP30P140LVT)
                                                          0.00       0.14 r
  data arrival time                                                  0.14

  clock clk (rise edge)                                   0.30       0.30
  clock network delay (ideal)                             0.00       0.30
  clock uncertainty                                      -0.15       0.15
  first_half_stages_1__sw_group_0__bottom_group_1__genblk1_bottom_sw/o_fwd/data_mux/o_data_bus_inner_reg_0_/CP (DFQD1BWP30P140LVT)
                                                          0.00       0.15 r
  library setup time                                     -0.01       0.14
  data required time                                                 0.14
  --------------------------------------------------------------------------
  data required time                                                 0.14
  data arrival time                                                 -0.14
  --------------------------------------------------------------------------
  slack (MET)                                                        0.00


1
