 
****************************************
Report : area
Design : crossbar_one_hot_seq
Version: Q-2019.12-SP2
Date   : Sun Apr 11 10:20:21 2021
****************************************

Library(s) Used:

    tcbn28hpcplusbwp30p140tt0p8v25c (File: /usr/scratch/will-jianming/TSMC_library/IP/TSMC28_STD_CELLS/custom_utils_ck/tsmc_ip/tcbn28hpcplusbwp30p140/nldm/tcbn28hpcplusbwp30p140tt0p8v25c.db)

Number of ports:                         2891
Number of nets:                         26618
Number of cells:                        24051
Number of combinational cells:          21675
Number of sequential cells:              2376
Number of macros/black boxes:               0
Number of buf/inv:                       3957
Number of references:                     133

Combinational area:              13589.477936
Buf/Inv area:                     1878.912010
Noncombinational area:            6406.847792
Macro/Black Box area:                0.000000
Net Interconnect area:      undefined  (Wire load has zero net area)

Total cell area:                 19996.325728
Total area:                 undefined
1
