 
****************************************
Report : timing
        -path full
        -delay max
        -max_paths 1
Design : crossbar_one_hot_seq
Version: J-2014.09-SP3
Date   : Mon Jun 21 01:59:43 2021
****************************************

 # A fanout number of 1000 was used for high fanout net computations.

Operating Conditions: tt0p8v25c   Library: tcbn28hpcplusbwp30p140lvttt0p8v25c
Wire Load Model Mode: segmented

  Startpoint: i_cmd_id_118__cmd_pipeline/o_cmd_reg_reg_14_
              (rising edge-triggered flip-flop clocked by CLK)
  Endpoint: bottom_half_14__mux_tree/o_data_bus_reg_reg_8_
            (rising edge-triggered flip-flop clocked by CLK)
  Path Group: CLK
  Path Type: max

  Des/Clust/Port     Wire Load Model       Library
  ------------------------------------------------
  cmd_wire_binary_tree_1_16_seq_DATA_WIDTH32_NUM_OUTPUT_DATA16_NUM_INPUT_DATA1_127
                     ZeroWireload          tcbn28hpcplusbwp30p140lvttt0p8v25c
  cmd_wire_binary_tree_1_16_seq_DATA_WIDTH32_NUM_OUTPUT_DATA16_NUM_INPUT_DATA1_126
                     ZeroWireload          tcbn28hpcplusbwp30p140lvttt0p8v25c
  cmd_wire_binary_tree_1_16_seq_DATA_WIDTH32_NUM_OUTPUT_DATA16_NUM_INPUT_DATA1_125
                     ZeroWireload          tcbn28hpcplusbwp30p140lvttt0p8v25c
  cmd_wire_binary_tree_1_16_seq_DATA_WIDTH32_NUM_OUTPUT_DATA16_NUM_INPUT_DATA1_124
                     ZeroWireload          tcbn28hpcplusbwp30p140lvttt0p8v25c
  cmd_wire_binary_tree_1_16_seq_DATA_WIDTH32_NUM_OUTPUT_DATA16_NUM_INPUT_DATA1_123
                     ZeroWireload          tcbn28hpcplusbwp30p140lvttt0p8v25c
  cmd_wire_binary_tree_1_16_seq_DATA_WIDTH32_NUM_OUTPUT_DATA16_NUM_INPUT_DATA1_122
                     ZeroWireload          tcbn28hpcplusbwp30p140lvttt0p8v25c
  cmd_wire_binary_tree_1_16_seq_DATA_WIDTH32_NUM_OUTPUT_DATA16_NUM_INPUT_DATA1_121
                     ZeroWireload          tcbn28hpcplusbwp30p140lvttt0p8v25c
  cmd_wire_binary_tree_1_16_seq_DATA_WIDTH32_NUM_OUTPUT_DATA16_NUM_INPUT_DATA1_120
                     ZeroWireload          tcbn28hpcplusbwp30p140lvttt0p8v25c
  cmd_wire_binary_tree_1_16_seq_DATA_WIDTH32_NUM_OUTPUT_DATA16_NUM_INPUT_DATA1_119
                     ZeroWireload          tcbn28hpcplusbwp30p140lvttt0p8v25c
  cmd_wire_binary_tree_1_16_seq_DATA_WIDTH32_NUM_OUTPUT_DATA16_NUM_INPUT_DATA1_118
                     ZeroWireload          tcbn28hpcplusbwp30p140lvttt0p8v25c
  cmd_wire_binary_tree_1_16_seq_DATA_WIDTH32_NUM_OUTPUT_DATA16_NUM_INPUT_DATA1_117
                     ZeroWireload          tcbn28hpcplusbwp30p140lvttt0p8v25c
  cmd_wire_binary_tree_1_16_seq_DATA_WIDTH32_NUM_OUTPUT_DATA16_NUM_INPUT_DATA1_116
                     ZeroWireload          tcbn28hpcplusbwp30p140lvttt0p8v25c
  cmd_wire_binary_tree_1_16_seq_DATA_WIDTH32_NUM_OUTPUT_DATA16_NUM_INPUT_DATA1_115
                     ZeroWireload          tcbn28hpcplusbwp30p140lvttt0p8v25c
  cmd_wire_binary_tree_1_16_seq_DATA_WIDTH32_NUM_OUTPUT_DATA16_NUM_INPUT_DATA1_114
                     ZeroWireload          tcbn28hpcplusbwp30p140lvttt0p8v25c
  cmd_wire_binary_tree_1_16_seq_DATA_WIDTH32_NUM_OUTPUT_DATA16_NUM_INPUT_DATA1_113
                     ZeroWireload          tcbn28hpcplusbwp30p140lvttt0p8v25c
  cmd_wire_binary_tree_1_16_seq_DATA_WIDTH32_NUM_OUTPUT_DATA16_NUM_INPUT_DATA1_112
                     ZeroWireload          tcbn28hpcplusbwp30p140lvttt0p8v25c
  cmd_wire_binary_tree_1_16_seq_DATA_WIDTH32_NUM_OUTPUT_DATA16_NUM_INPUT_DATA1_111
                     ZeroWireload          tcbn28hpcplusbwp30p140lvttt0p8v25c
  cmd_wire_binary_tree_1_16_seq_DATA_WIDTH32_NUM_OUTPUT_DATA16_NUM_INPUT_DATA1_110
                     ZeroWireload          tcbn28hpcplusbwp30p140lvttt0p8v25c
  cmd_wire_binary_tree_1_16_seq_DATA_WIDTH32_NUM_OUTPUT_DATA16_NUM_INPUT_DATA1_109
                     ZeroWireload          tcbn28hpcplusbwp30p140lvttt0p8v25c
  cmd_wire_binary_tree_1_16_seq_DATA_WIDTH32_NUM_OUTPUT_DATA16_NUM_INPUT_DATA1_108
                     ZeroWireload          tcbn28hpcplusbwp30p140lvttt0p8v25c
  cmd_wire_binary_tree_1_16_seq_DATA_WIDTH32_NUM_OUTPUT_DATA16_NUM_INPUT_DATA1_107
                     ZeroWireload          tcbn28hpcplusbwp30p140lvttt0p8v25c
  cmd_wire_binary_tree_1_16_seq_DATA_WIDTH32_NUM_OUTPUT_DATA16_NUM_INPUT_DATA1_106
                     ZeroWireload          tcbn28hpcplusbwp30p140lvttt0p8v25c
  cmd_wire_binary_tree_1_16_seq_DATA_WIDTH32_NUM_OUTPUT_DATA16_NUM_INPUT_DATA1_105
                     ZeroWireload          tcbn28hpcplusbwp30p140lvttt0p8v25c
  cmd_wire_binary_tree_1_16_seq_DATA_WIDTH32_NUM_OUTPUT_DATA16_NUM_INPUT_DATA1_104
                     ZeroWireload          tcbn28hpcplusbwp30p140lvttt0p8v25c
  cmd_wire_binary_tree_1_16_seq_DATA_WIDTH32_NUM_OUTPUT_DATA16_NUM_INPUT_DATA1_103
                     ZeroWireload          tcbn28hpcplusbwp30p140lvttt0p8v25c
  cmd_wire_binary_tree_1_16_seq_DATA_WIDTH32_NUM_OUTPUT_DATA16_NUM_INPUT_DATA1_102
                     ZeroWireload          tcbn28hpcplusbwp30p140lvttt0p8v25c
  cmd_wire_binary_tree_1_16_seq_DATA_WIDTH32_NUM_OUTPUT_DATA16_NUM_INPUT_DATA1_101
                     ZeroWireload          tcbn28hpcplusbwp30p140lvttt0p8v25c
  cmd_wire_binary_tree_1_16_seq_DATA_WIDTH32_NUM_OUTPUT_DATA16_NUM_INPUT_DATA1_100
                     ZeroWireload          tcbn28hpcplusbwp30p140lvttt0p8v25c
  cmd_wire_binary_tree_1_16_seq_DATA_WIDTH32_NUM_OUTPUT_DATA16_NUM_INPUT_DATA1_99
                     ZeroWireload          tcbn28hpcplusbwp30p140lvttt0p8v25c
  cmd_wire_binary_tree_1_16_seq_DATA_WIDTH32_NUM_OUTPUT_DATA16_NUM_INPUT_DATA1_98
                     ZeroWireload          tcbn28hpcplusbwp30p140lvttt0p8v25c
  cmd_wire_binary_tree_1_16_seq_DATA_WIDTH32_NUM_OUTPUT_DATA16_NUM_INPUT_DATA1_97
                     ZeroWireload          tcbn28hpcplusbwp30p140lvttt0p8v25c
  cmd_wire_binary_tree_1_16_seq_DATA_WIDTH32_NUM_OUTPUT_DATA16_NUM_INPUT_DATA1_96
                     ZeroWireload          tcbn28hpcplusbwp30p140lvttt0p8v25c
  cmd_wire_binary_tree_1_16_seq_DATA_WIDTH32_NUM_OUTPUT_DATA16_NUM_INPUT_DATA1_95
                     ZeroWireload          tcbn28hpcplusbwp30p140lvttt0p8v25c
  cmd_wire_binary_tree_1_16_seq_DATA_WIDTH32_NUM_OUTPUT_DATA16_NUM_INPUT_DATA1_94
                     ZeroWireload          tcbn28hpcplusbwp30p140lvttt0p8v25c
  cmd_wire_binary_tree_1_16_seq_DATA_WIDTH32_NUM_OUTPUT_DATA16_NUM_INPUT_DATA1_93
                     ZeroWireload          tcbn28hpcplusbwp30p140lvttt0p8v25c
  cmd_wire_binary_tree_1_16_seq_DATA_WIDTH32_NUM_OUTPUT_DATA16_NUM_INPUT_DATA1_92
                     ZeroWireload          tcbn28hpcplusbwp30p140lvttt0p8v25c
  cmd_wire_binary_tree_1_16_seq_DATA_WIDTH32_NUM_OUTPUT_DATA16_NUM_INPUT_DATA1_91
                     ZeroWireload          tcbn28hpcplusbwp30p140lvttt0p8v25c
  cmd_wire_binary_tree_1_16_seq_DATA_WIDTH32_NUM_OUTPUT_DATA16_NUM_INPUT_DATA1_90
                     ZeroWireload          tcbn28hpcplusbwp30p140lvttt0p8v25c
  cmd_wire_binary_tree_1_16_seq_DATA_WIDTH32_NUM_OUTPUT_DATA16_NUM_INPUT_DATA1_89
                     ZeroWireload          tcbn28hpcplusbwp30p140lvttt0p8v25c
  cmd_wire_binary_tree_1_16_seq_DATA_WIDTH32_NUM_OUTPUT_DATA16_NUM_INPUT_DATA1_88
                     ZeroWireload          tcbn28hpcplusbwp30p140lvttt0p8v25c
  cmd_wire_binary_tree_1_16_seq_DATA_WIDTH32_NUM_OUTPUT_DATA16_NUM_INPUT_DATA1_87
                     ZeroWireload          tcbn28hpcplusbwp30p140lvttt0p8v25c
  cmd_wire_binary_tree_1_16_seq_DATA_WIDTH32_NUM_OUTPUT_DATA16_NUM_INPUT_DATA1_86
                     ZeroWireload          tcbn28hpcplusbwp30p140lvttt0p8v25c
  cmd_wire_binary_tree_1_16_seq_DATA_WIDTH32_NUM_OUTPUT_DATA16_NUM_INPUT_DATA1_85
                     ZeroWireload          tcbn28hpcplusbwp30p140lvttt0p8v25c
  cmd_wire_binary_tree_1_16_seq_DATA_WIDTH32_NUM_OUTPUT_DATA16_NUM_INPUT_DATA1_84
                     ZeroWireload          tcbn28hpcplusbwp30p140lvttt0p8v25c
  cmd_wire_binary_tree_1_16_seq_DATA_WIDTH32_NUM_OUTPUT_DATA16_NUM_INPUT_DATA1_83
                     ZeroWireload          tcbn28hpcplusbwp30p140lvttt0p8v25c
  cmd_wire_binary_tree_1_16_seq_DATA_WIDTH32_NUM_OUTPUT_DATA16_NUM_INPUT_DATA1_82
                     ZeroWireload          tcbn28hpcplusbwp30p140lvttt0p8v25c
  cmd_wire_binary_tree_1_16_seq_DATA_WIDTH32_NUM_OUTPUT_DATA16_NUM_INPUT_DATA1_81
                     ZeroWireload          tcbn28hpcplusbwp30p140lvttt0p8v25c
  cmd_wire_binary_tree_1_16_seq_DATA_WIDTH32_NUM_OUTPUT_DATA16_NUM_INPUT_DATA1_80
                     ZeroWireload          tcbn28hpcplusbwp30p140lvttt0p8v25c
  cmd_wire_binary_tree_1_16_seq_DATA_WIDTH32_NUM_OUTPUT_DATA16_NUM_INPUT_DATA1_79
                     ZeroWireload          tcbn28hpcplusbwp30p140lvttt0p8v25c
  cmd_wire_binary_tree_1_16_seq_DATA_WIDTH32_NUM_OUTPUT_DATA16_NUM_INPUT_DATA1_78
                     ZeroWireload          tcbn28hpcplusbwp30p140lvttt0p8v25c
  cmd_wire_binary_tree_1_16_seq_DATA_WIDTH32_NUM_OUTPUT_DATA16_NUM_INPUT_DATA1_77
                     ZeroWireload          tcbn28hpcplusbwp30p140lvttt0p8v25c
  cmd_wire_binary_tree_1_16_seq_DATA_WIDTH32_NUM_OUTPUT_DATA16_NUM_INPUT_DATA1_76
                     ZeroWireload          tcbn28hpcplusbwp30p140lvttt0p8v25c
  cmd_wire_binary_tree_1_16_seq_DATA_WIDTH32_NUM_OUTPUT_DATA16_NUM_INPUT_DATA1_75
                     ZeroWireload          tcbn28hpcplusbwp30p140lvttt0p8v25c
  cmd_wire_binary_tree_1_16_seq_DATA_WIDTH32_NUM_OUTPUT_DATA16_NUM_INPUT_DATA1_74
                     ZeroWireload          tcbn28hpcplusbwp30p140lvttt0p8v25c
  cmd_wire_binary_tree_1_16_seq_DATA_WIDTH32_NUM_OUTPUT_DATA16_NUM_INPUT_DATA1_73
                     ZeroWireload          tcbn28hpcplusbwp30p140lvttt0p8v25c
  cmd_wire_binary_tree_1_16_seq_DATA_WIDTH32_NUM_OUTPUT_DATA16_NUM_INPUT_DATA1_72
                     ZeroWireload          tcbn28hpcplusbwp30p140lvttt0p8v25c
  cmd_wire_binary_tree_1_16_seq_DATA_WIDTH32_NUM_OUTPUT_DATA16_NUM_INPUT_DATA1_71
                     ZeroWireload          tcbn28hpcplusbwp30p140lvttt0p8v25c
  cmd_wire_binary_tree_1_16_seq_DATA_WIDTH32_NUM_OUTPUT_DATA16_NUM_INPUT_DATA1_70
                     ZeroWireload          tcbn28hpcplusbwp30p140lvttt0p8v25c
  cmd_wire_binary_tree_1_16_seq_DATA_WIDTH32_NUM_OUTPUT_DATA16_NUM_INPUT_DATA1_69
                     ZeroWireload          tcbn28hpcplusbwp30p140lvttt0p8v25c
  cmd_wire_binary_tree_1_16_seq_DATA_WIDTH32_NUM_OUTPUT_DATA16_NUM_INPUT_DATA1_68
                     ZeroWireload          tcbn28hpcplusbwp30p140lvttt0p8v25c
  cmd_wire_binary_tree_1_16_seq_DATA_WIDTH32_NUM_OUTPUT_DATA16_NUM_INPUT_DATA1_67
                     ZeroWireload          tcbn28hpcplusbwp30p140lvttt0p8v25c
  cmd_wire_binary_tree_1_16_seq_DATA_WIDTH32_NUM_OUTPUT_DATA16_NUM_INPUT_DATA1_66
                     ZeroWireload          tcbn28hpcplusbwp30p140lvttt0p8v25c
  cmd_wire_binary_tree_1_16_seq_DATA_WIDTH32_NUM_OUTPUT_DATA16_NUM_INPUT_DATA1_65
                     ZeroWireload          tcbn28hpcplusbwp30p140lvttt0p8v25c
  cmd_wire_binary_tree_1_16_seq_DATA_WIDTH32_NUM_OUTPUT_DATA16_NUM_INPUT_DATA1_64
                     ZeroWireload          tcbn28hpcplusbwp30p140lvttt0p8v25c
  cmd_wire_binary_tree_1_16_seq_DATA_WIDTH32_NUM_OUTPUT_DATA16_NUM_INPUT_DATA1_63
                     ZeroWireload          tcbn28hpcplusbwp30p140lvttt0p8v25c
  cmd_wire_binary_tree_1_16_seq_DATA_WIDTH32_NUM_OUTPUT_DATA16_NUM_INPUT_DATA1_62
                     ZeroWireload          tcbn28hpcplusbwp30p140lvttt0p8v25c
  cmd_wire_binary_tree_1_16_seq_DATA_WIDTH32_NUM_OUTPUT_DATA16_NUM_INPUT_DATA1_61
                     ZeroWireload          tcbn28hpcplusbwp30p140lvttt0p8v25c
  cmd_wire_binary_tree_1_16_seq_DATA_WIDTH32_NUM_OUTPUT_DATA16_NUM_INPUT_DATA1_60
                     ZeroWireload          tcbn28hpcplusbwp30p140lvttt0p8v25c
  cmd_wire_binary_tree_1_16_seq_DATA_WIDTH32_NUM_OUTPUT_DATA16_NUM_INPUT_DATA1_59
                     ZeroWireload          tcbn28hpcplusbwp30p140lvttt0p8v25c
  cmd_wire_binary_tree_1_16_seq_DATA_WIDTH32_NUM_OUTPUT_DATA16_NUM_INPUT_DATA1_58
                     ZeroWireload          tcbn28hpcplusbwp30p140lvttt0p8v25c
  cmd_wire_binary_tree_1_16_seq_DATA_WIDTH32_NUM_OUTPUT_DATA16_NUM_INPUT_DATA1_57
                     ZeroWireload          tcbn28hpcplusbwp30p140lvttt0p8v25c
  cmd_wire_binary_tree_1_16_seq_DATA_WIDTH32_NUM_OUTPUT_DATA16_NUM_INPUT_DATA1_56
                     ZeroWireload          tcbn28hpcplusbwp30p140lvttt0p8v25c
  cmd_wire_binary_tree_1_16_seq_DATA_WIDTH32_NUM_OUTPUT_DATA16_NUM_INPUT_DATA1_55
                     ZeroWireload          tcbn28hpcplusbwp30p140lvttt0p8v25c
  cmd_wire_binary_tree_1_16_seq_DATA_WIDTH32_NUM_OUTPUT_DATA16_NUM_INPUT_DATA1_54
                     ZeroWireload          tcbn28hpcplusbwp30p140lvttt0p8v25c
  cmd_wire_binary_tree_1_16_seq_DATA_WIDTH32_NUM_OUTPUT_DATA16_NUM_INPUT_DATA1_53
                     ZeroWireload          tcbn28hpcplusbwp30p140lvttt0p8v25c
  cmd_wire_binary_tree_1_16_seq_DATA_WIDTH32_NUM_OUTPUT_DATA16_NUM_INPUT_DATA1_52
                     ZeroWireload          tcbn28hpcplusbwp30p140lvttt0p8v25c
  cmd_wire_binary_tree_1_16_seq_DATA_WIDTH32_NUM_OUTPUT_DATA16_NUM_INPUT_DATA1_51
                     ZeroWireload          tcbn28hpcplusbwp30p140lvttt0p8v25c
  cmd_wire_binary_tree_1_16_seq_DATA_WIDTH32_NUM_OUTPUT_DATA16_NUM_INPUT_DATA1_50
                     ZeroWireload          tcbn28hpcplusbwp30p140lvttt0p8v25c
  cmd_wire_binary_tree_1_16_seq_DATA_WIDTH32_NUM_OUTPUT_DATA16_NUM_INPUT_DATA1_49
                     ZeroWireload          tcbn28hpcplusbwp30p140lvttt0p8v25c
  cmd_wire_binary_tree_1_16_seq_DATA_WIDTH32_NUM_OUTPUT_DATA16_NUM_INPUT_DATA1_48
                     ZeroWireload          tcbn28hpcplusbwp30p140lvttt0p8v25c
  cmd_wire_binary_tree_1_16_seq_DATA_WIDTH32_NUM_OUTPUT_DATA16_NUM_INPUT_DATA1_47
                     ZeroWireload          tcbn28hpcplusbwp30p140lvttt0p8v25c
  cmd_wire_binary_tree_1_16_seq_DATA_WIDTH32_NUM_OUTPUT_DATA16_NUM_INPUT_DATA1_46
                     ZeroWireload          tcbn28hpcplusbwp30p140lvttt0p8v25c
  cmd_wire_binary_tree_1_16_seq_DATA_WIDTH32_NUM_OUTPUT_DATA16_NUM_INPUT_DATA1_45
                     ZeroWireload          tcbn28hpcplusbwp30p140lvttt0p8v25c
  cmd_wire_binary_tree_1_16_seq_DATA_WIDTH32_NUM_OUTPUT_DATA16_NUM_INPUT_DATA1_44
                     ZeroWireload          tcbn28hpcplusbwp30p140lvttt0p8v25c
  cmd_wire_binary_tree_1_16_seq_DATA_WIDTH32_NUM_OUTPUT_DATA16_NUM_INPUT_DATA1_43
                     ZeroWireload          tcbn28hpcplusbwp30p140lvttt0p8v25c
  cmd_wire_binary_tree_1_16_seq_DATA_WIDTH32_NUM_OUTPUT_DATA16_NUM_INPUT_DATA1_42
                     ZeroWireload          tcbn28hpcplusbwp30p140lvttt0p8v25c
  cmd_wire_binary_tree_1_16_seq_DATA_WIDTH32_NUM_OUTPUT_DATA16_NUM_INPUT_DATA1_41
                     ZeroWireload          tcbn28hpcplusbwp30p140lvttt0p8v25c
  cmd_wire_binary_tree_1_16_seq_DATA_WIDTH32_NUM_OUTPUT_DATA16_NUM_INPUT_DATA1_40
                     ZeroWireload          tcbn28hpcplusbwp30p140lvttt0p8v25c
  cmd_wire_binary_tree_1_16_seq_DATA_WIDTH32_NUM_OUTPUT_DATA16_NUM_INPUT_DATA1_39
                     ZeroWireload          tcbn28hpcplusbwp30p140lvttt0p8v25c
  cmd_wire_binary_tree_1_16_seq_DATA_WIDTH32_NUM_OUTPUT_DATA16_NUM_INPUT_DATA1_38
                     ZeroWireload          tcbn28hpcplusbwp30p140lvttt0p8v25c
  cmd_wire_binary_tree_1_16_seq_DATA_WIDTH32_NUM_OUTPUT_DATA16_NUM_INPUT_DATA1_37
                     ZeroWireload          tcbn28hpcplusbwp30p140lvttt0p8v25c
  cmd_wire_binary_tree_1_16_seq_DATA_WIDTH32_NUM_OUTPUT_DATA16_NUM_INPUT_DATA1_36
                     ZeroWireload          tcbn28hpcplusbwp30p140lvttt0p8v25c
  cmd_wire_binary_tree_1_16_seq_DATA_WIDTH32_NUM_OUTPUT_DATA16_NUM_INPUT_DATA1_35
                     ZeroWireload          tcbn28hpcplusbwp30p140lvttt0p8v25c
  cmd_wire_binary_tree_1_16_seq_DATA_WIDTH32_NUM_OUTPUT_DATA16_NUM_INPUT_DATA1_34
                     ZeroWireload          tcbn28hpcplusbwp30p140lvttt0p8v25c
  cmd_wire_binary_tree_1_16_seq_DATA_WIDTH32_NUM_OUTPUT_DATA16_NUM_INPUT_DATA1_33
                     ZeroWireload          tcbn28hpcplusbwp30p140lvttt0p8v25c
  cmd_wire_binary_tree_1_16_seq_DATA_WIDTH32_NUM_OUTPUT_DATA16_NUM_INPUT_DATA1_32
                     ZeroWireload          tcbn28hpcplusbwp30p140lvttt0p8v25c
  cmd_wire_binary_tree_1_16_seq_DATA_WIDTH32_NUM_OUTPUT_DATA16_NUM_INPUT_DATA1_31
                     ZeroWireload          tcbn28hpcplusbwp30p140lvttt0p8v25c
  cmd_wire_binary_tree_1_16_seq_DATA_WIDTH32_NUM_OUTPUT_DATA16_NUM_INPUT_DATA1_30
                     ZeroWireload          tcbn28hpcplusbwp30p140lvttt0p8v25c
  cmd_wire_binary_tree_1_16_seq_DATA_WIDTH32_NUM_OUTPUT_DATA16_NUM_INPUT_DATA1_29
                     ZeroWireload          tcbn28hpcplusbwp30p140lvttt0p8v25c
  cmd_wire_binary_tree_1_16_seq_DATA_WIDTH32_NUM_OUTPUT_DATA16_NUM_INPUT_DATA1_28
                     ZeroWireload          tcbn28hpcplusbwp30p140lvttt0p8v25c
  cmd_wire_binary_tree_1_16_seq_DATA_WIDTH32_NUM_OUTPUT_DATA16_NUM_INPUT_DATA1_27
                     ZeroWireload          tcbn28hpcplusbwp30p140lvttt0p8v25c
  cmd_wire_binary_tree_1_16_seq_DATA_WIDTH32_NUM_OUTPUT_DATA16_NUM_INPUT_DATA1_26
                     ZeroWireload          tcbn28hpcplusbwp30p140lvttt0p8v25c
  cmd_wire_binary_tree_1_16_seq_DATA_WIDTH32_NUM_OUTPUT_DATA16_NUM_INPUT_DATA1_25
                     ZeroWireload          tcbn28hpcplusbwp30p140lvttt0p8v25c
  cmd_wire_binary_tree_1_16_seq_DATA_WIDTH32_NUM_OUTPUT_DATA16_NUM_INPUT_DATA1_24
                     ZeroWireload          tcbn28hpcplusbwp30p140lvttt0p8v25c
  cmd_wire_binary_tree_1_16_seq_DATA_WIDTH32_NUM_OUTPUT_DATA16_NUM_INPUT_DATA1_23
                     ZeroWireload          tcbn28hpcplusbwp30p140lvttt0p8v25c
  cmd_wire_binary_tree_1_16_seq_DATA_WIDTH32_NUM_OUTPUT_DATA16_NUM_INPUT_DATA1_22
                     ZeroWireload          tcbn28hpcplusbwp30p140lvttt0p8v25c
  cmd_wire_binary_tree_1_16_seq_DATA_WIDTH32_NUM_OUTPUT_DATA16_NUM_INPUT_DATA1_21
                     ZeroWireload          tcbn28hpcplusbwp30p140lvttt0p8v25c
  cmd_wire_binary_tree_1_16_seq_DATA_WIDTH32_NUM_OUTPUT_DATA16_NUM_INPUT_DATA1_20
                     ZeroWireload          tcbn28hpcplusbwp30p140lvttt0p8v25c
  cmd_wire_binary_tree_1_16_seq_DATA_WIDTH32_NUM_OUTPUT_DATA16_NUM_INPUT_DATA1_19
                     ZeroWireload          tcbn28hpcplusbwp30p140lvttt0p8v25c
  cmd_wire_binary_tree_1_16_seq_DATA_WIDTH32_NUM_OUTPUT_DATA16_NUM_INPUT_DATA1_18
                     ZeroWireload          tcbn28hpcplusbwp30p140lvttt0p8v25c
  cmd_wire_binary_tree_1_16_seq_DATA_WIDTH32_NUM_OUTPUT_DATA16_NUM_INPUT_DATA1_17
                     ZeroWireload          tcbn28hpcplusbwp30p140lvttt0p8v25c
  cmd_wire_binary_tree_1_16_seq_DATA_WIDTH32_NUM_OUTPUT_DATA16_NUM_INPUT_DATA1_16
                     ZeroWireload          tcbn28hpcplusbwp30p140lvttt0p8v25c
  cmd_wire_binary_tree_1_16_seq_DATA_WIDTH32_NUM_OUTPUT_DATA16_NUM_INPUT_DATA1_15
                     ZeroWireload          tcbn28hpcplusbwp30p140lvttt0p8v25c
  cmd_wire_binary_tree_1_16_seq_DATA_WIDTH32_NUM_OUTPUT_DATA16_NUM_INPUT_DATA1_14
                     ZeroWireload          tcbn28hpcplusbwp30p140lvttt0p8v25c
  cmd_wire_binary_tree_1_16_seq_DATA_WIDTH32_NUM_OUTPUT_DATA16_NUM_INPUT_DATA1_13
                     ZeroWireload          tcbn28hpcplusbwp30p140lvttt0p8v25c
  cmd_wire_binary_tree_1_16_seq_DATA_WIDTH32_NUM_OUTPUT_DATA16_NUM_INPUT_DATA1_12
                     ZeroWireload          tcbn28hpcplusbwp30p140lvttt0p8v25c
  cmd_wire_binary_tree_1_16_seq_DATA_WIDTH32_NUM_OUTPUT_DATA16_NUM_INPUT_DATA1_11
                     ZeroWireload          tcbn28hpcplusbwp30p140lvttt0p8v25c
  cmd_wire_binary_tree_1_16_seq_DATA_WIDTH32_NUM_OUTPUT_DATA16_NUM_INPUT_DATA1_10
                     ZeroWireload          tcbn28hpcplusbwp30p140lvttt0p8v25c
  cmd_wire_binary_tree_1_16_seq_DATA_WIDTH32_NUM_OUTPUT_DATA16_NUM_INPUT_DATA1_9
                     ZeroWireload          tcbn28hpcplusbwp30p140lvttt0p8v25c
  cmd_wire_binary_tree_1_16_seq_DATA_WIDTH32_NUM_OUTPUT_DATA16_NUM_INPUT_DATA1_8
                     ZeroWireload          tcbn28hpcplusbwp30p140lvttt0p8v25c
  cmd_wire_binary_tree_1_16_seq_DATA_WIDTH32_NUM_OUTPUT_DATA16_NUM_INPUT_DATA1_7
                     ZeroWireload          tcbn28hpcplusbwp30p140lvttt0p8v25c
  cmd_wire_binary_tree_1_16_seq_DATA_WIDTH32_NUM_OUTPUT_DATA16_NUM_INPUT_DATA1_6
                     ZeroWireload          tcbn28hpcplusbwp30p140lvttt0p8v25c
  cmd_wire_binary_tree_1_16_seq_DATA_WIDTH32_NUM_OUTPUT_DATA16_NUM_INPUT_DATA1_5
                     ZeroWireload          tcbn28hpcplusbwp30p140lvttt0p8v25c
  cmd_wire_binary_tree_1_16_seq_DATA_WIDTH32_NUM_OUTPUT_DATA16_NUM_INPUT_DATA1_4
                     ZeroWireload          tcbn28hpcplusbwp30p140lvttt0p8v25c
  cmd_wire_binary_tree_1_16_seq_DATA_WIDTH32_NUM_OUTPUT_DATA16_NUM_INPUT_DATA1_3
                     ZeroWireload          tcbn28hpcplusbwp30p140lvttt0p8v25c
  cmd_wire_binary_tree_1_16_seq_DATA_WIDTH32_NUM_OUTPUT_DATA16_NUM_INPUT_DATA1_2
                     ZeroWireload          tcbn28hpcplusbwp30p140lvttt0p8v25c
  cmd_wire_binary_tree_1_16_seq_DATA_WIDTH32_NUM_OUTPUT_DATA16_NUM_INPUT_DATA1_1
                     ZeroWireload          tcbn28hpcplusbwp30p140lvttt0p8v25c
  wire_binary_tree_1_16_seq_DATA_WIDTH32_NUM_OUTPUT_DATA16_NUM_INPUT_DATA1_127
                     ZeroWireload          tcbn28hpcplusbwp30p140lvttt0p8v25c
  wire_binary_tree_1_16_seq_DATA_WIDTH32_NUM_OUTPUT_DATA16_NUM_INPUT_DATA1_126
                     ZeroWireload          tcbn28hpcplusbwp30p140lvttt0p8v25c
  wire_binary_tree_1_16_seq_DATA_WIDTH32_NUM_OUTPUT_DATA16_NUM_INPUT_DATA1_125
                     ZeroWireload          tcbn28hpcplusbwp30p140lvttt0p8v25c
  wire_binary_tree_1_16_seq_DATA_WIDTH32_NUM_OUTPUT_DATA16_NUM_INPUT_DATA1_124
                     ZeroWireload          tcbn28hpcplusbwp30p140lvttt0p8v25c
  wire_binary_tree_1_16_seq_DATA_WIDTH32_NUM_OUTPUT_DATA16_NUM_INPUT_DATA1_123
                     ZeroWireload          tcbn28hpcplusbwp30p140lvttt0p8v25c
  wire_binary_tree_1_16_seq_DATA_WIDTH32_NUM_OUTPUT_DATA16_NUM_INPUT_DATA1_122
                     ZeroWireload          tcbn28hpcplusbwp30p140lvttt0p8v25c
  wire_binary_tree_1_16_seq_DATA_WIDTH32_NUM_OUTPUT_DATA16_NUM_INPUT_DATA1_121
                     ZeroWireload          tcbn28hpcplusbwp30p140lvttt0p8v25c
  wire_binary_tree_1_16_seq_DATA_WIDTH32_NUM_OUTPUT_DATA16_NUM_INPUT_DATA1_120
                     ZeroWireload          tcbn28hpcplusbwp30p140lvttt0p8v25c
  wire_binary_tree_1_16_seq_DATA_WIDTH32_NUM_OUTPUT_DATA16_NUM_INPUT_DATA1_119
                     ZeroWireload          tcbn28hpcplusbwp30p140lvttt0p8v25c
  wire_binary_tree_1_16_seq_DATA_WIDTH32_NUM_OUTPUT_DATA16_NUM_INPUT_DATA1_118
                     ZeroWireload          tcbn28hpcplusbwp30p140lvttt0p8v25c
  wire_binary_tree_1_16_seq_DATA_WIDTH32_NUM_OUTPUT_DATA16_NUM_INPUT_DATA1_117
                     ZeroWireload          tcbn28hpcplusbwp30p140lvttt0p8v25c
  wire_binary_tree_1_16_seq_DATA_WIDTH32_NUM_OUTPUT_DATA16_NUM_INPUT_DATA1_116
                     ZeroWireload          tcbn28hpcplusbwp30p140lvttt0p8v25c
  wire_binary_tree_1_16_seq_DATA_WIDTH32_NUM_OUTPUT_DATA16_NUM_INPUT_DATA1_115
                     ZeroWireload          tcbn28hpcplusbwp30p140lvttt0p8v25c
  wire_binary_tree_1_16_seq_DATA_WIDTH32_NUM_OUTPUT_DATA16_NUM_INPUT_DATA1_114
                     ZeroWireload          tcbn28hpcplusbwp30p140lvttt0p8v25c
  wire_binary_tree_1_16_seq_DATA_WIDTH32_NUM_OUTPUT_DATA16_NUM_INPUT_DATA1_113
                     ZeroWireload          tcbn28hpcplusbwp30p140lvttt0p8v25c
  wire_binary_tree_1_16_seq_DATA_WIDTH32_NUM_OUTPUT_DATA16_NUM_INPUT_DATA1_112
                     ZeroWireload          tcbn28hpcplusbwp30p140lvttt0p8v25c
  wire_binary_tree_1_16_seq_DATA_WIDTH32_NUM_OUTPUT_DATA16_NUM_INPUT_DATA1_111
                     ZeroWireload          tcbn28hpcplusbwp30p140lvttt0p8v25c
  wire_binary_tree_1_16_seq_DATA_WIDTH32_NUM_OUTPUT_DATA16_NUM_INPUT_DATA1_110
                     ZeroWireload          tcbn28hpcplusbwp30p140lvttt0p8v25c
  wire_binary_tree_1_16_seq_DATA_WIDTH32_NUM_OUTPUT_DATA16_NUM_INPUT_DATA1_109
                     ZeroWireload          tcbn28hpcplusbwp30p140lvttt0p8v25c
  wire_binary_tree_1_16_seq_DATA_WIDTH32_NUM_OUTPUT_DATA16_NUM_INPUT_DATA1_108
                     ZeroWireload          tcbn28hpcplusbwp30p140lvttt0p8v25c
  wire_binary_tree_1_16_seq_DATA_WIDTH32_NUM_OUTPUT_DATA16_NUM_INPUT_DATA1_107
                     ZeroWireload          tcbn28hpcplusbwp30p140lvttt0p8v25c
  wire_binary_tree_1_16_seq_DATA_WIDTH32_NUM_OUTPUT_DATA16_NUM_INPUT_DATA1_106
                     ZeroWireload          tcbn28hpcplusbwp30p140lvttt0p8v25c
  wire_binary_tree_1_16_seq_DATA_WIDTH32_NUM_OUTPUT_DATA16_NUM_INPUT_DATA1_105
                     ZeroWireload          tcbn28hpcplusbwp30p140lvttt0p8v25c
  wire_binary_tree_1_16_seq_DATA_WIDTH32_NUM_OUTPUT_DATA16_NUM_INPUT_DATA1_104
                     ZeroWireload          tcbn28hpcplusbwp30p140lvttt0p8v25c
  wire_binary_tree_1_16_seq_DATA_WIDTH32_NUM_OUTPUT_DATA16_NUM_INPUT_DATA1_103
                     ZeroWireload          tcbn28hpcplusbwp30p140lvttt0p8v25c
  wire_binary_tree_1_16_seq_DATA_WIDTH32_NUM_OUTPUT_DATA16_NUM_INPUT_DATA1_102
                     ZeroWireload          tcbn28hpcplusbwp30p140lvttt0p8v25c
  wire_binary_tree_1_16_seq_DATA_WIDTH32_NUM_OUTPUT_DATA16_NUM_INPUT_DATA1_101
                     ZeroWireload          tcbn28hpcplusbwp30p140lvttt0p8v25c
  wire_binary_tree_1_16_seq_DATA_WIDTH32_NUM_OUTPUT_DATA16_NUM_INPUT_DATA1_100
                     ZeroWireload          tcbn28hpcplusbwp30p140lvttt0p8v25c
  wire_binary_tree_1_16_seq_DATA_WIDTH32_NUM_OUTPUT_DATA16_NUM_INPUT_DATA1_99
                     ZeroWireload          tcbn28hpcplusbwp30p140lvttt0p8v25c
  wire_binary_tree_1_16_seq_DATA_WIDTH32_NUM_OUTPUT_DATA16_NUM_INPUT_DATA1_98
                     ZeroWireload          tcbn28hpcplusbwp30p140lvttt0p8v25c
  wire_binary_tree_1_16_seq_DATA_WIDTH32_NUM_OUTPUT_DATA16_NUM_INPUT_DATA1_97
                     ZeroWireload          tcbn28hpcplusbwp30p140lvttt0p8v25c
  wire_binary_tree_1_16_seq_DATA_WIDTH32_NUM_OUTPUT_DATA16_NUM_INPUT_DATA1_96
                     ZeroWireload          tcbn28hpcplusbwp30p140lvttt0p8v25c
  wire_binary_tree_1_16_seq_DATA_WIDTH32_NUM_OUTPUT_DATA16_NUM_INPUT_DATA1_95
                     ZeroWireload          tcbn28hpcplusbwp30p140lvttt0p8v25c
  wire_binary_tree_1_16_seq_DATA_WIDTH32_NUM_OUTPUT_DATA16_NUM_INPUT_DATA1_94
                     ZeroWireload          tcbn28hpcplusbwp30p140lvttt0p8v25c
  wire_binary_tree_1_16_seq_DATA_WIDTH32_NUM_OUTPUT_DATA16_NUM_INPUT_DATA1_93
                     ZeroWireload          tcbn28hpcplusbwp30p140lvttt0p8v25c
  wire_binary_tree_1_16_seq_DATA_WIDTH32_NUM_OUTPUT_DATA16_NUM_INPUT_DATA1_92
                     ZeroWireload          tcbn28hpcplusbwp30p140lvttt0p8v25c
  wire_binary_tree_1_16_seq_DATA_WIDTH32_NUM_OUTPUT_DATA16_NUM_INPUT_DATA1_91
                     ZeroWireload          tcbn28hpcplusbwp30p140lvttt0p8v25c
  wire_binary_tree_1_16_seq_DATA_WIDTH32_NUM_OUTPUT_DATA16_NUM_INPUT_DATA1_90
                     ZeroWireload          tcbn28hpcplusbwp30p140lvttt0p8v25c
  wire_binary_tree_1_16_seq_DATA_WIDTH32_NUM_OUTPUT_DATA16_NUM_INPUT_DATA1_89
                     ZeroWireload          tcbn28hpcplusbwp30p140lvttt0p8v25c
  wire_binary_tree_1_16_seq_DATA_WIDTH32_NUM_OUTPUT_DATA16_NUM_INPUT_DATA1_88
                     ZeroWireload          tcbn28hpcplusbwp30p140lvttt0p8v25c
  wire_binary_tree_1_16_seq_DATA_WIDTH32_NUM_OUTPUT_DATA16_NUM_INPUT_DATA1_87
                     ZeroWireload          tcbn28hpcplusbwp30p140lvttt0p8v25c
  wire_binary_tree_1_16_seq_DATA_WIDTH32_NUM_OUTPUT_DATA16_NUM_INPUT_DATA1_86
                     ZeroWireload          tcbn28hpcplusbwp30p140lvttt0p8v25c
  wire_binary_tree_1_16_seq_DATA_WIDTH32_NUM_OUTPUT_DATA16_NUM_INPUT_DATA1_85
                     ZeroWireload          tcbn28hpcplusbwp30p140lvttt0p8v25c
  wire_binary_tree_1_16_seq_DATA_WIDTH32_NUM_OUTPUT_DATA16_NUM_INPUT_DATA1_84
                     ZeroWireload          tcbn28hpcplusbwp30p140lvttt0p8v25c
  wire_binary_tree_1_16_seq_DATA_WIDTH32_NUM_OUTPUT_DATA16_NUM_INPUT_DATA1_83
                     ZeroWireload          tcbn28hpcplusbwp30p140lvttt0p8v25c
  wire_binary_tree_1_16_seq_DATA_WIDTH32_NUM_OUTPUT_DATA16_NUM_INPUT_DATA1_82
                     ZeroWireload          tcbn28hpcplusbwp30p140lvttt0p8v25c
  wire_binary_tree_1_16_seq_DATA_WIDTH32_NUM_OUTPUT_DATA16_NUM_INPUT_DATA1_81
                     ZeroWireload          tcbn28hpcplusbwp30p140lvttt0p8v25c
  wire_binary_tree_1_16_seq_DATA_WIDTH32_NUM_OUTPUT_DATA16_NUM_INPUT_DATA1_80
                     ZeroWireload          tcbn28hpcplusbwp30p140lvttt0p8v25c
  wire_binary_tree_1_16_seq_DATA_WIDTH32_NUM_OUTPUT_DATA16_NUM_INPUT_DATA1_79
                     ZeroWireload          tcbn28hpcplusbwp30p140lvttt0p8v25c
  wire_binary_tree_1_16_seq_DATA_WIDTH32_NUM_OUTPUT_DATA16_NUM_INPUT_DATA1_78
                     ZeroWireload          tcbn28hpcplusbwp30p140lvttt0p8v25c
  wire_binary_tree_1_16_seq_DATA_WIDTH32_NUM_OUTPUT_DATA16_NUM_INPUT_DATA1_77
                     ZeroWireload          tcbn28hpcplusbwp30p140lvttt0p8v25c
  wire_binary_tree_1_16_seq_DATA_WIDTH32_NUM_OUTPUT_DATA16_NUM_INPUT_DATA1_76
                     ZeroWireload          tcbn28hpcplusbwp30p140lvttt0p8v25c
  wire_binary_tree_1_16_seq_DATA_WIDTH32_NUM_OUTPUT_DATA16_NUM_INPUT_DATA1_75
                     ZeroWireload          tcbn28hpcplusbwp30p140lvttt0p8v25c
  wire_binary_tree_1_16_seq_DATA_WIDTH32_NUM_OUTPUT_DATA16_NUM_INPUT_DATA1_74
                     ZeroWireload          tcbn28hpcplusbwp30p140lvttt0p8v25c
  wire_binary_tree_1_16_seq_DATA_WIDTH32_NUM_OUTPUT_DATA16_NUM_INPUT_DATA1_73
                     ZeroWireload          tcbn28hpcplusbwp30p140lvttt0p8v25c
  wire_binary_tree_1_16_seq_DATA_WIDTH32_NUM_OUTPUT_DATA16_NUM_INPUT_DATA1_72
                     ZeroWireload          tcbn28hpcplusbwp30p140lvttt0p8v25c
  wire_binary_tree_1_16_seq_DATA_WIDTH32_NUM_OUTPUT_DATA16_NUM_INPUT_DATA1_71
                     ZeroWireload          tcbn28hpcplusbwp30p140lvttt0p8v25c
  wire_binary_tree_1_16_seq_DATA_WIDTH32_NUM_OUTPUT_DATA16_NUM_INPUT_DATA1_70
                     ZeroWireload          tcbn28hpcplusbwp30p140lvttt0p8v25c
  wire_binary_tree_1_16_seq_DATA_WIDTH32_NUM_OUTPUT_DATA16_NUM_INPUT_DATA1_69
                     ZeroWireload          tcbn28hpcplusbwp30p140lvttt0p8v25c
  wire_binary_tree_1_16_seq_DATA_WIDTH32_NUM_OUTPUT_DATA16_NUM_INPUT_DATA1_68
                     ZeroWireload          tcbn28hpcplusbwp30p140lvttt0p8v25c
  wire_binary_tree_1_16_seq_DATA_WIDTH32_NUM_OUTPUT_DATA16_NUM_INPUT_DATA1_67
                     ZeroWireload          tcbn28hpcplusbwp30p140lvttt0p8v25c
  wire_binary_tree_1_16_seq_DATA_WIDTH32_NUM_OUTPUT_DATA16_NUM_INPUT_DATA1_66
                     ZeroWireload          tcbn28hpcplusbwp30p140lvttt0p8v25c
  wire_binary_tree_1_16_seq_DATA_WIDTH32_NUM_OUTPUT_DATA16_NUM_INPUT_DATA1_65
                     ZeroWireload          tcbn28hpcplusbwp30p140lvttt0p8v25c
  wire_binary_tree_1_16_seq_DATA_WIDTH32_NUM_OUTPUT_DATA16_NUM_INPUT_DATA1_64
                     ZeroWireload          tcbn28hpcplusbwp30p140lvttt0p8v25c
  wire_binary_tree_1_16_seq_DATA_WIDTH32_NUM_OUTPUT_DATA16_NUM_INPUT_DATA1_63
                     ZeroWireload          tcbn28hpcplusbwp30p140lvttt0p8v25c
  wire_binary_tree_1_16_seq_DATA_WIDTH32_NUM_OUTPUT_DATA16_NUM_INPUT_DATA1_62
                     ZeroWireload          tcbn28hpcplusbwp30p140lvttt0p8v25c
  wire_binary_tree_1_16_seq_DATA_WIDTH32_NUM_OUTPUT_DATA16_NUM_INPUT_DATA1_61
                     ZeroWireload          tcbn28hpcplusbwp30p140lvttt0p8v25c
  wire_binary_tree_1_16_seq_DATA_WIDTH32_NUM_OUTPUT_DATA16_NUM_INPUT_DATA1_60
                     ZeroWireload          tcbn28hpcplusbwp30p140lvttt0p8v25c
  wire_binary_tree_1_16_seq_DATA_WIDTH32_NUM_OUTPUT_DATA16_NUM_INPUT_DATA1_59
                     ZeroWireload          tcbn28hpcplusbwp30p140lvttt0p8v25c
  wire_binary_tree_1_16_seq_DATA_WIDTH32_NUM_OUTPUT_DATA16_NUM_INPUT_DATA1_58
                     ZeroWireload          tcbn28hpcplusbwp30p140lvttt0p8v25c
  wire_binary_tree_1_16_seq_DATA_WIDTH32_NUM_OUTPUT_DATA16_NUM_INPUT_DATA1_57
                     ZeroWireload          tcbn28hpcplusbwp30p140lvttt0p8v25c
  wire_binary_tree_1_16_seq_DATA_WIDTH32_NUM_OUTPUT_DATA16_NUM_INPUT_DATA1_56
                     ZeroWireload          tcbn28hpcplusbwp30p140lvttt0p8v25c
  wire_binary_tree_1_16_seq_DATA_WIDTH32_NUM_OUTPUT_DATA16_NUM_INPUT_DATA1_55
                     ZeroWireload          tcbn28hpcplusbwp30p140lvttt0p8v25c
  wire_binary_tree_1_16_seq_DATA_WIDTH32_NUM_OUTPUT_DATA16_NUM_INPUT_DATA1_54
                     ZeroWireload          tcbn28hpcplusbwp30p140lvttt0p8v25c
  wire_binary_tree_1_16_seq_DATA_WIDTH32_NUM_OUTPUT_DATA16_NUM_INPUT_DATA1_53
                     ZeroWireload          tcbn28hpcplusbwp30p140lvttt0p8v25c
  wire_binary_tree_1_16_seq_DATA_WIDTH32_NUM_OUTPUT_DATA16_NUM_INPUT_DATA1_52
                     ZeroWireload          tcbn28hpcplusbwp30p140lvttt0p8v25c
  wire_binary_tree_1_16_seq_DATA_WIDTH32_NUM_OUTPUT_DATA16_NUM_INPUT_DATA1_51
                     ZeroWireload          tcbn28hpcplusbwp30p140lvttt0p8v25c
  wire_binary_tree_1_16_seq_DATA_WIDTH32_NUM_OUTPUT_DATA16_NUM_INPUT_DATA1_50
                     ZeroWireload          tcbn28hpcplusbwp30p140lvttt0p8v25c
  wire_binary_tree_1_16_seq_DATA_WIDTH32_NUM_OUTPUT_DATA16_NUM_INPUT_DATA1_49
                     ZeroWireload          tcbn28hpcplusbwp30p140lvttt0p8v25c
  wire_binary_tree_1_16_seq_DATA_WIDTH32_NUM_OUTPUT_DATA16_NUM_INPUT_DATA1_48
                     ZeroWireload          tcbn28hpcplusbwp30p140lvttt0p8v25c
  wire_binary_tree_1_16_seq_DATA_WIDTH32_NUM_OUTPUT_DATA16_NUM_INPUT_DATA1_47
                     ZeroWireload          tcbn28hpcplusbwp30p140lvttt0p8v25c
  wire_binary_tree_1_16_seq_DATA_WIDTH32_NUM_OUTPUT_DATA16_NUM_INPUT_DATA1_46
                     ZeroWireload          tcbn28hpcplusbwp30p140lvttt0p8v25c
  wire_binary_tree_1_16_seq_DATA_WIDTH32_NUM_OUTPUT_DATA16_NUM_INPUT_DATA1_45
                     ZeroWireload          tcbn28hpcplusbwp30p140lvttt0p8v25c
  wire_binary_tree_1_16_seq_DATA_WIDTH32_NUM_OUTPUT_DATA16_NUM_INPUT_DATA1_44
                     ZeroWireload          tcbn28hpcplusbwp30p140lvttt0p8v25c
  wire_binary_tree_1_16_seq_DATA_WIDTH32_NUM_OUTPUT_DATA16_NUM_INPUT_DATA1_43
                     ZeroWireload          tcbn28hpcplusbwp30p140lvttt0p8v25c
  wire_binary_tree_1_16_seq_DATA_WIDTH32_NUM_OUTPUT_DATA16_NUM_INPUT_DATA1_42
                     ZeroWireload          tcbn28hpcplusbwp30p140lvttt0p8v25c
  wire_binary_tree_1_16_seq_DATA_WIDTH32_NUM_OUTPUT_DATA16_NUM_INPUT_DATA1_41
                     ZeroWireload          tcbn28hpcplusbwp30p140lvttt0p8v25c
  wire_binary_tree_1_16_seq_DATA_WIDTH32_NUM_OUTPUT_DATA16_NUM_INPUT_DATA1_40
                     ZeroWireload          tcbn28hpcplusbwp30p140lvttt0p8v25c
  wire_binary_tree_1_16_seq_DATA_WIDTH32_NUM_OUTPUT_DATA16_NUM_INPUT_DATA1_39
                     ZeroWireload          tcbn28hpcplusbwp30p140lvttt0p8v25c
  wire_binary_tree_1_16_seq_DATA_WIDTH32_NUM_OUTPUT_DATA16_NUM_INPUT_DATA1_38
                     ZeroWireload          tcbn28hpcplusbwp30p140lvttt0p8v25c
  wire_binary_tree_1_16_seq_DATA_WIDTH32_NUM_OUTPUT_DATA16_NUM_INPUT_DATA1_37
                     ZeroWireload          tcbn28hpcplusbwp30p140lvttt0p8v25c
  wire_binary_tree_1_16_seq_DATA_WIDTH32_NUM_OUTPUT_DATA16_NUM_INPUT_DATA1_36
                     ZeroWireload          tcbn28hpcplusbwp30p140lvttt0p8v25c
  wire_binary_tree_1_16_seq_DATA_WIDTH32_NUM_OUTPUT_DATA16_NUM_INPUT_DATA1_35
                     ZeroWireload          tcbn28hpcplusbwp30p140lvttt0p8v25c
  wire_binary_tree_1_16_seq_DATA_WIDTH32_NUM_OUTPUT_DATA16_NUM_INPUT_DATA1_34
                     ZeroWireload          tcbn28hpcplusbwp30p140lvttt0p8v25c
  wire_binary_tree_1_16_seq_DATA_WIDTH32_NUM_OUTPUT_DATA16_NUM_INPUT_DATA1_33
                     ZeroWireload          tcbn28hpcplusbwp30p140lvttt0p8v25c
  wire_binary_tree_1_16_seq_DATA_WIDTH32_NUM_OUTPUT_DATA16_NUM_INPUT_DATA1_32
                     ZeroWireload          tcbn28hpcplusbwp30p140lvttt0p8v25c
  wire_binary_tree_1_16_seq_DATA_WIDTH32_NUM_OUTPUT_DATA16_NUM_INPUT_DATA1_31
                     ZeroWireload          tcbn28hpcplusbwp30p140lvttt0p8v25c
  wire_binary_tree_1_16_seq_DATA_WIDTH32_NUM_OUTPUT_DATA16_NUM_INPUT_DATA1_30
                     ZeroWireload          tcbn28hpcplusbwp30p140lvttt0p8v25c
  wire_binary_tree_1_16_seq_DATA_WIDTH32_NUM_OUTPUT_DATA16_NUM_INPUT_DATA1_29
                     ZeroWireload          tcbn28hpcplusbwp30p140lvttt0p8v25c
  wire_binary_tree_1_16_seq_DATA_WIDTH32_NUM_OUTPUT_DATA16_NUM_INPUT_DATA1_28
                     ZeroWireload          tcbn28hpcplusbwp30p140lvttt0p8v25c
  wire_binary_tree_1_16_seq_DATA_WIDTH32_NUM_OUTPUT_DATA16_NUM_INPUT_DATA1_27
                     ZeroWireload          tcbn28hpcplusbwp30p140lvttt0p8v25c
  wire_binary_tree_1_16_seq_DATA_WIDTH32_NUM_OUTPUT_DATA16_NUM_INPUT_DATA1_26
                     ZeroWireload          tcbn28hpcplusbwp30p140lvttt0p8v25c
  wire_binary_tree_1_16_seq_DATA_WIDTH32_NUM_OUTPUT_DATA16_NUM_INPUT_DATA1_25
                     ZeroWireload          tcbn28hpcplusbwp30p140lvttt0p8v25c
  wire_binary_tree_1_16_seq_DATA_WIDTH32_NUM_OUTPUT_DATA16_NUM_INPUT_DATA1_24
                     ZeroWireload          tcbn28hpcplusbwp30p140lvttt0p8v25c
  wire_binary_tree_1_16_seq_DATA_WIDTH32_NUM_OUTPUT_DATA16_NUM_INPUT_DATA1_23
                     ZeroWireload          tcbn28hpcplusbwp30p140lvttt0p8v25c
  wire_binary_tree_1_16_seq_DATA_WIDTH32_NUM_OUTPUT_DATA16_NUM_INPUT_DATA1_22
                     ZeroWireload          tcbn28hpcplusbwp30p140lvttt0p8v25c
  wire_binary_tree_1_16_seq_DATA_WIDTH32_NUM_OUTPUT_DATA16_NUM_INPUT_DATA1_21
                     ZeroWireload          tcbn28hpcplusbwp30p140lvttt0p8v25c
  wire_binary_tree_1_16_seq_DATA_WIDTH32_NUM_OUTPUT_DATA16_NUM_INPUT_DATA1_20
                     ZeroWireload          tcbn28hpcplusbwp30p140lvttt0p8v25c
  wire_binary_tree_1_16_seq_DATA_WIDTH32_NUM_OUTPUT_DATA16_NUM_INPUT_DATA1_19
                     ZeroWireload          tcbn28hpcplusbwp30p140lvttt0p8v25c
  wire_binary_tree_1_16_seq_DATA_WIDTH32_NUM_OUTPUT_DATA16_NUM_INPUT_DATA1_18
                     ZeroWireload          tcbn28hpcplusbwp30p140lvttt0p8v25c
  wire_binary_tree_1_16_seq_DATA_WIDTH32_NUM_OUTPUT_DATA16_NUM_INPUT_DATA1_17
                     ZeroWireload          tcbn28hpcplusbwp30p140lvttt0p8v25c
  wire_binary_tree_1_16_seq_DATA_WIDTH32_NUM_OUTPUT_DATA16_NUM_INPUT_DATA1_16
                     ZeroWireload          tcbn28hpcplusbwp30p140lvttt0p8v25c
  wire_binary_tree_1_16_seq_DATA_WIDTH32_NUM_OUTPUT_DATA16_NUM_INPUT_DATA1_15
                     ZeroWireload          tcbn28hpcplusbwp30p140lvttt0p8v25c
  wire_binary_tree_1_16_seq_DATA_WIDTH32_NUM_OUTPUT_DATA16_NUM_INPUT_DATA1_14
                     ZeroWireload          tcbn28hpcplusbwp30p140lvttt0p8v25c
  wire_binary_tree_1_16_seq_DATA_WIDTH32_NUM_OUTPUT_DATA16_NUM_INPUT_DATA1_13
                     ZeroWireload          tcbn28hpcplusbwp30p140lvttt0p8v25c
  wire_binary_tree_1_16_seq_DATA_WIDTH32_NUM_OUTPUT_DATA16_NUM_INPUT_DATA1_12
                     ZeroWireload          tcbn28hpcplusbwp30p140lvttt0p8v25c
  wire_binary_tree_1_16_seq_DATA_WIDTH32_NUM_OUTPUT_DATA16_NUM_INPUT_DATA1_11
                     ZeroWireload          tcbn28hpcplusbwp30p140lvttt0p8v25c
  wire_binary_tree_1_16_seq_DATA_WIDTH32_NUM_OUTPUT_DATA16_NUM_INPUT_DATA1_10
                     ZeroWireload          tcbn28hpcplusbwp30p140lvttt0p8v25c
  wire_binary_tree_1_16_seq_DATA_WIDTH32_NUM_OUTPUT_DATA16_NUM_INPUT_DATA1_9
                     ZeroWireload          tcbn28hpcplusbwp30p140lvttt0p8v25c
  wire_binary_tree_1_16_seq_DATA_WIDTH32_NUM_OUTPUT_DATA16_NUM_INPUT_DATA1_8
                     ZeroWireload          tcbn28hpcplusbwp30p140lvttt0p8v25c
  wire_binary_tree_1_16_seq_DATA_WIDTH32_NUM_OUTPUT_DATA16_NUM_INPUT_DATA1_7
                     ZeroWireload          tcbn28hpcplusbwp30p140lvttt0p8v25c
  wire_binary_tree_1_16_seq_DATA_WIDTH32_NUM_OUTPUT_DATA16_NUM_INPUT_DATA1_6
                     ZeroWireload          tcbn28hpcplusbwp30p140lvttt0p8v25c
  wire_binary_tree_1_16_seq_DATA_WIDTH32_NUM_OUTPUT_DATA16_NUM_INPUT_DATA1_5
                     ZeroWireload          tcbn28hpcplusbwp30p140lvttt0p8v25c
  wire_binary_tree_1_16_seq_DATA_WIDTH32_NUM_OUTPUT_DATA16_NUM_INPUT_DATA1_4
                     ZeroWireload          tcbn28hpcplusbwp30p140lvttt0p8v25c
  wire_binary_tree_1_16_seq_DATA_WIDTH32_NUM_OUTPUT_DATA16_NUM_INPUT_DATA1_3
                     ZeroWireload          tcbn28hpcplusbwp30p140lvttt0p8v25c
  wire_binary_tree_1_16_seq_DATA_WIDTH32_NUM_OUTPUT_DATA16_NUM_INPUT_DATA1_2
                     ZeroWireload          tcbn28hpcplusbwp30p140lvttt0p8v25c
  wire_binary_tree_1_16_seq_DATA_WIDTH32_NUM_OUTPUT_DATA16_NUM_INPUT_DATA1_1
                     ZeroWireload          tcbn28hpcplusbwp30p140lvttt0p8v25c
  mux_tree_128_1_seq_DATA_WIDTH32_NUM_OUTPUT_DATA1_NUM_INPUT_DATA128_15
                     ZeroWireload          tcbn28hpcplusbwp30p140lvttt0p8v25c
  mux_tree_128_1_seq_DATA_WIDTH32_NUM_OUTPUT_DATA1_NUM_INPUT_DATA128_14
                     ZeroWireload          tcbn28hpcplusbwp30p140lvttt0p8v25c
  mux_tree_128_1_seq_DATA_WIDTH32_NUM_OUTPUT_DATA1_NUM_INPUT_DATA128_13
                     ZeroWireload          tcbn28hpcplusbwp30p140lvttt0p8v25c
  mux_tree_128_1_seq_DATA_WIDTH32_NUM_OUTPUT_DATA1_NUM_INPUT_DATA128_12
                     ZeroWireload          tcbn28hpcplusbwp30p140lvttt0p8v25c
  mux_tree_128_1_seq_DATA_WIDTH32_NUM_OUTPUT_DATA1_NUM_INPUT_DATA128_11
                     ZeroWireload          tcbn28hpcplusbwp30p140lvttt0p8v25c
  mux_tree_128_1_seq_DATA_WIDTH32_NUM_OUTPUT_DATA1_NUM_INPUT_DATA128_10
                     ZeroWireload          tcbn28hpcplusbwp30p140lvttt0p8v25c
  mux_tree_128_1_seq_DATA_WIDTH32_NUM_OUTPUT_DATA1_NUM_INPUT_DATA128_9
                     ZeroWireload          tcbn28hpcplusbwp30p140lvttt0p8v25c
  mux_tree_128_1_seq_DATA_WIDTH32_NUM_OUTPUT_DATA1_NUM_INPUT_DATA128_8
                     ZeroWireload          tcbn28hpcplusbwp30p140lvttt0p8v25c
  mux_tree_128_1_seq_DATA_WIDTH32_NUM_OUTPUT_DATA1_NUM_INPUT_DATA128_7
                     ZeroWireload          tcbn28hpcplusbwp30p140lvttt0p8v25c
  mux_tree_128_1_seq_DATA_WIDTH32_NUM_OUTPUT_DATA1_NUM_INPUT_DATA128_6
                     ZeroWireload          tcbn28hpcplusbwp30p140lvttt0p8v25c
  mux_tree_128_1_seq_DATA_WIDTH32_NUM_OUTPUT_DATA1_NUM_INPUT_DATA128_5
                     ZeroWireload          tcbn28hpcplusbwp30p140lvttt0p8v25c
  mux_tree_128_1_seq_DATA_WIDTH32_NUM_OUTPUT_DATA1_NUM_INPUT_DATA128_4
                     ZeroWireload          tcbn28hpcplusbwp30p140lvttt0p8v25c
  mux_tree_128_1_seq_DATA_WIDTH32_NUM_OUTPUT_DATA1_NUM_INPUT_DATA128_3
                     ZeroWireload          tcbn28hpcplusbwp30p140lvttt0p8v25c
  mux_tree_128_1_seq_DATA_WIDTH32_NUM_OUTPUT_DATA1_NUM_INPUT_DATA128_2
                     ZeroWireload          tcbn28hpcplusbwp30p140lvttt0p8v25c
  mux_tree_128_1_seq_DATA_WIDTH32_NUM_OUTPUT_DATA1_NUM_INPUT_DATA128_1
                     ZeroWireload          tcbn28hpcplusbwp30p140lvttt0p8v25c
  mux_tree_128_1_seq_DATA_WIDTH32_NUM_OUTPUT_DATA1_NUM_INPUT_DATA128_0
                     ZeroWireload          tcbn28hpcplusbwp30p140lvttt0p8v25c
  cmd_wire_binary_tree_1_16_seq_DATA_WIDTH32_NUM_OUTPUT_DATA16_NUM_INPUT_DATA1_0
                     ZeroWireload          tcbn28hpcplusbwp30p140lvttt0p8v25c
  crossbar_one_hot_seq
                     ZeroWireload          tcbn28hpcplusbwp30p140lvttt0p8v25c
  wire_binary_tree_1_16_seq_DATA_WIDTH32_NUM_OUTPUT_DATA16_NUM_INPUT_DATA1_0
                     ZeroWireload          tcbn28hpcplusbwp30p140lvttt0p8v25c

  Point                                                   Incr       Path
  --------------------------------------------------------------------------
  clock CLK (rise edge)                                   0.00       0.00
  clock network delay (ideal)                             0.00       0.00
  i_cmd_id_118__cmd_pipeline/o_cmd_reg_reg_14_/CP (DFQD4BWP30P140LVT)
                                                          0.00 #     0.00 r
  i_cmd_id_118__cmd_pipeline/o_cmd_reg_reg_14_/Q (DFQD4BWP30P140LVT)
                                                          0.04       0.04 f
  i_cmd_id_118__cmd_pipeline/o_cmd_14 (cmd_wire_binary_tree_1_16_seq_DATA_WIDTH32_NUM_OUTPUT_DATA16_NUM_INPUT_DATA1_10)
                                                          0.00       0.04 f
  bottom_half_14__mux_tree/i_cmd[118] (mux_tree_128_1_seq_DATA_WIDTH32_NUM_OUTPUT_DATA1_NUM_INPUT_DATA128_2)
                                                          0.00       0.04 f
  bottom_half_14__mux_tree/U2804/ZN (NR2OPTPAD2BWP30P140LVT)
                                                          0.01       0.05 r
  bottom_half_14__mux_tree/U2805/ZN (ND2OPTIBD4BWP30P140LVT)
                                                          0.01       0.06 f
  bottom_half_14__mux_tree/U327/ZN (NR2D8BWP30P140LVT)
                                                          0.01       0.07 r
  bottom_half_14__mux_tree/U2861/ZN (ND3OPTPAD2BWP30P140LVT)
                                                          0.01       0.08 f
  bottom_half_14__mux_tree/U3141/ZN (NR2OPTPAD1BWP30P140LVT)
                                                          0.02       0.10 r
  bottom_half_14__mux_tree/U346/ZN (ND3D2BWP30P140LVT)
                                                          0.02       0.12 f
  bottom_half_14__mux_tree/U3142/ZN (INR2D4BWP30P140LVT)
                                                          0.01       0.13 r
  bottom_half_14__mux_tree/U3143/ZN (INVD2BWP30P140LVT)
                                                          0.01       0.14 f
  bottom_half_14__mux_tree/U1387/ZN (INVD4BWP30P140LVT)
                                                          0.01       0.15 r
  bottom_half_14__mux_tree/U1926/ZN (AOI21OPTREPBD1BWP30P140LVT)
                                                          0.01       0.16 f
  bottom_half_14__mux_tree/U6280/ZN (ND3D1BWP30P140LVT)
                                                          0.01       0.17 r
  bottom_half_14__mux_tree/U6284/ZN (NR3D0P7BWP30P140LVT)
                                                          0.01       0.17 f
  bottom_half_14__mux_tree/U6298/ZN (ND3D1BWP30P140LVT)
                                                          0.01       0.18 r
  bottom_half_14__mux_tree/U2576/ZN (OAI31D2BWP30P140LVT)
                                                          0.01       0.19 f
  bottom_half_14__mux_tree/U6411/ZN (ND3D2BWP30P140LVT)
                                                          0.01       0.20 r
  bottom_half_14__mux_tree/o_data_bus_reg_reg_8_/D (DFQD1BWP30P140LVT)
                                                          0.00       0.20 r
  data arrival time                                                  0.20

  clock CLK (rise edge)                                   0.30       0.30
  clock network delay (ideal)                             0.00       0.30
  clock uncertainty                                      -0.15       0.15
  bottom_half_14__mux_tree/o_data_bus_reg_reg_8_/CP (DFQD1BWP30P140LVT)
                                                          0.00       0.15 r
  library setup time                                     -0.01       0.14
  data required time                                                 0.14
  --------------------------------------------------------------------------
  data required time                                                 0.14
  data arrival time                                                 -0.20
  --------------------------------------------------------------------------
  slack (VIOLATED)                                                  -0.07


1
