Information: Propagating switching activity (low effort zero delay simulation). (PWR-6)
Warning: Design has unannotated primary inputs. (PWR-414)
Warning: Design has unannotated sequential cell outputs. (PWR-415)
 
****************************************
Report : power
        -hier
        -analysis_effort low
Design : crossbar_one_hot_seq
Version: J-2014.09-SP3
Date   : Mon Jun 21 02:00:03 2021
****************************************


Library(s) Used:

    tcbn28hpcplusbwp30p140lvttt0p8v25c (File: /usr/scratch/DRBE-shared/TSMC-library/IP/TSMC28_STD_CELLS/unzipped/tcbn28hpcplusbwp30p140lvt_190a/tcbn28hpcplusbwp30p140lvt_180a_nldm/TSMCHOME/digital/Front_End/timing_power_noise/NLDM/tcbn28hpcplusbwp30p140lvt_180a/tcbn28hpcplusbwp30p140lvttt0p8v25c.db)


Operating Conditions: tt0p8v25c   Library: tcbn28hpcplusbwp30p140lvttt0p8v25c
Wire Load Model Mode: segmented

Design        Wire Load Model            Library
------------------------------------------------
crossbar_one_hot_seq   ZeroWireload      tcbn28hpcplusbwp30p140lvttt0p8v25c
wire_binary_tree_1_16_seq_DATA_WIDTH32_NUM_OUTPUT_DATA16_NUM_INPUT_DATA1_0
                       ZeroWireload      tcbn28hpcplusbwp30p140lvttt0p8v25c
cmd_wire_binary_tree_1_16_seq_DATA_WIDTH32_NUM_OUTPUT_DATA16_NUM_INPUT_DATA1_0
                       ZeroWireload      tcbn28hpcplusbwp30p140lvttt0p8v25c
mux_tree_128_1_seq_DATA_WIDTH32_NUM_OUTPUT_DATA1_NUM_INPUT_DATA128_0
                       ZeroWireload      tcbn28hpcplusbwp30p140lvttt0p8v25c
mux_tree_128_1_seq_DATA_WIDTH32_NUM_OUTPUT_DATA1_NUM_INPUT_DATA128_1
                       ZeroWireload      tcbn28hpcplusbwp30p140lvttt0p8v25c
mux_tree_128_1_seq_DATA_WIDTH32_NUM_OUTPUT_DATA1_NUM_INPUT_DATA128_2
                       ZeroWireload      tcbn28hpcplusbwp30p140lvttt0p8v25c
mux_tree_128_1_seq_DATA_WIDTH32_NUM_OUTPUT_DATA1_NUM_INPUT_DATA128_3
                       ZeroWireload      tcbn28hpcplusbwp30p140lvttt0p8v25c
mux_tree_128_1_seq_DATA_WIDTH32_NUM_OUTPUT_DATA1_NUM_INPUT_DATA128_4
                       ZeroWireload      tcbn28hpcplusbwp30p140lvttt0p8v25c
mux_tree_128_1_seq_DATA_WIDTH32_NUM_OUTPUT_DATA1_NUM_INPUT_DATA128_5
                       ZeroWireload      tcbn28hpcplusbwp30p140lvttt0p8v25c
mux_tree_128_1_seq_DATA_WIDTH32_NUM_OUTPUT_DATA1_NUM_INPUT_DATA128_6
                       ZeroWireload      tcbn28hpcplusbwp30p140lvttt0p8v25c
mux_tree_128_1_seq_DATA_WIDTH32_NUM_OUTPUT_DATA1_NUM_INPUT_DATA128_7
                       ZeroWireload      tcbn28hpcplusbwp30p140lvttt0p8v25c
mux_tree_128_1_seq_DATA_WIDTH32_NUM_OUTPUT_DATA1_NUM_INPUT_DATA128_8
                       ZeroWireload      tcbn28hpcplusbwp30p140lvttt0p8v25c
mux_tree_128_1_seq_DATA_WIDTH32_NUM_OUTPUT_DATA1_NUM_INPUT_DATA128_9
                       ZeroWireload      tcbn28hpcplusbwp30p140lvttt0p8v25c
mux_tree_128_1_seq_DATA_WIDTH32_NUM_OUTPUT_DATA1_NUM_INPUT_DATA128_10
                       ZeroWireload      tcbn28hpcplusbwp30p140lvttt0p8v25c
mux_tree_128_1_seq_DATA_WIDTH32_NUM_OUTPUT_DATA1_NUM_INPUT_DATA128_11
                       ZeroWireload      tcbn28hpcplusbwp30p140lvttt0p8v25c
mux_tree_128_1_seq_DATA_WIDTH32_NUM_OUTPUT_DATA1_NUM_INPUT_DATA128_12
                       ZeroWireload      tcbn28hpcplusbwp30p140lvttt0p8v25c
mux_tree_128_1_seq_DATA_WIDTH32_NUM_OUTPUT_DATA1_NUM_INPUT_DATA128_13
                       ZeroWireload      tcbn28hpcplusbwp30p140lvttt0p8v25c
mux_tree_128_1_seq_DATA_WIDTH32_NUM_OUTPUT_DATA1_NUM_INPUT_DATA128_14
                       ZeroWireload      tcbn28hpcplusbwp30p140lvttt0p8v25c
mux_tree_128_1_seq_DATA_WIDTH32_NUM_OUTPUT_DATA1_NUM_INPUT_DATA128_15
                       ZeroWireload      tcbn28hpcplusbwp30p140lvttt0p8v25c
wire_binary_tree_1_16_seq_DATA_WIDTH32_NUM_OUTPUT_DATA16_NUM_INPUT_DATA1_1
                       ZeroWireload      tcbn28hpcplusbwp30p140lvttt0p8v25c
wire_binary_tree_1_16_seq_DATA_WIDTH32_NUM_OUTPUT_DATA16_NUM_INPUT_DATA1_2
                       ZeroWireload      tcbn28hpcplusbwp30p140lvttt0p8v25c
wire_binary_tree_1_16_seq_DATA_WIDTH32_NUM_OUTPUT_DATA16_NUM_INPUT_DATA1_3
                       ZeroWireload      tcbn28hpcplusbwp30p140lvttt0p8v25c
wire_binary_tree_1_16_seq_DATA_WIDTH32_NUM_OUTPUT_DATA16_NUM_INPUT_DATA1_4
                       ZeroWireload      tcbn28hpcplusbwp30p140lvttt0p8v25c
wire_binary_tree_1_16_seq_DATA_WIDTH32_NUM_OUTPUT_DATA16_NUM_INPUT_DATA1_5
                       ZeroWireload      tcbn28hpcplusbwp30p140lvttt0p8v25c
wire_binary_tree_1_16_seq_DATA_WIDTH32_NUM_OUTPUT_DATA16_NUM_INPUT_DATA1_6
                       ZeroWireload      tcbn28hpcplusbwp30p140lvttt0p8v25c
wire_binary_tree_1_16_seq_DATA_WIDTH32_NUM_OUTPUT_DATA16_NUM_INPUT_DATA1_7
                       ZeroWireload      tcbn28hpcplusbwp30p140lvttt0p8v25c
wire_binary_tree_1_16_seq_DATA_WIDTH32_NUM_OUTPUT_DATA16_NUM_INPUT_DATA1_8
                       ZeroWireload      tcbn28hpcplusbwp30p140lvttt0p8v25c
wire_binary_tree_1_16_seq_DATA_WIDTH32_NUM_OUTPUT_DATA16_NUM_INPUT_DATA1_9
                       ZeroWireload      tcbn28hpcplusbwp30p140lvttt0p8v25c
wire_binary_tree_1_16_seq_DATA_WIDTH32_NUM_OUTPUT_DATA16_NUM_INPUT_DATA1_10
                       ZeroWireload      tcbn28hpcplusbwp30p140lvttt0p8v25c
wire_binary_tree_1_16_seq_DATA_WIDTH32_NUM_OUTPUT_DATA16_NUM_INPUT_DATA1_11
                       ZeroWireload      tcbn28hpcplusbwp30p140lvttt0p8v25c
wire_binary_tree_1_16_seq_DATA_WIDTH32_NUM_OUTPUT_DATA16_NUM_INPUT_DATA1_12
                       ZeroWireload      tcbn28hpcplusbwp30p140lvttt0p8v25c
wire_binary_tree_1_16_seq_DATA_WIDTH32_NUM_OUTPUT_DATA16_NUM_INPUT_DATA1_13
                       ZeroWireload      tcbn28hpcplusbwp30p140lvttt0p8v25c
wire_binary_tree_1_16_seq_DATA_WIDTH32_NUM_OUTPUT_DATA16_NUM_INPUT_DATA1_14
                       ZeroWireload      tcbn28hpcplusbwp30p140lvttt0p8v25c
wire_binary_tree_1_16_seq_DATA_WIDTH32_NUM_OUTPUT_DATA16_NUM_INPUT_DATA1_15
                       ZeroWireload      tcbn28hpcplusbwp30p140lvttt0p8v25c
wire_binary_tree_1_16_seq_DATA_WIDTH32_NUM_OUTPUT_DATA16_NUM_INPUT_DATA1_16
                       ZeroWireload      tcbn28hpcplusbwp30p140lvttt0p8v25c
wire_binary_tree_1_16_seq_DATA_WIDTH32_NUM_OUTPUT_DATA16_NUM_INPUT_DATA1_17
                       ZeroWireload      tcbn28hpcplusbwp30p140lvttt0p8v25c
wire_binary_tree_1_16_seq_DATA_WIDTH32_NUM_OUTPUT_DATA16_NUM_INPUT_DATA1_18
                       ZeroWireload      tcbn28hpcplusbwp30p140lvttt0p8v25c
wire_binary_tree_1_16_seq_DATA_WIDTH32_NUM_OUTPUT_DATA16_NUM_INPUT_DATA1_19
                       ZeroWireload      tcbn28hpcplusbwp30p140lvttt0p8v25c
wire_binary_tree_1_16_seq_DATA_WIDTH32_NUM_OUTPUT_DATA16_NUM_INPUT_DATA1_20
                       ZeroWireload      tcbn28hpcplusbwp30p140lvttt0p8v25c
wire_binary_tree_1_16_seq_DATA_WIDTH32_NUM_OUTPUT_DATA16_NUM_INPUT_DATA1_21
                       ZeroWireload      tcbn28hpcplusbwp30p140lvttt0p8v25c
wire_binary_tree_1_16_seq_DATA_WIDTH32_NUM_OUTPUT_DATA16_NUM_INPUT_DATA1_22
                       ZeroWireload      tcbn28hpcplusbwp30p140lvttt0p8v25c
wire_binary_tree_1_16_seq_DATA_WIDTH32_NUM_OUTPUT_DATA16_NUM_INPUT_DATA1_23
                       ZeroWireload      tcbn28hpcplusbwp30p140lvttt0p8v25c
wire_binary_tree_1_16_seq_DATA_WIDTH32_NUM_OUTPUT_DATA16_NUM_INPUT_DATA1_24
                       ZeroWireload      tcbn28hpcplusbwp30p140lvttt0p8v25c
wire_binary_tree_1_16_seq_DATA_WIDTH32_NUM_OUTPUT_DATA16_NUM_INPUT_DATA1_25
                       ZeroWireload      tcbn28hpcplusbwp30p140lvttt0p8v25c
wire_binary_tree_1_16_seq_DATA_WIDTH32_NUM_OUTPUT_DATA16_NUM_INPUT_DATA1_26
                       ZeroWireload      tcbn28hpcplusbwp30p140lvttt0p8v25c
wire_binary_tree_1_16_seq_DATA_WIDTH32_NUM_OUTPUT_DATA16_NUM_INPUT_DATA1_27
                       ZeroWireload      tcbn28hpcplusbwp30p140lvttt0p8v25c
wire_binary_tree_1_16_seq_DATA_WIDTH32_NUM_OUTPUT_DATA16_NUM_INPUT_DATA1_28
                       ZeroWireload      tcbn28hpcplusbwp30p140lvttt0p8v25c
wire_binary_tree_1_16_seq_DATA_WIDTH32_NUM_OUTPUT_DATA16_NUM_INPUT_DATA1_29
                       ZeroWireload      tcbn28hpcplusbwp30p140lvttt0p8v25c
wire_binary_tree_1_16_seq_DATA_WIDTH32_NUM_OUTPUT_DATA16_NUM_INPUT_DATA1_30
                       ZeroWireload      tcbn28hpcplusbwp30p140lvttt0p8v25c
wire_binary_tree_1_16_seq_DATA_WIDTH32_NUM_OUTPUT_DATA16_NUM_INPUT_DATA1_31
                       ZeroWireload      tcbn28hpcplusbwp30p140lvttt0p8v25c
wire_binary_tree_1_16_seq_DATA_WIDTH32_NUM_OUTPUT_DATA16_NUM_INPUT_DATA1_32
                       ZeroWireload      tcbn28hpcplusbwp30p140lvttt0p8v25c
wire_binary_tree_1_16_seq_DATA_WIDTH32_NUM_OUTPUT_DATA16_NUM_INPUT_DATA1_33
                       ZeroWireload      tcbn28hpcplusbwp30p140lvttt0p8v25c
wire_binary_tree_1_16_seq_DATA_WIDTH32_NUM_OUTPUT_DATA16_NUM_INPUT_DATA1_34
                       ZeroWireload      tcbn28hpcplusbwp30p140lvttt0p8v25c
wire_binary_tree_1_16_seq_DATA_WIDTH32_NUM_OUTPUT_DATA16_NUM_INPUT_DATA1_35
                       ZeroWireload      tcbn28hpcplusbwp30p140lvttt0p8v25c
wire_binary_tree_1_16_seq_DATA_WIDTH32_NUM_OUTPUT_DATA16_NUM_INPUT_DATA1_36
                       ZeroWireload      tcbn28hpcplusbwp30p140lvttt0p8v25c
wire_binary_tree_1_16_seq_DATA_WIDTH32_NUM_OUTPUT_DATA16_NUM_INPUT_DATA1_37
                       ZeroWireload      tcbn28hpcplusbwp30p140lvttt0p8v25c
wire_binary_tree_1_16_seq_DATA_WIDTH32_NUM_OUTPUT_DATA16_NUM_INPUT_DATA1_38
                       ZeroWireload      tcbn28hpcplusbwp30p140lvttt0p8v25c
wire_binary_tree_1_16_seq_DATA_WIDTH32_NUM_OUTPUT_DATA16_NUM_INPUT_DATA1_39
                       ZeroWireload      tcbn28hpcplusbwp30p140lvttt0p8v25c
wire_binary_tree_1_16_seq_DATA_WIDTH32_NUM_OUTPUT_DATA16_NUM_INPUT_DATA1_40
                       ZeroWireload      tcbn28hpcplusbwp30p140lvttt0p8v25c
wire_binary_tree_1_16_seq_DATA_WIDTH32_NUM_OUTPUT_DATA16_NUM_INPUT_DATA1_41
                       ZeroWireload      tcbn28hpcplusbwp30p140lvttt0p8v25c
wire_binary_tree_1_16_seq_DATA_WIDTH32_NUM_OUTPUT_DATA16_NUM_INPUT_DATA1_42
                       ZeroWireload      tcbn28hpcplusbwp30p140lvttt0p8v25c
wire_binary_tree_1_16_seq_DATA_WIDTH32_NUM_OUTPUT_DATA16_NUM_INPUT_DATA1_43
                       ZeroWireload      tcbn28hpcplusbwp30p140lvttt0p8v25c
wire_binary_tree_1_16_seq_DATA_WIDTH32_NUM_OUTPUT_DATA16_NUM_INPUT_DATA1_44
                       ZeroWireload      tcbn28hpcplusbwp30p140lvttt0p8v25c
wire_binary_tree_1_16_seq_DATA_WIDTH32_NUM_OUTPUT_DATA16_NUM_INPUT_DATA1_45
                       ZeroWireload      tcbn28hpcplusbwp30p140lvttt0p8v25c
wire_binary_tree_1_16_seq_DATA_WIDTH32_NUM_OUTPUT_DATA16_NUM_INPUT_DATA1_46
                       ZeroWireload      tcbn28hpcplusbwp30p140lvttt0p8v25c
wire_binary_tree_1_16_seq_DATA_WIDTH32_NUM_OUTPUT_DATA16_NUM_INPUT_DATA1_47
                       ZeroWireload      tcbn28hpcplusbwp30p140lvttt0p8v25c
wire_binary_tree_1_16_seq_DATA_WIDTH32_NUM_OUTPUT_DATA16_NUM_INPUT_DATA1_48
                       ZeroWireload      tcbn28hpcplusbwp30p140lvttt0p8v25c
wire_binary_tree_1_16_seq_DATA_WIDTH32_NUM_OUTPUT_DATA16_NUM_INPUT_DATA1_49
                       ZeroWireload      tcbn28hpcplusbwp30p140lvttt0p8v25c
wire_binary_tree_1_16_seq_DATA_WIDTH32_NUM_OUTPUT_DATA16_NUM_INPUT_DATA1_50
                       ZeroWireload      tcbn28hpcplusbwp30p140lvttt0p8v25c
wire_binary_tree_1_16_seq_DATA_WIDTH32_NUM_OUTPUT_DATA16_NUM_INPUT_DATA1_51
                       ZeroWireload      tcbn28hpcplusbwp30p140lvttt0p8v25c
wire_binary_tree_1_16_seq_DATA_WIDTH32_NUM_OUTPUT_DATA16_NUM_INPUT_DATA1_52
                       ZeroWireload      tcbn28hpcplusbwp30p140lvttt0p8v25c
wire_binary_tree_1_16_seq_DATA_WIDTH32_NUM_OUTPUT_DATA16_NUM_INPUT_DATA1_53
                       ZeroWireload      tcbn28hpcplusbwp30p140lvttt0p8v25c
wire_binary_tree_1_16_seq_DATA_WIDTH32_NUM_OUTPUT_DATA16_NUM_INPUT_DATA1_54
                       ZeroWireload      tcbn28hpcplusbwp30p140lvttt0p8v25c
wire_binary_tree_1_16_seq_DATA_WIDTH32_NUM_OUTPUT_DATA16_NUM_INPUT_DATA1_55
                       ZeroWireload      tcbn28hpcplusbwp30p140lvttt0p8v25c
wire_binary_tree_1_16_seq_DATA_WIDTH32_NUM_OUTPUT_DATA16_NUM_INPUT_DATA1_56
                       ZeroWireload      tcbn28hpcplusbwp30p140lvttt0p8v25c
wire_binary_tree_1_16_seq_DATA_WIDTH32_NUM_OUTPUT_DATA16_NUM_INPUT_DATA1_57
                       ZeroWireload      tcbn28hpcplusbwp30p140lvttt0p8v25c
wire_binary_tree_1_16_seq_DATA_WIDTH32_NUM_OUTPUT_DATA16_NUM_INPUT_DATA1_58
                       ZeroWireload      tcbn28hpcplusbwp30p140lvttt0p8v25c
wire_binary_tree_1_16_seq_DATA_WIDTH32_NUM_OUTPUT_DATA16_NUM_INPUT_DATA1_59
                       ZeroWireload      tcbn28hpcplusbwp30p140lvttt0p8v25c
wire_binary_tree_1_16_seq_DATA_WIDTH32_NUM_OUTPUT_DATA16_NUM_INPUT_DATA1_60
                       ZeroWireload      tcbn28hpcplusbwp30p140lvttt0p8v25c
wire_binary_tree_1_16_seq_DATA_WIDTH32_NUM_OUTPUT_DATA16_NUM_INPUT_DATA1_61
                       ZeroWireload      tcbn28hpcplusbwp30p140lvttt0p8v25c
wire_binary_tree_1_16_seq_DATA_WIDTH32_NUM_OUTPUT_DATA16_NUM_INPUT_DATA1_62
                       ZeroWireload      tcbn28hpcplusbwp30p140lvttt0p8v25c
wire_binary_tree_1_16_seq_DATA_WIDTH32_NUM_OUTPUT_DATA16_NUM_INPUT_DATA1_63
                       ZeroWireload      tcbn28hpcplusbwp30p140lvttt0p8v25c
wire_binary_tree_1_16_seq_DATA_WIDTH32_NUM_OUTPUT_DATA16_NUM_INPUT_DATA1_64
                       ZeroWireload      tcbn28hpcplusbwp30p140lvttt0p8v25c
wire_binary_tree_1_16_seq_DATA_WIDTH32_NUM_OUTPUT_DATA16_NUM_INPUT_DATA1_65
                       ZeroWireload      tcbn28hpcplusbwp30p140lvttt0p8v25c
wire_binary_tree_1_16_seq_DATA_WIDTH32_NUM_OUTPUT_DATA16_NUM_INPUT_DATA1_66
                       ZeroWireload      tcbn28hpcplusbwp30p140lvttt0p8v25c
wire_binary_tree_1_16_seq_DATA_WIDTH32_NUM_OUTPUT_DATA16_NUM_INPUT_DATA1_67
                       ZeroWireload      tcbn28hpcplusbwp30p140lvttt0p8v25c
wire_binary_tree_1_16_seq_DATA_WIDTH32_NUM_OUTPUT_DATA16_NUM_INPUT_DATA1_68
                       ZeroWireload      tcbn28hpcplusbwp30p140lvttt0p8v25c
wire_binary_tree_1_16_seq_DATA_WIDTH32_NUM_OUTPUT_DATA16_NUM_INPUT_DATA1_69
                       ZeroWireload      tcbn28hpcplusbwp30p140lvttt0p8v25c
wire_binary_tree_1_16_seq_DATA_WIDTH32_NUM_OUTPUT_DATA16_NUM_INPUT_DATA1_70
                       ZeroWireload      tcbn28hpcplusbwp30p140lvttt0p8v25c
wire_binary_tree_1_16_seq_DATA_WIDTH32_NUM_OUTPUT_DATA16_NUM_INPUT_DATA1_71
                       ZeroWireload      tcbn28hpcplusbwp30p140lvttt0p8v25c
wire_binary_tree_1_16_seq_DATA_WIDTH32_NUM_OUTPUT_DATA16_NUM_INPUT_DATA1_72
                       ZeroWireload      tcbn28hpcplusbwp30p140lvttt0p8v25c
wire_binary_tree_1_16_seq_DATA_WIDTH32_NUM_OUTPUT_DATA16_NUM_INPUT_DATA1_73
                       ZeroWireload      tcbn28hpcplusbwp30p140lvttt0p8v25c
wire_binary_tree_1_16_seq_DATA_WIDTH32_NUM_OUTPUT_DATA16_NUM_INPUT_DATA1_74
                       ZeroWireload      tcbn28hpcplusbwp30p140lvttt0p8v25c
wire_binary_tree_1_16_seq_DATA_WIDTH32_NUM_OUTPUT_DATA16_NUM_INPUT_DATA1_75
                       ZeroWireload      tcbn28hpcplusbwp30p140lvttt0p8v25c
wire_binary_tree_1_16_seq_DATA_WIDTH32_NUM_OUTPUT_DATA16_NUM_INPUT_DATA1_76
                       ZeroWireload      tcbn28hpcplusbwp30p140lvttt0p8v25c
wire_binary_tree_1_16_seq_DATA_WIDTH32_NUM_OUTPUT_DATA16_NUM_INPUT_DATA1_77
                       ZeroWireload      tcbn28hpcplusbwp30p140lvttt0p8v25c
wire_binary_tree_1_16_seq_DATA_WIDTH32_NUM_OUTPUT_DATA16_NUM_INPUT_DATA1_78
                       ZeroWireload      tcbn28hpcplusbwp30p140lvttt0p8v25c
wire_binary_tree_1_16_seq_DATA_WIDTH32_NUM_OUTPUT_DATA16_NUM_INPUT_DATA1_79
                       ZeroWireload      tcbn28hpcplusbwp30p140lvttt0p8v25c
wire_binary_tree_1_16_seq_DATA_WIDTH32_NUM_OUTPUT_DATA16_NUM_INPUT_DATA1_80
                       ZeroWireload      tcbn28hpcplusbwp30p140lvttt0p8v25c
wire_binary_tree_1_16_seq_DATA_WIDTH32_NUM_OUTPUT_DATA16_NUM_INPUT_DATA1_81
                       ZeroWireload      tcbn28hpcplusbwp30p140lvttt0p8v25c
wire_binary_tree_1_16_seq_DATA_WIDTH32_NUM_OUTPUT_DATA16_NUM_INPUT_DATA1_82
                       ZeroWireload      tcbn28hpcplusbwp30p140lvttt0p8v25c
wire_binary_tree_1_16_seq_DATA_WIDTH32_NUM_OUTPUT_DATA16_NUM_INPUT_DATA1_83
                       ZeroWireload      tcbn28hpcplusbwp30p140lvttt0p8v25c
wire_binary_tree_1_16_seq_DATA_WIDTH32_NUM_OUTPUT_DATA16_NUM_INPUT_DATA1_84
                       ZeroWireload      tcbn28hpcplusbwp30p140lvttt0p8v25c
wire_binary_tree_1_16_seq_DATA_WIDTH32_NUM_OUTPUT_DATA16_NUM_INPUT_DATA1_85
                       ZeroWireload      tcbn28hpcplusbwp30p140lvttt0p8v25c
wire_binary_tree_1_16_seq_DATA_WIDTH32_NUM_OUTPUT_DATA16_NUM_INPUT_DATA1_86
                       ZeroWireload      tcbn28hpcplusbwp30p140lvttt0p8v25c
wire_binary_tree_1_16_seq_DATA_WIDTH32_NUM_OUTPUT_DATA16_NUM_INPUT_DATA1_87
                       ZeroWireload      tcbn28hpcplusbwp30p140lvttt0p8v25c
wire_binary_tree_1_16_seq_DATA_WIDTH32_NUM_OUTPUT_DATA16_NUM_INPUT_DATA1_88
                       ZeroWireload      tcbn28hpcplusbwp30p140lvttt0p8v25c
wire_binary_tree_1_16_seq_DATA_WIDTH32_NUM_OUTPUT_DATA16_NUM_INPUT_DATA1_89
                       ZeroWireload      tcbn28hpcplusbwp30p140lvttt0p8v25c
wire_binary_tree_1_16_seq_DATA_WIDTH32_NUM_OUTPUT_DATA16_NUM_INPUT_DATA1_90
                       ZeroWireload      tcbn28hpcplusbwp30p140lvttt0p8v25c
wire_binary_tree_1_16_seq_DATA_WIDTH32_NUM_OUTPUT_DATA16_NUM_INPUT_DATA1_91
                       ZeroWireload      tcbn28hpcplusbwp30p140lvttt0p8v25c
wire_binary_tree_1_16_seq_DATA_WIDTH32_NUM_OUTPUT_DATA16_NUM_INPUT_DATA1_92
                       ZeroWireload      tcbn28hpcplusbwp30p140lvttt0p8v25c
wire_binary_tree_1_16_seq_DATA_WIDTH32_NUM_OUTPUT_DATA16_NUM_INPUT_DATA1_93
                       ZeroWireload      tcbn28hpcplusbwp30p140lvttt0p8v25c
wire_binary_tree_1_16_seq_DATA_WIDTH32_NUM_OUTPUT_DATA16_NUM_INPUT_DATA1_94
                       ZeroWireload      tcbn28hpcplusbwp30p140lvttt0p8v25c
wire_binary_tree_1_16_seq_DATA_WIDTH32_NUM_OUTPUT_DATA16_NUM_INPUT_DATA1_95
                       ZeroWireload      tcbn28hpcplusbwp30p140lvttt0p8v25c
wire_binary_tree_1_16_seq_DATA_WIDTH32_NUM_OUTPUT_DATA16_NUM_INPUT_DATA1_96
                       ZeroWireload      tcbn28hpcplusbwp30p140lvttt0p8v25c
wire_binary_tree_1_16_seq_DATA_WIDTH32_NUM_OUTPUT_DATA16_NUM_INPUT_DATA1_97
                       ZeroWireload      tcbn28hpcplusbwp30p140lvttt0p8v25c
wire_binary_tree_1_16_seq_DATA_WIDTH32_NUM_OUTPUT_DATA16_NUM_INPUT_DATA1_98
                       ZeroWireload      tcbn28hpcplusbwp30p140lvttt0p8v25c
wire_binary_tree_1_16_seq_DATA_WIDTH32_NUM_OUTPUT_DATA16_NUM_INPUT_DATA1_99
                       ZeroWireload      tcbn28hpcplusbwp30p140lvttt0p8v25c
wire_binary_tree_1_16_seq_DATA_WIDTH32_NUM_OUTPUT_DATA16_NUM_INPUT_DATA1_100
                       ZeroWireload      tcbn28hpcplusbwp30p140lvttt0p8v25c
wire_binary_tree_1_16_seq_DATA_WIDTH32_NUM_OUTPUT_DATA16_NUM_INPUT_DATA1_101
                       ZeroWireload      tcbn28hpcplusbwp30p140lvttt0p8v25c
wire_binary_tree_1_16_seq_DATA_WIDTH32_NUM_OUTPUT_DATA16_NUM_INPUT_DATA1_102
                       ZeroWireload      tcbn28hpcplusbwp30p140lvttt0p8v25c
wire_binary_tree_1_16_seq_DATA_WIDTH32_NUM_OUTPUT_DATA16_NUM_INPUT_DATA1_103
                       ZeroWireload      tcbn28hpcplusbwp30p140lvttt0p8v25c
wire_binary_tree_1_16_seq_DATA_WIDTH32_NUM_OUTPUT_DATA16_NUM_INPUT_DATA1_104
                       ZeroWireload      tcbn28hpcplusbwp30p140lvttt0p8v25c
wire_binary_tree_1_16_seq_DATA_WIDTH32_NUM_OUTPUT_DATA16_NUM_INPUT_DATA1_105
                       ZeroWireload      tcbn28hpcplusbwp30p140lvttt0p8v25c
wire_binary_tree_1_16_seq_DATA_WIDTH32_NUM_OUTPUT_DATA16_NUM_INPUT_DATA1_106
                       ZeroWireload      tcbn28hpcplusbwp30p140lvttt0p8v25c
wire_binary_tree_1_16_seq_DATA_WIDTH32_NUM_OUTPUT_DATA16_NUM_INPUT_DATA1_107
                       ZeroWireload      tcbn28hpcplusbwp30p140lvttt0p8v25c
wire_binary_tree_1_16_seq_DATA_WIDTH32_NUM_OUTPUT_DATA16_NUM_INPUT_DATA1_108
                       ZeroWireload      tcbn28hpcplusbwp30p140lvttt0p8v25c
wire_binary_tree_1_16_seq_DATA_WIDTH32_NUM_OUTPUT_DATA16_NUM_INPUT_DATA1_109
                       ZeroWireload      tcbn28hpcplusbwp30p140lvttt0p8v25c
wire_binary_tree_1_16_seq_DATA_WIDTH32_NUM_OUTPUT_DATA16_NUM_INPUT_DATA1_110
                       ZeroWireload      tcbn28hpcplusbwp30p140lvttt0p8v25c
wire_binary_tree_1_16_seq_DATA_WIDTH32_NUM_OUTPUT_DATA16_NUM_INPUT_DATA1_111
                       ZeroWireload      tcbn28hpcplusbwp30p140lvttt0p8v25c
wire_binary_tree_1_16_seq_DATA_WIDTH32_NUM_OUTPUT_DATA16_NUM_INPUT_DATA1_112
                       ZeroWireload      tcbn28hpcplusbwp30p140lvttt0p8v25c
wire_binary_tree_1_16_seq_DATA_WIDTH32_NUM_OUTPUT_DATA16_NUM_INPUT_DATA1_113
                       ZeroWireload      tcbn28hpcplusbwp30p140lvttt0p8v25c
wire_binary_tree_1_16_seq_DATA_WIDTH32_NUM_OUTPUT_DATA16_NUM_INPUT_DATA1_114
                       ZeroWireload      tcbn28hpcplusbwp30p140lvttt0p8v25c
wire_binary_tree_1_16_seq_DATA_WIDTH32_NUM_OUTPUT_DATA16_NUM_INPUT_DATA1_115
                       ZeroWireload      tcbn28hpcplusbwp30p140lvttt0p8v25c
wire_binary_tree_1_16_seq_DATA_WIDTH32_NUM_OUTPUT_DATA16_NUM_INPUT_DATA1_116
                       ZeroWireload      tcbn28hpcplusbwp30p140lvttt0p8v25c
wire_binary_tree_1_16_seq_DATA_WIDTH32_NUM_OUTPUT_DATA16_NUM_INPUT_DATA1_117
                       ZeroWireload      tcbn28hpcplusbwp30p140lvttt0p8v25c
wire_binary_tree_1_16_seq_DATA_WIDTH32_NUM_OUTPUT_DATA16_NUM_INPUT_DATA1_118
                       ZeroWireload      tcbn28hpcplusbwp30p140lvttt0p8v25c
wire_binary_tree_1_16_seq_DATA_WIDTH32_NUM_OUTPUT_DATA16_NUM_INPUT_DATA1_119
                       ZeroWireload      tcbn28hpcplusbwp30p140lvttt0p8v25c
wire_binary_tree_1_16_seq_DATA_WIDTH32_NUM_OUTPUT_DATA16_NUM_INPUT_DATA1_120
                       ZeroWireload      tcbn28hpcplusbwp30p140lvttt0p8v25c
wire_binary_tree_1_16_seq_DATA_WIDTH32_NUM_OUTPUT_DATA16_NUM_INPUT_DATA1_121
                       ZeroWireload      tcbn28hpcplusbwp30p140lvttt0p8v25c
wire_binary_tree_1_16_seq_DATA_WIDTH32_NUM_OUTPUT_DATA16_NUM_INPUT_DATA1_122
                       ZeroWireload      tcbn28hpcplusbwp30p140lvttt0p8v25c
wire_binary_tree_1_16_seq_DATA_WIDTH32_NUM_OUTPUT_DATA16_NUM_INPUT_DATA1_123
                       ZeroWireload      tcbn28hpcplusbwp30p140lvttt0p8v25c
wire_binary_tree_1_16_seq_DATA_WIDTH32_NUM_OUTPUT_DATA16_NUM_INPUT_DATA1_124
                       ZeroWireload      tcbn28hpcplusbwp30p140lvttt0p8v25c
wire_binary_tree_1_16_seq_DATA_WIDTH32_NUM_OUTPUT_DATA16_NUM_INPUT_DATA1_125
                       ZeroWireload      tcbn28hpcplusbwp30p140lvttt0p8v25c
wire_binary_tree_1_16_seq_DATA_WIDTH32_NUM_OUTPUT_DATA16_NUM_INPUT_DATA1_126
                       ZeroWireload      tcbn28hpcplusbwp30p140lvttt0p8v25c
wire_binary_tree_1_16_seq_DATA_WIDTH32_NUM_OUTPUT_DATA16_NUM_INPUT_DATA1_127
                       ZeroWireload      tcbn28hpcplusbwp30p140lvttt0p8v25c
cmd_wire_binary_tree_1_16_seq_DATA_WIDTH32_NUM_OUTPUT_DATA16_NUM_INPUT_DATA1_1
                       ZeroWireload      tcbn28hpcplusbwp30p140lvttt0p8v25c
cmd_wire_binary_tree_1_16_seq_DATA_WIDTH32_NUM_OUTPUT_DATA16_NUM_INPUT_DATA1_2
                       ZeroWireload      tcbn28hpcplusbwp30p140lvttt0p8v25c
cmd_wire_binary_tree_1_16_seq_DATA_WIDTH32_NUM_OUTPUT_DATA16_NUM_INPUT_DATA1_3
                       ZeroWireload      tcbn28hpcplusbwp30p140lvttt0p8v25c
cmd_wire_binary_tree_1_16_seq_DATA_WIDTH32_NUM_OUTPUT_DATA16_NUM_INPUT_DATA1_4
                       ZeroWireload      tcbn28hpcplusbwp30p140lvttt0p8v25c
cmd_wire_binary_tree_1_16_seq_DATA_WIDTH32_NUM_OUTPUT_DATA16_NUM_INPUT_DATA1_5
                       ZeroWireload      tcbn28hpcplusbwp30p140lvttt0p8v25c
cmd_wire_binary_tree_1_16_seq_DATA_WIDTH32_NUM_OUTPUT_DATA16_NUM_INPUT_DATA1_6
                       ZeroWireload      tcbn28hpcplusbwp30p140lvttt0p8v25c
cmd_wire_binary_tree_1_16_seq_DATA_WIDTH32_NUM_OUTPUT_DATA16_NUM_INPUT_DATA1_7
                       ZeroWireload      tcbn28hpcplusbwp30p140lvttt0p8v25c
cmd_wire_binary_tree_1_16_seq_DATA_WIDTH32_NUM_OUTPUT_DATA16_NUM_INPUT_DATA1_8
                       ZeroWireload      tcbn28hpcplusbwp30p140lvttt0p8v25c
cmd_wire_binary_tree_1_16_seq_DATA_WIDTH32_NUM_OUTPUT_DATA16_NUM_INPUT_DATA1_9
                       ZeroWireload      tcbn28hpcplusbwp30p140lvttt0p8v25c
cmd_wire_binary_tree_1_16_seq_DATA_WIDTH32_NUM_OUTPUT_DATA16_NUM_INPUT_DATA1_10
                       ZeroWireload      tcbn28hpcplusbwp30p140lvttt0p8v25c
cmd_wire_binary_tree_1_16_seq_DATA_WIDTH32_NUM_OUTPUT_DATA16_NUM_INPUT_DATA1_11
                       ZeroWireload      tcbn28hpcplusbwp30p140lvttt0p8v25c
cmd_wire_binary_tree_1_16_seq_DATA_WIDTH32_NUM_OUTPUT_DATA16_NUM_INPUT_DATA1_12
                       ZeroWireload      tcbn28hpcplusbwp30p140lvttt0p8v25c
cmd_wire_binary_tree_1_16_seq_DATA_WIDTH32_NUM_OUTPUT_DATA16_NUM_INPUT_DATA1_13
                       ZeroWireload      tcbn28hpcplusbwp30p140lvttt0p8v25c
cmd_wire_binary_tree_1_16_seq_DATA_WIDTH32_NUM_OUTPUT_DATA16_NUM_INPUT_DATA1_14
                       ZeroWireload      tcbn28hpcplusbwp30p140lvttt0p8v25c
cmd_wire_binary_tree_1_16_seq_DATA_WIDTH32_NUM_OUTPUT_DATA16_NUM_INPUT_DATA1_15
                       ZeroWireload      tcbn28hpcplusbwp30p140lvttt0p8v25c
cmd_wire_binary_tree_1_16_seq_DATA_WIDTH32_NUM_OUTPUT_DATA16_NUM_INPUT_DATA1_16
                       ZeroWireload      tcbn28hpcplusbwp30p140lvttt0p8v25c
cmd_wire_binary_tree_1_16_seq_DATA_WIDTH32_NUM_OUTPUT_DATA16_NUM_INPUT_DATA1_17
                       ZeroWireload      tcbn28hpcplusbwp30p140lvttt0p8v25c
cmd_wire_binary_tree_1_16_seq_DATA_WIDTH32_NUM_OUTPUT_DATA16_NUM_INPUT_DATA1_18
                       ZeroWireload      tcbn28hpcplusbwp30p140lvttt0p8v25c
cmd_wire_binary_tree_1_16_seq_DATA_WIDTH32_NUM_OUTPUT_DATA16_NUM_INPUT_DATA1_19
                       ZeroWireload      tcbn28hpcplusbwp30p140lvttt0p8v25c
cmd_wire_binary_tree_1_16_seq_DATA_WIDTH32_NUM_OUTPUT_DATA16_NUM_INPUT_DATA1_20
                       ZeroWireload      tcbn28hpcplusbwp30p140lvttt0p8v25c
cmd_wire_binary_tree_1_16_seq_DATA_WIDTH32_NUM_OUTPUT_DATA16_NUM_INPUT_DATA1_21
                       ZeroWireload      tcbn28hpcplusbwp30p140lvttt0p8v25c
cmd_wire_binary_tree_1_16_seq_DATA_WIDTH32_NUM_OUTPUT_DATA16_NUM_INPUT_DATA1_22
                       ZeroWireload      tcbn28hpcplusbwp30p140lvttt0p8v25c
cmd_wire_binary_tree_1_16_seq_DATA_WIDTH32_NUM_OUTPUT_DATA16_NUM_INPUT_DATA1_23
                       ZeroWireload      tcbn28hpcplusbwp30p140lvttt0p8v25c
cmd_wire_binary_tree_1_16_seq_DATA_WIDTH32_NUM_OUTPUT_DATA16_NUM_INPUT_DATA1_24
                       ZeroWireload      tcbn28hpcplusbwp30p140lvttt0p8v25c
cmd_wire_binary_tree_1_16_seq_DATA_WIDTH32_NUM_OUTPUT_DATA16_NUM_INPUT_DATA1_25
                       ZeroWireload      tcbn28hpcplusbwp30p140lvttt0p8v25c
cmd_wire_binary_tree_1_16_seq_DATA_WIDTH32_NUM_OUTPUT_DATA16_NUM_INPUT_DATA1_26
                       ZeroWireload      tcbn28hpcplusbwp30p140lvttt0p8v25c
cmd_wire_binary_tree_1_16_seq_DATA_WIDTH32_NUM_OUTPUT_DATA16_NUM_INPUT_DATA1_27
                       ZeroWireload      tcbn28hpcplusbwp30p140lvttt0p8v25c
cmd_wire_binary_tree_1_16_seq_DATA_WIDTH32_NUM_OUTPUT_DATA16_NUM_INPUT_DATA1_28
                       ZeroWireload      tcbn28hpcplusbwp30p140lvttt0p8v25c
cmd_wire_binary_tree_1_16_seq_DATA_WIDTH32_NUM_OUTPUT_DATA16_NUM_INPUT_DATA1_29
                       ZeroWireload      tcbn28hpcplusbwp30p140lvttt0p8v25c
cmd_wire_binary_tree_1_16_seq_DATA_WIDTH32_NUM_OUTPUT_DATA16_NUM_INPUT_DATA1_30
                       ZeroWireload      tcbn28hpcplusbwp30p140lvttt0p8v25c
cmd_wire_binary_tree_1_16_seq_DATA_WIDTH32_NUM_OUTPUT_DATA16_NUM_INPUT_DATA1_31
                       ZeroWireload      tcbn28hpcplusbwp30p140lvttt0p8v25c
cmd_wire_binary_tree_1_16_seq_DATA_WIDTH32_NUM_OUTPUT_DATA16_NUM_INPUT_DATA1_32
                       ZeroWireload      tcbn28hpcplusbwp30p140lvttt0p8v25c
cmd_wire_binary_tree_1_16_seq_DATA_WIDTH32_NUM_OUTPUT_DATA16_NUM_INPUT_DATA1_33
                       ZeroWireload      tcbn28hpcplusbwp30p140lvttt0p8v25c
cmd_wire_binary_tree_1_16_seq_DATA_WIDTH32_NUM_OUTPUT_DATA16_NUM_INPUT_DATA1_34
                       ZeroWireload      tcbn28hpcplusbwp30p140lvttt0p8v25c
cmd_wire_binary_tree_1_16_seq_DATA_WIDTH32_NUM_OUTPUT_DATA16_NUM_INPUT_DATA1_35
                       ZeroWireload      tcbn28hpcplusbwp30p140lvttt0p8v25c
cmd_wire_binary_tree_1_16_seq_DATA_WIDTH32_NUM_OUTPUT_DATA16_NUM_INPUT_DATA1_36
                       ZeroWireload      tcbn28hpcplusbwp30p140lvttt0p8v25c
cmd_wire_binary_tree_1_16_seq_DATA_WIDTH32_NUM_OUTPUT_DATA16_NUM_INPUT_DATA1_37
                       ZeroWireload      tcbn28hpcplusbwp30p140lvttt0p8v25c
cmd_wire_binary_tree_1_16_seq_DATA_WIDTH32_NUM_OUTPUT_DATA16_NUM_INPUT_DATA1_38
                       ZeroWireload      tcbn28hpcplusbwp30p140lvttt0p8v25c
cmd_wire_binary_tree_1_16_seq_DATA_WIDTH32_NUM_OUTPUT_DATA16_NUM_INPUT_DATA1_39
                       ZeroWireload      tcbn28hpcplusbwp30p140lvttt0p8v25c
cmd_wire_binary_tree_1_16_seq_DATA_WIDTH32_NUM_OUTPUT_DATA16_NUM_INPUT_DATA1_40
                       ZeroWireload      tcbn28hpcplusbwp30p140lvttt0p8v25c
cmd_wire_binary_tree_1_16_seq_DATA_WIDTH32_NUM_OUTPUT_DATA16_NUM_INPUT_DATA1_41
                       ZeroWireload      tcbn28hpcplusbwp30p140lvttt0p8v25c
cmd_wire_binary_tree_1_16_seq_DATA_WIDTH32_NUM_OUTPUT_DATA16_NUM_INPUT_DATA1_42
                       ZeroWireload      tcbn28hpcplusbwp30p140lvttt0p8v25c
cmd_wire_binary_tree_1_16_seq_DATA_WIDTH32_NUM_OUTPUT_DATA16_NUM_INPUT_DATA1_43
                       ZeroWireload      tcbn28hpcplusbwp30p140lvttt0p8v25c
cmd_wire_binary_tree_1_16_seq_DATA_WIDTH32_NUM_OUTPUT_DATA16_NUM_INPUT_DATA1_44
                       ZeroWireload      tcbn28hpcplusbwp30p140lvttt0p8v25c
cmd_wire_binary_tree_1_16_seq_DATA_WIDTH32_NUM_OUTPUT_DATA16_NUM_INPUT_DATA1_45
                       ZeroWireload      tcbn28hpcplusbwp30p140lvttt0p8v25c
cmd_wire_binary_tree_1_16_seq_DATA_WIDTH32_NUM_OUTPUT_DATA16_NUM_INPUT_DATA1_46
                       ZeroWireload      tcbn28hpcplusbwp30p140lvttt0p8v25c
cmd_wire_binary_tree_1_16_seq_DATA_WIDTH32_NUM_OUTPUT_DATA16_NUM_INPUT_DATA1_47
                       ZeroWireload      tcbn28hpcplusbwp30p140lvttt0p8v25c
cmd_wire_binary_tree_1_16_seq_DATA_WIDTH32_NUM_OUTPUT_DATA16_NUM_INPUT_DATA1_48
                       ZeroWireload      tcbn28hpcplusbwp30p140lvttt0p8v25c
cmd_wire_binary_tree_1_16_seq_DATA_WIDTH32_NUM_OUTPUT_DATA16_NUM_INPUT_DATA1_49
                       ZeroWireload      tcbn28hpcplusbwp30p140lvttt0p8v25c
cmd_wire_binary_tree_1_16_seq_DATA_WIDTH32_NUM_OUTPUT_DATA16_NUM_INPUT_DATA1_50
                       ZeroWireload      tcbn28hpcplusbwp30p140lvttt0p8v25c
cmd_wire_binary_tree_1_16_seq_DATA_WIDTH32_NUM_OUTPUT_DATA16_NUM_INPUT_DATA1_51
                       ZeroWireload      tcbn28hpcplusbwp30p140lvttt0p8v25c
cmd_wire_binary_tree_1_16_seq_DATA_WIDTH32_NUM_OUTPUT_DATA16_NUM_INPUT_DATA1_52
                       ZeroWireload      tcbn28hpcplusbwp30p140lvttt0p8v25c
cmd_wire_binary_tree_1_16_seq_DATA_WIDTH32_NUM_OUTPUT_DATA16_NUM_INPUT_DATA1_53
                       ZeroWireload      tcbn28hpcplusbwp30p140lvttt0p8v25c
cmd_wire_binary_tree_1_16_seq_DATA_WIDTH32_NUM_OUTPUT_DATA16_NUM_INPUT_DATA1_54
                       ZeroWireload      tcbn28hpcplusbwp30p140lvttt0p8v25c
cmd_wire_binary_tree_1_16_seq_DATA_WIDTH32_NUM_OUTPUT_DATA16_NUM_INPUT_DATA1_55
                       ZeroWireload      tcbn28hpcplusbwp30p140lvttt0p8v25c
cmd_wire_binary_tree_1_16_seq_DATA_WIDTH32_NUM_OUTPUT_DATA16_NUM_INPUT_DATA1_56
                       ZeroWireload      tcbn28hpcplusbwp30p140lvttt0p8v25c
cmd_wire_binary_tree_1_16_seq_DATA_WIDTH32_NUM_OUTPUT_DATA16_NUM_INPUT_DATA1_57
                       ZeroWireload      tcbn28hpcplusbwp30p140lvttt0p8v25c
cmd_wire_binary_tree_1_16_seq_DATA_WIDTH32_NUM_OUTPUT_DATA16_NUM_INPUT_DATA1_58
                       ZeroWireload      tcbn28hpcplusbwp30p140lvttt0p8v25c
cmd_wire_binary_tree_1_16_seq_DATA_WIDTH32_NUM_OUTPUT_DATA16_NUM_INPUT_DATA1_59
                       ZeroWireload      tcbn28hpcplusbwp30p140lvttt0p8v25c
cmd_wire_binary_tree_1_16_seq_DATA_WIDTH32_NUM_OUTPUT_DATA16_NUM_INPUT_DATA1_60
                       ZeroWireload      tcbn28hpcplusbwp30p140lvttt0p8v25c
cmd_wire_binary_tree_1_16_seq_DATA_WIDTH32_NUM_OUTPUT_DATA16_NUM_INPUT_DATA1_61
                       ZeroWireload      tcbn28hpcplusbwp30p140lvttt0p8v25c
cmd_wire_binary_tree_1_16_seq_DATA_WIDTH32_NUM_OUTPUT_DATA16_NUM_INPUT_DATA1_62
                       ZeroWireload      tcbn28hpcplusbwp30p140lvttt0p8v25c
cmd_wire_binary_tree_1_16_seq_DATA_WIDTH32_NUM_OUTPUT_DATA16_NUM_INPUT_DATA1_63
                       ZeroWireload      tcbn28hpcplusbwp30p140lvttt0p8v25c
cmd_wire_binary_tree_1_16_seq_DATA_WIDTH32_NUM_OUTPUT_DATA16_NUM_INPUT_DATA1_64
                       ZeroWireload      tcbn28hpcplusbwp30p140lvttt0p8v25c
cmd_wire_binary_tree_1_16_seq_DATA_WIDTH32_NUM_OUTPUT_DATA16_NUM_INPUT_DATA1_65
                       ZeroWireload      tcbn28hpcplusbwp30p140lvttt0p8v25c
cmd_wire_binary_tree_1_16_seq_DATA_WIDTH32_NUM_OUTPUT_DATA16_NUM_INPUT_DATA1_66
                       ZeroWireload      tcbn28hpcplusbwp30p140lvttt0p8v25c
cmd_wire_binary_tree_1_16_seq_DATA_WIDTH32_NUM_OUTPUT_DATA16_NUM_INPUT_DATA1_67
                       ZeroWireload      tcbn28hpcplusbwp30p140lvttt0p8v25c
cmd_wire_binary_tree_1_16_seq_DATA_WIDTH32_NUM_OUTPUT_DATA16_NUM_INPUT_DATA1_68
                       ZeroWireload      tcbn28hpcplusbwp30p140lvttt0p8v25c
cmd_wire_binary_tree_1_16_seq_DATA_WIDTH32_NUM_OUTPUT_DATA16_NUM_INPUT_DATA1_69
                       ZeroWireload      tcbn28hpcplusbwp30p140lvttt0p8v25c
cmd_wire_binary_tree_1_16_seq_DATA_WIDTH32_NUM_OUTPUT_DATA16_NUM_INPUT_DATA1_70
                       ZeroWireload      tcbn28hpcplusbwp30p140lvttt0p8v25c
cmd_wire_binary_tree_1_16_seq_DATA_WIDTH32_NUM_OUTPUT_DATA16_NUM_INPUT_DATA1_71
                       ZeroWireload      tcbn28hpcplusbwp30p140lvttt0p8v25c
cmd_wire_binary_tree_1_16_seq_DATA_WIDTH32_NUM_OUTPUT_DATA16_NUM_INPUT_DATA1_72
                       ZeroWireload      tcbn28hpcplusbwp30p140lvttt0p8v25c
cmd_wire_binary_tree_1_16_seq_DATA_WIDTH32_NUM_OUTPUT_DATA16_NUM_INPUT_DATA1_73
                       ZeroWireload      tcbn28hpcplusbwp30p140lvttt0p8v25c
cmd_wire_binary_tree_1_16_seq_DATA_WIDTH32_NUM_OUTPUT_DATA16_NUM_INPUT_DATA1_74
                       ZeroWireload      tcbn28hpcplusbwp30p140lvttt0p8v25c
cmd_wire_binary_tree_1_16_seq_DATA_WIDTH32_NUM_OUTPUT_DATA16_NUM_INPUT_DATA1_75
                       ZeroWireload      tcbn28hpcplusbwp30p140lvttt0p8v25c
cmd_wire_binary_tree_1_16_seq_DATA_WIDTH32_NUM_OUTPUT_DATA16_NUM_INPUT_DATA1_76
                       ZeroWireload      tcbn28hpcplusbwp30p140lvttt0p8v25c
cmd_wire_binary_tree_1_16_seq_DATA_WIDTH32_NUM_OUTPUT_DATA16_NUM_INPUT_DATA1_77
                       ZeroWireload      tcbn28hpcplusbwp30p140lvttt0p8v25c
cmd_wire_binary_tree_1_16_seq_DATA_WIDTH32_NUM_OUTPUT_DATA16_NUM_INPUT_DATA1_78
                       ZeroWireload      tcbn28hpcplusbwp30p140lvttt0p8v25c
cmd_wire_binary_tree_1_16_seq_DATA_WIDTH32_NUM_OUTPUT_DATA16_NUM_INPUT_DATA1_79
                       ZeroWireload      tcbn28hpcplusbwp30p140lvttt0p8v25c
cmd_wire_binary_tree_1_16_seq_DATA_WIDTH32_NUM_OUTPUT_DATA16_NUM_INPUT_DATA1_80
                       ZeroWireload      tcbn28hpcplusbwp30p140lvttt0p8v25c
cmd_wire_binary_tree_1_16_seq_DATA_WIDTH32_NUM_OUTPUT_DATA16_NUM_INPUT_DATA1_81
                       ZeroWireload      tcbn28hpcplusbwp30p140lvttt0p8v25c
cmd_wire_binary_tree_1_16_seq_DATA_WIDTH32_NUM_OUTPUT_DATA16_NUM_INPUT_DATA1_82
                       ZeroWireload      tcbn28hpcplusbwp30p140lvttt0p8v25c
cmd_wire_binary_tree_1_16_seq_DATA_WIDTH32_NUM_OUTPUT_DATA16_NUM_INPUT_DATA1_83
                       ZeroWireload      tcbn28hpcplusbwp30p140lvttt0p8v25c
cmd_wire_binary_tree_1_16_seq_DATA_WIDTH32_NUM_OUTPUT_DATA16_NUM_INPUT_DATA1_84
                       ZeroWireload      tcbn28hpcplusbwp30p140lvttt0p8v25c
cmd_wire_binary_tree_1_16_seq_DATA_WIDTH32_NUM_OUTPUT_DATA16_NUM_INPUT_DATA1_85
                       ZeroWireload      tcbn28hpcplusbwp30p140lvttt0p8v25c
cmd_wire_binary_tree_1_16_seq_DATA_WIDTH32_NUM_OUTPUT_DATA16_NUM_INPUT_DATA1_86
                       ZeroWireload      tcbn28hpcplusbwp30p140lvttt0p8v25c
cmd_wire_binary_tree_1_16_seq_DATA_WIDTH32_NUM_OUTPUT_DATA16_NUM_INPUT_DATA1_87
                       ZeroWireload      tcbn28hpcplusbwp30p140lvttt0p8v25c
cmd_wire_binary_tree_1_16_seq_DATA_WIDTH32_NUM_OUTPUT_DATA16_NUM_INPUT_DATA1_88
                       ZeroWireload      tcbn28hpcplusbwp30p140lvttt0p8v25c
cmd_wire_binary_tree_1_16_seq_DATA_WIDTH32_NUM_OUTPUT_DATA16_NUM_INPUT_DATA1_89
                       ZeroWireload      tcbn28hpcplusbwp30p140lvttt0p8v25c
cmd_wire_binary_tree_1_16_seq_DATA_WIDTH32_NUM_OUTPUT_DATA16_NUM_INPUT_DATA1_90
                       ZeroWireload      tcbn28hpcplusbwp30p140lvttt0p8v25c
cmd_wire_binary_tree_1_16_seq_DATA_WIDTH32_NUM_OUTPUT_DATA16_NUM_INPUT_DATA1_91
                       ZeroWireload      tcbn28hpcplusbwp30p140lvttt0p8v25c
cmd_wire_binary_tree_1_16_seq_DATA_WIDTH32_NUM_OUTPUT_DATA16_NUM_INPUT_DATA1_92
                       ZeroWireload      tcbn28hpcplusbwp30p140lvttt0p8v25c
cmd_wire_binary_tree_1_16_seq_DATA_WIDTH32_NUM_OUTPUT_DATA16_NUM_INPUT_DATA1_93
                       ZeroWireload      tcbn28hpcplusbwp30p140lvttt0p8v25c
cmd_wire_binary_tree_1_16_seq_DATA_WIDTH32_NUM_OUTPUT_DATA16_NUM_INPUT_DATA1_94
                       ZeroWireload      tcbn28hpcplusbwp30p140lvttt0p8v25c
cmd_wire_binary_tree_1_16_seq_DATA_WIDTH32_NUM_OUTPUT_DATA16_NUM_INPUT_DATA1_95
                       ZeroWireload      tcbn28hpcplusbwp30p140lvttt0p8v25c
cmd_wire_binary_tree_1_16_seq_DATA_WIDTH32_NUM_OUTPUT_DATA16_NUM_INPUT_DATA1_96
                       ZeroWireload      tcbn28hpcplusbwp30p140lvttt0p8v25c
cmd_wire_binary_tree_1_16_seq_DATA_WIDTH32_NUM_OUTPUT_DATA16_NUM_INPUT_DATA1_97
                       ZeroWireload      tcbn28hpcplusbwp30p140lvttt0p8v25c
cmd_wire_binary_tree_1_16_seq_DATA_WIDTH32_NUM_OUTPUT_DATA16_NUM_INPUT_DATA1_98
                       ZeroWireload      tcbn28hpcplusbwp30p140lvttt0p8v25c
cmd_wire_binary_tree_1_16_seq_DATA_WIDTH32_NUM_OUTPUT_DATA16_NUM_INPUT_DATA1_99
                       ZeroWireload      tcbn28hpcplusbwp30p140lvttt0p8v25c
cmd_wire_binary_tree_1_16_seq_DATA_WIDTH32_NUM_OUTPUT_DATA16_NUM_INPUT_DATA1_100
                       ZeroWireload      tcbn28hpcplusbwp30p140lvttt0p8v25c
cmd_wire_binary_tree_1_16_seq_DATA_WIDTH32_NUM_OUTPUT_DATA16_NUM_INPUT_DATA1_101
                       ZeroWireload      tcbn28hpcplusbwp30p140lvttt0p8v25c
cmd_wire_binary_tree_1_16_seq_DATA_WIDTH32_NUM_OUTPUT_DATA16_NUM_INPUT_DATA1_102
                       ZeroWireload      tcbn28hpcplusbwp30p140lvttt0p8v25c
cmd_wire_binary_tree_1_16_seq_DATA_WIDTH32_NUM_OUTPUT_DATA16_NUM_INPUT_DATA1_103
                       ZeroWireload      tcbn28hpcplusbwp30p140lvttt0p8v25c
cmd_wire_binary_tree_1_16_seq_DATA_WIDTH32_NUM_OUTPUT_DATA16_NUM_INPUT_DATA1_104
                       ZeroWireload      tcbn28hpcplusbwp30p140lvttt0p8v25c
cmd_wire_binary_tree_1_16_seq_DATA_WIDTH32_NUM_OUTPUT_DATA16_NUM_INPUT_DATA1_105
                       ZeroWireload      tcbn28hpcplusbwp30p140lvttt0p8v25c
cmd_wire_binary_tree_1_16_seq_DATA_WIDTH32_NUM_OUTPUT_DATA16_NUM_INPUT_DATA1_106
                       ZeroWireload      tcbn28hpcplusbwp30p140lvttt0p8v25c
cmd_wire_binary_tree_1_16_seq_DATA_WIDTH32_NUM_OUTPUT_DATA16_NUM_INPUT_DATA1_107
                       ZeroWireload      tcbn28hpcplusbwp30p140lvttt0p8v25c
cmd_wire_binary_tree_1_16_seq_DATA_WIDTH32_NUM_OUTPUT_DATA16_NUM_INPUT_DATA1_108
                       ZeroWireload      tcbn28hpcplusbwp30p140lvttt0p8v25c
cmd_wire_binary_tree_1_16_seq_DATA_WIDTH32_NUM_OUTPUT_DATA16_NUM_INPUT_DATA1_109
                       ZeroWireload      tcbn28hpcplusbwp30p140lvttt0p8v25c
cmd_wire_binary_tree_1_16_seq_DATA_WIDTH32_NUM_OUTPUT_DATA16_NUM_INPUT_DATA1_110
                       ZeroWireload      tcbn28hpcplusbwp30p140lvttt0p8v25c
cmd_wire_binary_tree_1_16_seq_DATA_WIDTH32_NUM_OUTPUT_DATA16_NUM_INPUT_DATA1_111
                       ZeroWireload      tcbn28hpcplusbwp30p140lvttt0p8v25c
cmd_wire_binary_tree_1_16_seq_DATA_WIDTH32_NUM_OUTPUT_DATA16_NUM_INPUT_DATA1_112
                       ZeroWireload      tcbn28hpcplusbwp30p140lvttt0p8v25c
cmd_wire_binary_tree_1_16_seq_DATA_WIDTH32_NUM_OUTPUT_DATA16_NUM_INPUT_DATA1_113
                       ZeroWireload      tcbn28hpcplusbwp30p140lvttt0p8v25c
cmd_wire_binary_tree_1_16_seq_DATA_WIDTH32_NUM_OUTPUT_DATA16_NUM_INPUT_DATA1_114
                       ZeroWireload      tcbn28hpcplusbwp30p140lvttt0p8v25c
cmd_wire_binary_tree_1_16_seq_DATA_WIDTH32_NUM_OUTPUT_DATA16_NUM_INPUT_DATA1_115
                       ZeroWireload      tcbn28hpcplusbwp30p140lvttt0p8v25c
cmd_wire_binary_tree_1_16_seq_DATA_WIDTH32_NUM_OUTPUT_DATA16_NUM_INPUT_DATA1_116
                       ZeroWireload      tcbn28hpcplusbwp30p140lvttt0p8v25c
cmd_wire_binary_tree_1_16_seq_DATA_WIDTH32_NUM_OUTPUT_DATA16_NUM_INPUT_DATA1_117
                       ZeroWireload      tcbn28hpcplusbwp30p140lvttt0p8v25c
cmd_wire_binary_tree_1_16_seq_DATA_WIDTH32_NUM_OUTPUT_DATA16_NUM_INPUT_DATA1_118
                       ZeroWireload      tcbn28hpcplusbwp30p140lvttt0p8v25c
cmd_wire_binary_tree_1_16_seq_DATA_WIDTH32_NUM_OUTPUT_DATA16_NUM_INPUT_DATA1_119
                       ZeroWireload      tcbn28hpcplusbwp30p140lvttt0p8v25c
cmd_wire_binary_tree_1_16_seq_DATA_WIDTH32_NUM_OUTPUT_DATA16_NUM_INPUT_DATA1_120
                       ZeroWireload      tcbn28hpcplusbwp30p140lvttt0p8v25c
cmd_wire_binary_tree_1_16_seq_DATA_WIDTH32_NUM_OUTPUT_DATA16_NUM_INPUT_DATA1_121
                       ZeroWireload      tcbn28hpcplusbwp30p140lvttt0p8v25c
cmd_wire_binary_tree_1_16_seq_DATA_WIDTH32_NUM_OUTPUT_DATA16_NUM_INPUT_DATA1_122
                       ZeroWireload      tcbn28hpcplusbwp30p140lvttt0p8v25c
cmd_wire_binary_tree_1_16_seq_DATA_WIDTH32_NUM_OUTPUT_DATA16_NUM_INPUT_DATA1_123
                       ZeroWireload      tcbn28hpcplusbwp30p140lvttt0p8v25c
cmd_wire_binary_tree_1_16_seq_DATA_WIDTH32_NUM_OUTPUT_DATA16_NUM_INPUT_DATA1_124
                       ZeroWireload      tcbn28hpcplusbwp30p140lvttt0p8v25c
cmd_wire_binary_tree_1_16_seq_DATA_WIDTH32_NUM_OUTPUT_DATA16_NUM_INPUT_DATA1_125
                       ZeroWireload      tcbn28hpcplusbwp30p140lvttt0p8v25c
cmd_wire_binary_tree_1_16_seq_DATA_WIDTH32_NUM_OUTPUT_DATA16_NUM_INPUT_DATA1_126
                       ZeroWireload      tcbn28hpcplusbwp30p140lvttt0p8v25c
cmd_wire_binary_tree_1_16_seq_DATA_WIDTH32_NUM_OUTPUT_DATA16_NUM_INPUT_DATA1_127
                       ZeroWireload      tcbn28hpcplusbwp30p140lvttt0p8v25c


Global Operating Voltage = 0.8  
Power-specific unit information :
    Voltage Units = 1V
    Capacitance Units = 1.000000pf
    Time Units = 1ns
    Dynamic Power Units = 1mW    (derived from V,C,T units)
    Leakage Power Units = 1nW


--------------------------------------------------------------------------------
                                       Switch   Int      Leak     Total
Hierarchy                              Power    Power    Power    Power    %
--------------------------------------------------------------------------------
crossbar_one_hot_seq                     12.045 1.26e+03 1.43e+07 1.28e+03 100.0
  bottom_half_15__mux_tree (mux_tree_128_1_seq_DATA_WIDTH32_NUM_OUTPUT_DATA1_NUM_INPUT_DATA128_1)
                                          0.169    0.504 1.55e+05    0.827   0.1
  bottom_half_14__mux_tree (mux_tree_128_1_seq_DATA_WIDTH32_NUM_OUTPUT_DATA1_NUM_INPUT_DATA128_2)
                                          0.167    0.495 1.53e+05    0.816   0.1
  bottom_half_13__mux_tree (mux_tree_128_1_seq_DATA_WIDTH32_NUM_OUTPUT_DATA1_NUM_INPUT_DATA128_3)
                                          0.148    0.481 1.44e+05    0.773   0.1
  bottom_half_12__mux_tree (mux_tree_128_1_seq_DATA_WIDTH32_NUM_OUTPUT_DATA1_NUM_INPUT_DATA128_4)
                                          0.173    0.511 1.57e+05    0.841   0.1
  bottom_half_11__mux_tree (mux_tree_128_1_seq_DATA_WIDTH32_NUM_OUTPUT_DATA1_NUM_INPUT_DATA128_5)
                                          0.164    0.497 1.55e+05    0.817   0.1
  bottom_half_10__mux_tree (mux_tree_128_1_seq_DATA_WIDTH32_NUM_OUTPUT_DATA1_NUM_INPUT_DATA128_6)
                                          0.160    0.498 1.53e+05    0.811   0.1
  bottom_half_9__mux_tree (mux_tree_128_1_seq_DATA_WIDTH32_NUM_OUTPUT_DATA1_NUM_INPUT_DATA128_7)
                                          0.178    0.506 1.59e+05    0.843   0.1
  bottom_half_8__mux_tree (mux_tree_128_1_seq_DATA_WIDTH32_NUM_OUTPUT_DATA1_NUM_INPUT_DATA128_8)
                                          0.181    0.512 1.58e+05    0.851   0.1
  bottom_half_7__mux_tree (mux_tree_128_1_seq_DATA_WIDTH32_NUM_OUTPUT_DATA1_NUM_INPUT_DATA128_9)
                                          0.184    0.514 1.57e+05    0.855   0.1
  bottom_half_6__mux_tree (mux_tree_128_1_seq_DATA_WIDTH32_NUM_OUTPUT_DATA1_NUM_INPUT_DATA128_10)
                                          0.170    0.500 1.54e+05    0.824   0.1
  bottom_half_5__mux_tree (mux_tree_128_1_seq_DATA_WIDTH32_NUM_OUTPUT_DATA1_NUM_INPUT_DATA128_11)
                                          0.172    0.505 1.55e+05    0.833   0.1
  bottom_half_4__mux_tree (mux_tree_128_1_seq_DATA_WIDTH32_NUM_OUTPUT_DATA1_NUM_INPUT_DATA128_12)
                                          0.179    0.513 1.58e+05    0.850   0.1
  bottom_half_3__mux_tree (mux_tree_128_1_seq_DATA_WIDTH32_NUM_OUTPUT_DATA1_NUM_INPUT_DATA128_13)
                                          0.180    0.514 1.50e+05    0.843   0.1
  bottom_half_2__mux_tree (mux_tree_128_1_seq_DATA_WIDTH32_NUM_OUTPUT_DATA1_NUM_INPUT_DATA128_14)
                                          0.151    0.486 1.50e+05    0.788   0.1
  bottom_half_1__mux_tree (mux_tree_128_1_seq_DATA_WIDTH32_NUM_OUTPUT_DATA1_NUM_INPUT_DATA128_15)
                                          0.157    0.484 1.49e+05    0.790   0.1
  bottom_half_0__mux_tree (mux_tree_128_1_seq_DATA_WIDTH32_NUM_OUTPUT_DATA1_NUM_INPUT_DATA128_0)
                                          0.170    0.504 1.56e+05    0.830   0.1
  i_cmd_id_127__cmd_pipeline (cmd_wire_binary_tree_1_16_seq_DATA_WIDTH32_NUM_OUTPUT_DATA16_NUM_INPUT_DATA1_1)
                                       7.80e-03    0.742 7.13e+03    0.757   0.1
  i_cmd_id_126__cmd_pipeline (cmd_wire_binary_tree_1_16_seq_DATA_WIDTH32_NUM_OUTPUT_DATA16_NUM_INPUT_DATA1_2)
                                       8.06e-03    0.746 7.18e+03    0.762   0.1
  i_cmd_id_125__cmd_pipeline (cmd_wire_binary_tree_1_16_seq_DATA_WIDTH32_NUM_OUTPUT_DATA16_NUM_INPUT_DATA1_3)
                                       8.05e-03    0.747 7.18e+03    0.762   0.1
  i_cmd_id_124__cmd_pipeline (cmd_wire_binary_tree_1_16_seq_DATA_WIDTH32_NUM_OUTPUT_DATA16_NUM_INPUT_DATA1_4)
                                       8.44e-03    0.747 7.18e+03    0.762   0.1
  i_cmd_id_123__cmd_pipeline (cmd_wire_binary_tree_1_16_seq_DATA_WIDTH32_NUM_OUTPUT_DATA16_NUM_INPUT_DATA1_5)
                                       8.39e-03    0.747 7.18e+03    0.762   0.1
  i_cmd_id_122__cmd_pipeline (cmd_wire_binary_tree_1_16_seq_DATA_WIDTH32_NUM_OUTPUT_DATA16_NUM_INPUT_DATA1_6)
                                       9.01e-03    0.746 7.18e+03    0.763   0.1
  i_cmd_id_121__cmd_pipeline (cmd_wire_binary_tree_1_16_seq_DATA_WIDTH32_NUM_OUTPUT_DATA16_NUM_INPUT_DATA1_7)
                                       8.53e-03    0.747 7.18e+03    0.762   0.1
  i_cmd_id_120__cmd_pipeline (cmd_wire_binary_tree_1_16_seq_DATA_WIDTH32_NUM_OUTPUT_DATA16_NUM_INPUT_DATA1_8)
                                       8.55e-03    0.746 7.18e+03    0.762   0.1
  i_cmd_id_119__cmd_pipeline (cmd_wire_binary_tree_1_16_seq_DATA_WIDTH32_NUM_OUTPUT_DATA16_NUM_INPUT_DATA1_9)
                                       7.42e-03    0.747 7.18e+03    0.761   0.1
  i_cmd_id_118__cmd_pipeline (cmd_wire_binary_tree_1_16_seq_DATA_WIDTH32_NUM_OUTPUT_DATA16_NUM_INPUT_DATA1_10)
                                       8.38e-03    0.747 7.19e+03    0.762   0.1
  i_cmd_id_117__cmd_pipeline (cmd_wire_binary_tree_1_16_seq_DATA_WIDTH32_NUM_OUTPUT_DATA16_NUM_INPUT_DATA1_11)
                                       7.45e-03    0.746 7.17e+03    0.761   0.1
  i_cmd_id_116__cmd_pipeline (cmd_wire_binary_tree_1_16_seq_DATA_WIDTH32_NUM_OUTPUT_DATA16_NUM_INPUT_DATA1_12)
                                       7.37e-03    0.747 7.18e+03    0.761   0.1
  i_cmd_id_115__cmd_pipeline (cmd_wire_binary_tree_1_16_seq_DATA_WIDTH32_NUM_OUTPUT_DATA16_NUM_INPUT_DATA1_13)
                                       7.23e-03    0.747 7.17e+03    0.761   0.1
  i_cmd_id_114__cmd_pipeline (cmd_wire_binary_tree_1_16_seq_DATA_WIDTH32_NUM_OUTPUT_DATA16_NUM_INPUT_DATA1_14)
                                       6.74e-03    0.747 7.18e+03    0.761   0.1
  i_cmd_id_113__cmd_pipeline (cmd_wire_binary_tree_1_16_seq_DATA_WIDTH32_NUM_OUTPUT_DATA16_NUM_INPUT_DATA1_15)
                                       7.30e-03    0.747 7.18e+03    0.762   0.1
  i_cmd_id_112__cmd_pipeline (cmd_wire_binary_tree_1_16_seq_DATA_WIDTH32_NUM_OUTPUT_DATA16_NUM_INPUT_DATA1_16)
                                       8.27e-03    0.747 7.18e+03    0.762   0.1
  i_cmd_id_111__cmd_pipeline (cmd_wire_binary_tree_1_16_seq_DATA_WIDTH32_NUM_OUTPUT_DATA16_NUM_INPUT_DATA1_17)
                                       7.99e-03    0.747 7.18e+03    0.762   0.1
  i_cmd_id_110__cmd_pipeline (cmd_wire_binary_tree_1_16_seq_DATA_WIDTH32_NUM_OUTPUT_DATA16_NUM_INPUT_DATA1_18)
                                       7.71e-03    0.746 7.18e+03    0.761   0.1
  i_cmd_id_109__cmd_pipeline (cmd_wire_binary_tree_1_16_seq_DATA_WIDTH32_NUM_OUTPUT_DATA16_NUM_INPUT_DATA1_19)
                                       7.53e-03    0.747 7.17e+03    0.761   0.1
  i_cmd_id_108__cmd_pipeline (cmd_wire_binary_tree_1_16_seq_DATA_WIDTH32_NUM_OUTPUT_DATA16_NUM_INPUT_DATA1_20)
                                       7.88e-03    0.746 7.18e+03    0.762   0.1
  i_cmd_id_107__cmd_pipeline (cmd_wire_binary_tree_1_16_seq_DATA_WIDTH32_NUM_OUTPUT_DATA16_NUM_INPUT_DATA1_21)
                                       7.88e-03    0.746 7.18e+03    0.761   0.1
  i_cmd_id_106__cmd_pipeline (cmd_wire_binary_tree_1_16_seq_DATA_WIDTH32_NUM_OUTPUT_DATA16_NUM_INPUT_DATA1_22)
                                       7.62e-03    0.747 7.18e+03    0.761   0.1
  i_cmd_id_105__cmd_pipeline (cmd_wire_binary_tree_1_16_seq_DATA_WIDTH32_NUM_OUTPUT_DATA16_NUM_INPUT_DATA1_23)
                                       7.81e-03    0.744 7.14e+03    0.759   0.1
  i_cmd_id_104__cmd_pipeline (cmd_wire_binary_tree_1_16_seq_DATA_WIDTH32_NUM_OUTPUT_DATA16_NUM_INPUT_DATA1_24)
                                       7.89e-03    0.747 7.19e+03    0.762   0.1
  i_cmd_id_103__cmd_pipeline (cmd_wire_binary_tree_1_16_seq_DATA_WIDTH32_NUM_OUTPUT_DATA16_NUM_INPUT_DATA1_25)
                                       8.00e-03    0.746 7.17e+03    0.761   0.1
  i_cmd_id_102__cmd_pipeline (cmd_wire_binary_tree_1_16_seq_DATA_WIDTH32_NUM_OUTPUT_DATA16_NUM_INPUT_DATA1_26)
                                       7.95e-03    0.746 7.18e+03    0.761   0.1
  i_cmd_id_101__cmd_pipeline (cmd_wire_binary_tree_1_16_seq_DATA_WIDTH32_NUM_OUTPUT_DATA16_NUM_INPUT_DATA1_27)
                                       8.59e-03    0.747 7.18e+03    0.763   0.1
  i_cmd_id_100__cmd_pipeline (cmd_wire_binary_tree_1_16_seq_DATA_WIDTH32_NUM_OUTPUT_DATA16_NUM_INPUT_DATA1_28)
                                       8.15e-03    0.747 7.18e+03    0.762   0.1
  i_cmd_id_99__cmd_pipeline (cmd_wire_binary_tree_1_16_seq_DATA_WIDTH32_NUM_OUTPUT_DATA16_NUM_INPUT_DATA1_29)
                                       8.28e-03    0.746 7.18e+03    0.762   0.1
  i_cmd_id_98__cmd_pipeline (cmd_wire_binary_tree_1_16_seq_DATA_WIDTH32_NUM_OUTPUT_DATA16_NUM_INPUT_DATA1_30)
                                       8.83e-03    0.747 7.18e+03    0.763   0.1
  i_cmd_id_97__cmd_pipeline (cmd_wire_binary_tree_1_16_seq_DATA_WIDTH32_NUM_OUTPUT_DATA16_NUM_INPUT_DATA1_31)
                                       8.68e-03    0.746 7.18e+03    0.762   0.1
  i_cmd_id_96__cmd_pipeline (cmd_wire_binary_tree_1_16_seq_DATA_WIDTH32_NUM_OUTPUT_DATA16_NUM_INPUT_DATA1_32)
                                       8.21e-03    0.747 7.18e+03    0.762   0.1
  i_cmd_id_95__cmd_pipeline (cmd_wire_binary_tree_1_16_seq_DATA_WIDTH32_NUM_OUTPUT_DATA16_NUM_INPUT_DATA1_33)
                                       7.22e-03    0.747 7.18e+03    0.761   0.1
  i_cmd_id_94__cmd_pipeline (cmd_wire_binary_tree_1_16_seq_DATA_WIDTH32_NUM_OUTPUT_DATA16_NUM_INPUT_DATA1_34)
                                       7.22e-03    0.746 7.18e+03    0.761   0.1
  i_cmd_id_93__cmd_pipeline (cmd_wire_binary_tree_1_16_seq_DATA_WIDTH32_NUM_OUTPUT_DATA16_NUM_INPUT_DATA1_35)
                                       7.70e-03    0.747 7.18e+03    0.762   0.1
  i_cmd_id_92__cmd_pipeline (cmd_wire_binary_tree_1_16_seq_DATA_WIDTH32_NUM_OUTPUT_DATA16_NUM_INPUT_DATA1_36)
                                       7.56e-03    0.747 7.18e+03    0.761   0.1
  i_cmd_id_91__cmd_pipeline (cmd_wire_binary_tree_1_16_seq_DATA_WIDTH32_NUM_OUTPUT_DATA16_NUM_INPUT_DATA1_37)
                                       8.01e-03    0.747 7.18e+03    0.762   0.1
  i_cmd_id_90__cmd_pipeline (cmd_wire_binary_tree_1_16_seq_DATA_WIDTH32_NUM_OUTPUT_DATA16_NUM_INPUT_DATA1_38)
                                       7.95e-03    0.746 7.18e+03    0.761   0.1
  i_cmd_id_89__cmd_pipeline (cmd_wire_binary_tree_1_16_seq_DATA_WIDTH32_NUM_OUTPUT_DATA16_NUM_INPUT_DATA1_39)
                                       7.73e-03    0.746 7.18e+03    0.761   0.1
  i_cmd_id_88__cmd_pipeline (cmd_wire_binary_tree_1_16_seq_DATA_WIDTH32_NUM_OUTPUT_DATA16_NUM_INPUT_DATA1_40)
                                       8.34e-03    0.746 7.18e+03    0.762   0.1
  i_cmd_id_87__cmd_pipeline (cmd_wire_binary_tree_1_16_seq_DATA_WIDTH32_NUM_OUTPUT_DATA16_NUM_INPUT_DATA1_41)
                                       7.80e-03    0.747 7.18e+03    0.762   0.1
  i_cmd_id_86__cmd_pipeline (cmd_wire_binary_tree_1_16_seq_DATA_WIDTH32_NUM_OUTPUT_DATA16_NUM_INPUT_DATA1_42)
                                       8.15e-03    0.747 7.19e+03    0.762   0.1
  i_cmd_id_85__cmd_pipeline (cmd_wire_binary_tree_1_16_seq_DATA_WIDTH32_NUM_OUTPUT_DATA16_NUM_INPUT_DATA1_43)
                                       7.65e-03    0.747 7.18e+03    0.761   0.1
  i_cmd_id_84__cmd_pipeline (cmd_wire_binary_tree_1_16_seq_DATA_WIDTH32_NUM_OUTPUT_DATA16_NUM_INPUT_DATA1_44)
                                       7.95e-03    0.747 7.18e+03    0.762   0.1
  i_cmd_id_83__cmd_pipeline (cmd_wire_binary_tree_1_16_seq_DATA_WIDTH32_NUM_OUTPUT_DATA16_NUM_INPUT_DATA1_45)
                                       7.56e-03    0.747 7.18e+03    0.761   0.1
  i_cmd_id_82__cmd_pipeline (cmd_wire_binary_tree_1_16_seq_DATA_WIDTH32_NUM_OUTPUT_DATA16_NUM_INPUT_DATA1_46)
                                       8.08e-03    0.747 7.18e+03    0.762   0.1
  i_cmd_id_81__cmd_pipeline (cmd_wire_binary_tree_1_16_seq_DATA_WIDTH32_NUM_OUTPUT_DATA16_NUM_INPUT_DATA1_47)
                                       7.95e-03    0.747 7.18e+03    0.762   0.1
  i_cmd_id_80__cmd_pipeline (cmd_wire_binary_tree_1_16_seq_DATA_WIDTH32_NUM_OUTPUT_DATA16_NUM_INPUT_DATA1_48)
                                       7.65e-03    0.747 7.18e+03    0.762   0.1
  i_cmd_id_79__cmd_pipeline (cmd_wire_binary_tree_1_16_seq_DATA_WIDTH32_NUM_OUTPUT_DATA16_NUM_INPUT_DATA1_49)
                                       7.68e-03    0.747 7.18e+03    0.762   0.1
  i_cmd_id_78__cmd_pipeline (cmd_wire_binary_tree_1_16_seq_DATA_WIDTH32_NUM_OUTPUT_DATA16_NUM_INPUT_DATA1_50)
                                       8.23e-03    0.747 7.18e+03    0.762   0.1
  i_cmd_id_77__cmd_pipeline (cmd_wire_binary_tree_1_16_seq_DATA_WIDTH32_NUM_OUTPUT_DATA16_NUM_INPUT_DATA1_51)
                                       7.77e-03    0.747 7.18e+03    0.762   0.1
  i_cmd_id_76__cmd_pipeline (cmd_wire_binary_tree_1_16_seq_DATA_WIDTH32_NUM_OUTPUT_DATA16_NUM_INPUT_DATA1_52)
                                       7.45e-03    0.747 7.18e+03    0.762   0.1
  i_cmd_id_75__cmd_pipeline (cmd_wire_binary_tree_1_16_seq_DATA_WIDTH32_NUM_OUTPUT_DATA16_NUM_INPUT_DATA1_53)
                                       8.20e-03    0.747 7.18e+03    0.762   0.1
  i_cmd_id_74__cmd_pipeline (cmd_wire_binary_tree_1_16_seq_DATA_WIDTH32_NUM_OUTPUT_DATA16_NUM_INPUT_DATA1_54)
                                       7.41e-03    0.746 7.17e+03    0.761   0.1
  i_cmd_id_73__cmd_pipeline (cmd_wire_binary_tree_1_16_seq_DATA_WIDTH32_NUM_OUTPUT_DATA16_NUM_INPUT_DATA1_55)
                                       7.48e-03    0.747 7.19e+03    0.762   0.1
  i_cmd_id_72__cmd_pipeline (cmd_wire_binary_tree_1_16_seq_DATA_WIDTH32_NUM_OUTPUT_DATA16_NUM_INPUT_DATA1_56)
                                       8.67e-03    0.747 7.18e+03    0.762   0.1
  i_cmd_id_71__cmd_pipeline (cmd_wire_binary_tree_1_16_seq_DATA_WIDTH32_NUM_OUTPUT_DATA16_NUM_INPUT_DATA1_57)
                                       7.35e-03    0.747 7.18e+03    0.761   0.1
  i_cmd_id_70__cmd_pipeline (cmd_wire_binary_tree_1_16_seq_DATA_WIDTH32_NUM_OUTPUT_DATA16_NUM_INPUT_DATA1_58)
                                       7.37e-03    0.747 7.18e+03    0.761   0.1
  i_cmd_id_69__cmd_pipeline (cmd_wire_binary_tree_1_16_seq_DATA_WIDTH32_NUM_OUTPUT_DATA16_NUM_INPUT_DATA1_59)
                                       7.57e-03    0.746 7.17e+03    0.761   0.1
  i_cmd_id_68__cmd_pipeline (cmd_wire_binary_tree_1_16_seq_DATA_WIDTH32_NUM_OUTPUT_DATA16_NUM_INPUT_DATA1_60)
                                       7.70e-03    0.746 7.18e+03    0.761   0.1
  i_cmd_id_67__cmd_pipeline (cmd_wire_binary_tree_1_16_seq_DATA_WIDTH32_NUM_OUTPUT_DATA16_NUM_INPUT_DATA1_61)
                                       8.14e-03    0.746 7.18e+03    0.762   0.1
  i_cmd_id_66__cmd_pipeline (cmd_wire_binary_tree_1_16_seq_DATA_WIDTH32_NUM_OUTPUT_DATA16_NUM_INPUT_DATA1_62)
                                       7.79e-03    0.747 7.18e+03    0.762   0.1
  i_cmd_id_65__cmd_pipeline (cmd_wire_binary_tree_1_16_seq_DATA_WIDTH32_NUM_OUTPUT_DATA16_NUM_INPUT_DATA1_63)
                                       7.79e-03    0.747 7.18e+03    0.762   0.1
  i_cmd_id_64__cmd_pipeline (cmd_wire_binary_tree_1_16_seq_DATA_WIDTH32_NUM_OUTPUT_DATA16_NUM_INPUT_DATA1_64)
                                       7.24e-03    0.746 7.17e+03    0.761   0.1
  i_cmd_id_63__cmd_pipeline (cmd_wire_binary_tree_1_16_seq_DATA_WIDTH32_NUM_OUTPUT_DATA16_NUM_INPUT_DATA1_65)
                                       7.51e-03    0.747 7.18e+03    0.762   0.1
  i_cmd_id_62__cmd_pipeline (cmd_wire_binary_tree_1_16_seq_DATA_WIDTH32_NUM_OUTPUT_DATA16_NUM_INPUT_DATA1_66)
                                       8.02e-03    0.746 7.18e+03    0.762   0.1
  i_cmd_id_61__cmd_pipeline (cmd_wire_binary_tree_1_16_seq_DATA_WIDTH32_NUM_OUTPUT_DATA16_NUM_INPUT_DATA1_67)
                                       8.31e-03    0.747 7.18e+03    0.762   0.1
  i_cmd_id_60__cmd_pipeline (cmd_wire_binary_tree_1_16_seq_DATA_WIDTH32_NUM_OUTPUT_DATA16_NUM_INPUT_DATA1_68)
                                       7.43e-03    0.747 7.18e+03    0.761   0.1
  i_cmd_id_59__cmd_pipeline (cmd_wire_binary_tree_1_16_seq_DATA_WIDTH32_NUM_OUTPUT_DATA16_NUM_INPUT_DATA1_69)
                                       8.08e-03    0.747 7.18e+03    0.762   0.1
  i_cmd_id_58__cmd_pipeline (cmd_wire_binary_tree_1_16_seq_DATA_WIDTH32_NUM_OUTPUT_DATA16_NUM_INPUT_DATA1_70)
                                       8.23e-03    0.746 7.18e+03    0.762   0.1
  i_cmd_id_57__cmd_pipeline (cmd_wire_binary_tree_1_16_seq_DATA_WIDTH32_NUM_OUTPUT_DATA16_NUM_INPUT_DATA1_71)
                                       8.02e-03    0.746 7.18e+03    0.762   0.1
  i_cmd_id_56__cmd_pipeline (cmd_wire_binary_tree_1_16_seq_DATA_WIDTH32_NUM_OUTPUT_DATA16_NUM_INPUT_DATA1_72)
                                       7.43e-03    0.746 7.18e+03    0.761   0.1
  i_cmd_id_55__cmd_pipeline (cmd_wire_binary_tree_1_16_seq_DATA_WIDTH32_NUM_OUTPUT_DATA16_NUM_INPUT_DATA1_73)
                                       7.10e-03    0.747 7.18e+03    0.761   0.1
  i_cmd_id_54__cmd_pipeline (cmd_wire_binary_tree_1_16_seq_DATA_WIDTH32_NUM_OUTPUT_DATA16_NUM_INPUT_DATA1_74)
                                       7.81e-03    0.747 7.18e+03    0.762   0.1
  i_cmd_id_53__cmd_pipeline (cmd_wire_binary_tree_1_16_seq_DATA_WIDTH32_NUM_OUTPUT_DATA16_NUM_INPUT_DATA1_75)
                                       7.59e-03    0.747 7.18e+03    0.761   0.1
  i_cmd_id_52__cmd_pipeline (cmd_wire_binary_tree_1_16_seq_DATA_WIDTH32_NUM_OUTPUT_DATA16_NUM_INPUT_DATA1_76)
                                       6.95e-03    0.747 7.18e+03    0.761   0.1
  i_cmd_id_51__cmd_pipeline (cmd_wire_binary_tree_1_16_seq_DATA_WIDTH32_NUM_OUTPUT_DATA16_NUM_INPUT_DATA1_77)
                                       7.55e-03    0.747 7.18e+03    0.761   0.1
  i_cmd_id_50__cmd_pipeline (cmd_wire_binary_tree_1_16_seq_DATA_WIDTH32_NUM_OUTPUT_DATA16_NUM_INPUT_DATA1_78)
                                       7.86e-03    0.746 7.18e+03    0.761   0.1
  i_cmd_id_49__cmd_pipeline (cmd_wire_binary_tree_1_16_seq_DATA_WIDTH32_NUM_OUTPUT_DATA16_NUM_INPUT_DATA1_79)
                                       7.40e-03    0.747 7.18e+03    0.762   0.1
  i_cmd_id_48__cmd_pipeline (cmd_wire_binary_tree_1_16_seq_DATA_WIDTH32_NUM_OUTPUT_DATA16_NUM_INPUT_DATA1_80)
                                       7.00e-03    0.747 7.18e+03    0.761   0.1
  i_cmd_id_47__cmd_pipeline (cmd_wire_binary_tree_1_16_seq_DATA_WIDTH32_NUM_OUTPUT_DATA16_NUM_INPUT_DATA1_81)
                                       7.48e-03    0.746 7.18e+03    0.761   0.1
  i_cmd_id_46__cmd_pipeline (cmd_wire_binary_tree_1_16_seq_DATA_WIDTH32_NUM_OUTPUT_DATA16_NUM_INPUT_DATA1_82)
                                       7.54e-03    0.747 7.18e+03    0.761   0.1
  i_cmd_id_45__cmd_pipeline (cmd_wire_binary_tree_1_16_seq_DATA_WIDTH32_NUM_OUTPUT_DATA16_NUM_INPUT_DATA1_83)
                                       7.73e-03    0.747 7.18e+03    0.762   0.1
  i_cmd_id_44__cmd_pipeline (cmd_wire_binary_tree_1_16_seq_DATA_WIDTH32_NUM_OUTPUT_DATA16_NUM_INPUT_DATA1_84)
                                       7.74e-03    0.747 7.18e+03    0.762   0.1
  i_cmd_id_43__cmd_pipeline (cmd_wire_binary_tree_1_16_seq_DATA_WIDTH32_NUM_OUTPUT_DATA16_NUM_INPUT_DATA1_85)
                                       8.69e-03    0.746 7.18e+03    0.762   0.1
  i_cmd_id_42__cmd_pipeline (cmd_wire_binary_tree_1_16_seq_DATA_WIDTH32_NUM_OUTPUT_DATA16_NUM_INPUT_DATA1_86)
                                       7.77e-03    0.747 7.18e+03    0.762   0.1
  i_cmd_id_41__cmd_pipeline (cmd_wire_binary_tree_1_16_seq_DATA_WIDTH32_NUM_OUTPUT_DATA16_NUM_INPUT_DATA1_87)
                                       8.23e-03    0.746 7.18e+03    0.762   0.1
  i_cmd_id_40__cmd_pipeline (cmd_wire_binary_tree_1_16_seq_DATA_WIDTH32_NUM_OUTPUT_DATA16_NUM_INPUT_DATA1_88)
                                       8.74e-03    0.747 7.18e+03    0.763   0.1
  i_cmd_id_39__cmd_pipeline (cmd_wire_binary_tree_1_16_seq_DATA_WIDTH32_NUM_OUTPUT_DATA16_NUM_INPUT_DATA1_89)
                                       8.53e-03    0.746 7.18e+03    0.762   0.1
  i_cmd_id_38__cmd_pipeline (cmd_wire_binary_tree_1_16_seq_DATA_WIDTH32_NUM_OUTPUT_DATA16_NUM_INPUT_DATA1_90)
                                       7.95e-03    0.747 7.19e+03    0.762   0.1
  i_cmd_id_37__cmd_pipeline (cmd_wire_binary_tree_1_16_seq_DATA_WIDTH32_NUM_OUTPUT_DATA16_NUM_INPUT_DATA1_91)
                                       8.34e-03    0.747 7.18e+03    0.762   0.1
  i_cmd_id_36__cmd_pipeline (cmd_wire_binary_tree_1_16_seq_DATA_WIDTH32_NUM_OUTPUT_DATA16_NUM_INPUT_DATA1_92)
                                       8.15e-03    0.747 7.18e+03    0.762   0.1
  i_cmd_id_35__cmd_pipeline (cmd_wire_binary_tree_1_16_seq_DATA_WIDTH32_NUM_OUTPUT_DATA16_NUM_INPUT_DATA1_93)
                                       8.25e-03    0.747 7.18e+03    0.762   0.1
  i_cmd_id_34__cmd_pipeline (cmd_wire_binary_tree_1_16_seq_DATA_WIDTH32_NUM_OUTPUT_DATA16_NUM_INPUT_DATA1_94)
                                       7.81e-03    0.747 7.18e+03    0.762   0.1
  i_cmd_id_33__cmd_pipeline (cmd_wire_binary_tree_1_16_seq_DATA_WIDTH32_NUM_OUTPUT_DATA16_NUM_INPUT_DATA1_95)
                                       8.20e-03    0.746 7.18e+03    0.762   0.1
  i_cmd_id_32__cmd_pipeline (cmd_wire_binary_tree_1_16_seq_DATA_WIDTH32_NUM_OUTPUT_DATA16_NUM_INPUT_DATA1_96)
                                       8.21e-03    0.747 7.18e+03    0.762   0.1
  i_cmd_id_31__cmd_pipeline (cmd_wire_binary_tree_1_16_seq_DATA_WIDTH32_NUM_OUTPUT_DATA16_NUM_INPUT_DATA1_97)
                                       7.61e-03    0.747 7.18e+03    0.762   0.1
  i_cmd_id_30__cmd_pipeline (cmd_wire_binary_tree_1_16_seq_DATA_WIDTH32_NUM_OUTPUT_DATA16_NUM_INPUT_DATA1_98)
                                       8.30e-03    0.747 7.18e+03    0.762   0.1
  i_cmd_id_29__cmd_pipeline (cmd_wire_binary_tree_1_16_seq_DATA_WIDTH32_NUM_OUTPUT_DATA16_NUM_INPUT_DATA1_99)
                                       8.16e-03    0.747 7.18e+03    0.762   0.1
  i_cmd_id_28__cmd_pipeline (cmd_wire_binary_tree_1_16_seq_DATA_WIDTH32_NUM_OUTPUT_DATA16_NUM_INPUT_DATA1_100)
                                       7.96e-03    0.747 7.18e+03    0.762   0.1
  i_cmd_id_27__cmd_pipeline (cmd_wire_binary_tree_1_16_seq_DATA_WIDTH32_NUM_OUTPUT_DATA16_NUM_INPUT_DATA1_101)
                                       7.84e-03    0.747 7.18e+03    0.762   0.1
  i_cmd_id_26__cmd_pipeline (cmd_wire_binary_tree_1_16_seq_DATA_WIDTH32_NUM_OUTPUT_DATA16_NUM_INPUT_DATA1_102)
                                       7.89e-03    0.747 7.18e+03    0.762   0.1
  i_cmd_id_25__cmd_pipeline (cmd_wire_binary_tree_1_16_seq_DATA_WIDTH32_NUM_OUTPUT_DATA16_NUM_INPUT_DATA1_103)
                                       8.88e-03    0.747 7.18e+03    0.763   0.1
  i_cmd_id_24__cmd_pipeline (cmd_wire_binary_tree_1_16_seq_DATA_WIDTH32_NUM_OUTPUT_DATA16_NUM_INPUT_DATA1_104)
                                       8.73e-03    0.747 7.18e+03    0.763   0.1
  i_cmd_id_23__cmd_pipeline (cmd_wire_binary_tree_1_16_seq_DATA_WIDTH32_NUM_OUTPUT_DATA16_NUM_INPUT_DATA1_105)
                                       8.67e-03    0.747 7.19e+03    0.763   0.1
  i_cmd_id_22__cmd_pipeline (cmd_wire_binary_tree_1_16_seq_DATA_WIDTH32_NUM_OUTPUT_DATA16_NUM_INPUT_DATA1_106)
                                       8.18e-03    0.747 7.18e+03    0.762   0.1
  i_cmd_id_21__cmd_pipeline (cmd_wire_binary_tree_1_16_seq_DATA_WIDTH32_NUM_OUTPUT_DATA16_NUM_INPUT_DATA1_107)
                                       8.36e-03    0.747 7.18e+03    0.762   0.1
  i_cmd_id_20__cmd_pipeline (cmd_wire_binary_tree_1_16_seq_DATA_WIDTH32_NUM_OUTPUT_DATA16_NUM_INPUT_DATA1_108)
                                       7.35e-03    0.747 7.18e+03    0.762   0.1
  i_cmd_id_19__cmd_pipeline (cmd_wire_binary_tree_1_16_seq_DATA_WIDTH32_NUM_OUTPUT_DATA16_NUM_INPUT_DATA1_109)
                                       8.60e-03    0.747 7.18e+03    0.762   0.1
  i_cmd_id_18__cmd_pipeline (cmd_wire_binary_tree_1_16_seq_DATA_WIDTH32_NUM_OUTPUT_DATA16_NUM_INPUT_DATA1_110)
                                       7.87e-03    0.747 7.18e+03    0.762   0.1
  i_cmd_id_17__cmd_pipeline (cmd_wire_binary_tree_1_16_seq_DATA_WIDTH32_NUM_OUTPUT_DATA16_NUM_INPUT_DATA1_111)
                                       8.40e-03    0.747 7.18e+03    0.762   0.1
  i_cmd_id_16__cmd_pipeline (cmd_wire_binary_tree_1_16_seq_DATA_WIDTH32_NUM_OUTPUT_DATA16_NUM_INPUT_DATA1_112)
                                       8.20e-03    0.747 7.18e+03    0.762   0.1
  i_cmd_id_15__cmd_pipeline (cmd_wire_binary_tree_1_16_seq_DATA_WIDTH32_NUM_OUTPUT_DATA16_NUM_INPUT_DATA1_113)
                                       9.02e-03    0.746 7.18e+03    0.763   0.1
  i_cmd_id_14__cmd_pipeline (cmd_wire_binary_tree_1_16_seq_DATA_WIDTH32_NUM_OUTPUT_DATA16_NUM_INPUT_DATA1_114)
                                       8.90e-03    0.747 7.18e+03    0.763   0.1
  i_cmd_id_13__cmd_pipeline (cmd_wire_binary_tree_1_16_seq_DATA_WIDTH32_NUM_OUTPUT_DATA16_NUM_INPUT_DATA1_115)
                                       9.09e-03    0.747 7.18e+03    0.764   0.1
  i_cmd_id_12__cmd_pipeline (cmd_wire_binary_tree_1_16_seq_DATA_WIDTH32_NUM_OUTPUT_DATA16_NUM_INPUT_DATA1_116)
                                       8.84e-03    0.747 7.19e+03    0.763   0.1
  i_cmd_id_11__cmd_pipeline (cmd_wire_binary_tree_1_16_seq_DATA_WIDTH32_NUM_OUTPUT_DATA16_NUM_INPUT_DATA1_117)
                                       8.91e-03    0.746 7.18e+03    0.762   0.1
  i_cmd_id_10__cmd_pipeline (cmd_wire_binary_tree_1_16_seq_DATA_WIDTH32_NUM_OUTPUT_DATA16_NUM_INPUT_DATA1_118)
                                       8.15e-03    0.746 7.18e+03    0.761   0.1
  i_cmd_id_9__cmd_pipeline (cmd_wire_binary_tree_1_16_seq_DATA_WIDTH32_NUM_OUTPUT_DATA16_NUM_INPUT_DATA1_119)
                                       7.87e-03    0.746 7.18e+03    0.761   0.1
  i_cmd_id_8__cmd_pipeline (cmd_wire_binary_tree_1_16_seq_DATA_WIDTH32_NUM_OUTPUT_DATA16_NUM_INPUT_DATA1_120)
                                       7.09e-03    0.746 7.18e+03    0.760   0.1
  i_cmd_id_7__cmd_pipeline (cmd_wire_binary_tree_1_16_seq_DATA_WIDTH32_NUM_OUTPUT_DATA16_NUM_INPUT_DATA1_121)
                                       9.39e-03    0.747 7.18e+03    0.763   0.1
  i_cmd_id_6__cmd_pipeline (cmd_wire_binary_tree_1_16_seq_DATA_WIDTH32_NUM_OUTPUT_DATA16_NUM_INPUT_DATA1_122)
                                       9.49e-03    0.747 7.18e+03    0.764   0.1
  i_cmd_id_5__cmd_pipeline (cmd_wire_binary_tree_1_16_seq_DATA_WIDTH32_NUM_OUTPUT_DATA16_NUM_INPUT_DATA1_123)
                                       1.04e-02    0.747 7.18e+03    0.765   0.1
  i_cmd_id_4__cmd_pipeline (cmd_wire_binary_tree_1_16_seq_DATA_WIDTH32_NUM_OUTPUT_DATA16_NUM_INPUT_DATA1_124)
                                       9.66e-03    0.746 7.17e+03    0.763   0.1
  i_cmd_id_3__cmd_pipeline (cmd_wire_binary_tree_1_16_seq_DATA_WIDTH32_NUM_OUTPUT_DATA16_NUM_INPUT_DATA1_125)
                                       9.10e-03    0.746 7.18e+03    0.763   0.1
  i_cmd_id_2__cmd_pipeline (cmd_wire_binary_tree_1_16_seq_DATA_WIDTH32_NUM_OUTPUT_DATA16_NUM_INPUT_DATA1_126)
                                       8.67e-03    0.746 7.18e+03    0.762   0.1
  i_cmd_id_1__cmd_pipeline (cmd_wire_binary_tree_1_16_seq_DATA_WIDTH32_NUM_OUTPUT_DATA16_NUM_INPUT_DATA1_127)
                                       7.82e-03    0.747 7.18e+03    0.762   0.1
  i_cmd_id_0__cmd_pipeline (cmd_wire_binary_tree_1_16_seq_DATA_WIDTH32_NUM_OUTPUT_DATA16_NUM_INPUT_DATA1_0)
                                       8.49e-03    0.747 7.18e+03    0.763   0.1
  top_half_127__wire_pipeline (wire_binary_tree_1_16_seq_DATA_WIDTH32_NUM_OUTPUT_DATA16_NUM_INPUT_DATA1_1)
                                       6.45e-02    9.003 8.51e+04    9.153   0.7
  top_half_126__wire_pipeline (wire_binary_tree_1_16_seq_DATA_WIDTH32_NUM_OUTPUT_DATA16_NUM_INPUT_DATA1_2)
                                       6.63e-02    9.003 8.51e+04    9.155   0.7
  top_half_125__wire_pipeline (wire_binary_tree_1_16_seq_DATA_WIDTH32_NUM_OUTPUT_DATA16_NUM_INPUT_DATA1_3)
                                       6.56e-02    9.004 8.52e+04    9.155   0.7
  top_half_124__wire_pipeline (wire_binary_tree_1_16_seq_DATA_WIDTH32_NUM_OUTPUT_DATA16_NUM_INPUT_DATA1_4)
                                       6.44e-02    9.002 8.52e+04    9.152   0.7
  top_half_123__wire_pipeline (wire_binary_tree_1_16_seq_DATA_WIDTH32_NUM_OUTPUT_DATA16_NUM_INPUT_DATA1_5)
                                       6.40e-02    9.003 8.52e+04    9.152   0.7
  top_half_122__wire_pipeline (wire_binary_tree_1_16_seq_DATA_WIDTH32_NUM_OUTPUT_DATA16_NUM_INPUT_DATA1_6)
                                       6.40e-02    9.003 8.51e+04    9.152   0.7
  top_half_121__wire_pipeline (wire_binary_tree_1_16_seq_DATA_WIDTH32_NUM_OUTPUT_DATA16_NUM_INPUT_DATA1_7)
                                       6.52e-02    9.002 8.52e+04    9.152   0.7
  top_half_120__wire_pipeline (wire_binary_tree_1_16_seq_DATA_WIDTH32_NUM_OUTPUT_DATA16_NUM_INPUT_DATA1_8)
                                       6.41e-02    9.004 8.52e+04    9.153   0.7
  top_half_119__wire_pipeline (wire_binary_tree_1_16_seq_DATA_WIDTH32_NUM_OUTPUT_DATA16_NUM_INPUT_DATA1_9)
                                       6.49e-02    9.006 8.52e+04    9.156   0.7
  top_half_118__wire_pipeline (wire_binary_tree_1_16_seq_DATA_WIDTH32_NUM_OUTPUT_DATA16_NUM_INPUT_DATA1_10)
                                       6.49e-02    9.000 8.51e+04    9.151   0.7
  top_half_117__wire_pipeline (wire_binary_tree_1_16_seq_DATA_WIDTH32_NUM_OUTPUT_DATA16_NUM_INPUT_DATA1_11)
                                       6.47e-02    9.003 8.51e+04    9.152   0.7
  top_half_116__wire_pipeline (wire_binary_tree_1_16_seq_DATA_WIDTH32_NUM_OUTPUT_DATA16_NUM_INPUT_DATA1_12)
                                       6.56e-02    9.002 8.51e+04    9.153   0.7
  top_half_115__wire_pipeline (wire_binary_tree_1_16_seq_DATA_WIDTH32_NUM_OUTPUT_DATA16_NUM_INPUT_DATA1_13)
                                       6.46e-02    9.003 8.52e+04    9.153   0.7
  top_half_114__wire_pipeline (wire_binary_tree_1_16_seq_DATA_WIDTH32_NUM_OUTPUT_DATA16_NUM_INPUT_DATA1_14)
                                       6.39e-02    9.003 8.51e+04    9.152   0.7
  top_half_113__wire_pipeline (wire_binary_tree_1_16_seq_DATA_WIDTH32_NUM_OUTPUT_DATA16_NUM_INPUT_DATA1_15)
                                       6.53e-02    9.023 8.51e+04    9.174   0.7
  top_half_112__wire_pipeline (wire_binary_tree_1_16_seq_DATA_WIDTH32_NUM_OUTPUT_DATA16_NUM_INPUT_DATA1_16)
                                       6.53e-02    9.003 8.51e+04    9.154   0.7
  top_half_111__wire_pipeline (wire_binary_tree_1_16_seq_DATA_WIDTH32_NUM_OUTPUT_DATA16_NUM_INPUT_DATA1_17)
                                       6.51e-02    9.002 8.52e+04    9.152   0.7
  top_half_110__wire_pipeline (wire_binary_tree_1_16_seq_DATA_WIDTH32_NUM_OUTPUT_DATA16_NUM_INPUT_DATA1_18)
                                       6.42e-02    9.019 8.51e+04    9.169   0.7
  top_half_109__wire_pipeline (wire_binary_tree_1_16_seq_DATA_WIDTH32_NUM_OUTPUT_DATA16_NUM_INPUT_DATA1_19)
                                       6.50e-02    9.003 8.51e+04    9.153   0.7
  top_half_108__wire_pipeline (wire_binary_tree_1_16_seq_DATA_WIDTH32_NUM_OUTPUT_DATA16_NUM_INPUT_DATA1_20)
                                       6.41e-02    9.005 8.52e+04    9.154   0.7
  top_half_107__wire_pipeline (wire_binary_tree_1_16_seq_DATA_WIDTH32_NUM_OUTPUT_DATA16_NUM_INPUT_DATA1_21)
                                       6.43e-02    9.018 8.51e+04    9.168   0.7
  top_half_106__wire_pipeline (wire_binary_tree_1_16_seq_DATA_WIDTH32_NUM_OUTPUT_DATA16_NUM_INPUT_DATA1_22)
                                       6.46e-02    9.022 8.51e+04    9.172   0.7
  top_half_105__wire_pipeline (wire_binary_tree_1_16_seq_DATA_WIDTH32_NUM_OUTPUT_DATA16_NUM_INPUT_DATA1_23)
                                       6.38e-02    9.001 8.51e+04    9.150   0.7
  top_half_104__wire_pipeline (wire_binary_tree_1_16_seq_DATA_WIDTH32_NUM_OUTPUT_DATA16_NUM_INPUT_DATA1_24)
                                       6.41e-02    9.004 8.51e+04    9.153   0.7
  top_half_103__wire_pipeline (wire_binary_tree_1_16_seq_DATA_WIDTH32_NUM_OUTPUT_DATA16_NUM_INPUT_DATA1_25)
                                       6.52e-02    9.005 8.51e+04    9.155   0.7
  top_half_102__wire_pipeline (wire_binary_tree_1_16_seq_DATA_WIDTH32_NUM_OUTPUT_DATA16_NUM_INPUT_DATA1_26)
                                       6.44e-02    9.002 8.51e+04    9.152   0.7
  top_half_101__wire_pipeline (wire_binary_tree_1_16_seq_DATA_WIDTH32_NUM_OUTPUT_DATA16_NUM_INPUT_DATA1_27)
                                       6.51e-02    9.004 8.51e+04    9.154   0.7
  top_half_100__wire_pipeline (wire_binary_tree_1_16_seq_DATA_WIDTH32_NUM_OUTPUT_DATA16_NUM_INPUT_DATA1_28)
                                       6.57e-02    9.004 8.51e+04    9.155   0.7
  top_half_99__wire_pipeline (wire_binary_tree_1_16_seq_DATA_WIDTH32_NUM_OUTPUT_DATA16_NUM_INPUT_DATA1_29)
                                       6.41e-02    9.002 8.52e+04    9.151   0.7
  top_half_98__wire_pipeline (wire_binary_tree_1_16_seq_DATA_WIDTH32_NUM_OUTPUT_DATA16_NUM_INPUT_DATA1_30)
                                       6.49e-02    9.004 8.51e+04    9.154   0.7
  top_half_97__wire_pipeline (wire_binary_tree_1_16_seq_DATA_WIDTH32_NUM_OUTPUT_DATA16_NUM_INPUT_DATA1_31)
                                       6.46e-02    9.003 8.51e+04    9.153   0.7
  top_half_96__wire_pipeline (wire_binary_tree_1_16_seq_DATA_WIDTH32_NUM_OUTPUT_DATA16_NUM_INPUT_DATA1_32)
                                       6.42e-02    9.004 8.51e+04    9.153   0.7
  top_half_95__wire_pipeline (wire_binary_tree_1_16_seq_DATA_WIDTH32_NUM_OUTPUT_DATA16_NUM_INPUT_DATA1_33)
                                       6.51e-02    9.001 8.51e+04    9.151   0.7
  top_half_94__wire_pipeline (wire_binary_tree_1_16_seq_DATA_WIDTH32_NUM_OUTPUT_DATA16_NUM_INPUT_DATA1_34)
                                       6.54e-02    9.005 8.51e+04    9.155   0.7
  top_half_93__wire_pipeline (wire_binary_tree_1_16_seq_DATA_WIDTH32_NUM_OUTPUT_DATA16_NUM_INPUT_DATA1_35)
                                       6.41e-02    9.002 8.51e+04    9.151   0.7
  top_half_92__wire_pipeline (wire_binary_tree_1_16_seq_DATA_WIDTH32_NUM_OUTPUT_DATA16_NUM_INPUT_DATA1_36)
                                       6.40e-02    9.002 8.51e+04    9.151   0.7
  top_half_91__wire_pipeline (wire_binary_tree_1_16_seq_DATA_WIDTH32_NUM_OUTPUT_DATA16_NUM_INPUT_DATA1_37)
                                       6.50e-02    9.004 8.51e+04    9.154   0.7
  top_half_90__wire_pipeline (wire_binary_tree_1_16_seq_DATA_WIDTH32_NUM_OUTPUT_DATA16_NUM_INPUT_DATA1_38)
                                       6.48e-02    9.006 8.52e+04    9.156   0.7
  top_half_89__wire_pipeline (wire_binary_tree_1_16_seq_DATA_WIDTH32_NUM_OUTPUT_DATA16_NUM_INPUT_DATA1_39)
                                       6.46e-02    9.003 8.51e+04    9.152   0.7
  top_half_88__wire_pipeline (wire_binary_tree_1_16_seq_DATA_WIDTH32_NUM_OUTPUT_DATA16_NUM_INPUT_DATA1_40)
                                       6.50e-02    9.004 8.51e+04    9.154   0.7
  top_half_87__wire_pipeline (wire_binary_tree_1_16_seq_DATA_WIDTH32_NUM_OUTPUT_DATA16_NUM_INPUT_DATA1_41)
                                       6.44e-02    9.002 8.51e+04    9.152   0.7
  top_half_86__wire_pipeline (wire_binary_tree_1_16_seq_DATA_WIDTH32_NUM_OUTPUT_DATA16_NUM_INPUT_DATA1_42)
                                       6.44e-02    9.001 8.51e+04    9.150   0.7
  top_half_85__wire_pipeline (wire_binary_tree_1_16_seq_DATA_WIDTH32_NUM_OUTPUT_DATA16_NUM_INPUT_DATA1_43)
                                       6.44e-02    9.026 8.51e+04    9.176   0.7
  top_half_84__wire_pipeline (wire_binary_tree_1_16_seq_DATA_WIDTH32_NUM_OUTPUT_DATA16_NUM_INPUT_DATA1_44)
                                       6.46e-02    9.003 8.51e+04    9.153   0.7
  top_half_83__wire_pipeline (wire_binary_tree_1_16_seq_DATA_WIDTH32_NUM_OUTPUT_DATA16_NUM_INPUT_DATA1_45)
                                       6.41e-02    9.001 8.52e+04    9.151   0.7
  top_half_82__wire_pipeline (wire_binary_tree_1_16_seq_DATA_WIDTH32_NUM_OUTPUT_DATA16_NUM_INPUT_DATA1_46)
                                       6.44e-02    9.004 8.51e+04    9.154   0.7
  top_half_81__wire_pipeline (wire_binary_tree_1_16_seq_DATA_WIDTH32_NUM_OUTPUT_DATA16_NUM_INPUT_DATA1_47)
                                       6.44e-02    9.003 8.51e+04    9.153   0.7
  top_half_80__wire_pipeline (wire_binary_tree_1_16_seq_DATA_WIDTH32_NUM_OUTPUT_DATA16_NUM_INPUT_DATA1_48)
                                       6.55e-02    9.005 8.51e+04    9.156   0.7
  top_half_79__wire_pipeline (wire_binary_tree_1_16_seq_DATA_WIDTH32_NUM_OUTPUT_DATA16_NUM_INPUT_DATA1_49)
                                       6.46e-02    9.003 8.51e+04    9.153   0.7
  top_half_78__wire_pipeline (wire_binary_tree_1_16_seq_DATA_WIDTH32_NUM_OUTPUT_DATA16_NUM_INPUT_DATA1_50)
                                       6.53e-02    9.005 8.51e+04    9.156   0.7
  top_half_77__wire_pipeline (wire_binary_tree_1_16_seq_DATA_WIDTH32_NUM_OUTPUT_DATA16_NUM_INPUT_DATA1_51)
                                       6.44e-02    9.007 8.51e+04    9.157   0.7
  top_half_76__wire_pipeline (wire_binary_tree_1_16_seq_DATA_WIDTH32_NUM_OUTPUT_DATA16_NUM_INPUT_DATA1_52)
                                       6.45e-02    9.004 8.52e+04    9.154   0.7
  top_half_75__wire_pipeline (wire_binary_tree_1_16_seq_DATA_WIDTH32_NUM_OUTPUT_DATA16_NUM_INPUT_DATA1_53)
                                       6.47e-02    9.003 8.52e+04    9.153   0.7
  top_half_74__wire_pipeline (wire_binary_tree_1_16_seq_DATA_WIDTH32_NUM_OUTPUT_DATA16_NUM_INPUT_DATA1_54)
                                       6.45e-02    9.002 8.51e+04    9.151   0.7
  top_half_73__wire_pipeline (wire_binary_tree_1_16_seq_DATA_WIDTH32_NUM_OUTPUT_DATA16_NUM_INPUT_DATA1_55)
                                       6.43e-02    9.005 8.52e+04    9.154   0.7
  top_half_72__wire_pipeline (wire_binary_tree_1_16_seq_DATA_WIDTH32_NUM_OUTPUT_DATA16_NUM_INPUT_DATA1_56)
                                       6.54e-02    9.003 8.52e+04    9.153   0.7
  top_half_71__wire_pipeline (wire_binary_tree_1_16_seq_DATA_WIDTH32_NUM_OUTPUT_DATA16_NUM_INPUT_DATA1_57)
                                       6.48e-02    9.003 8.51e+04    9.153   0.7
  top_half_70__wire_pipeline (wire_binary_tree_1_16_seq_DATA_WIDTH32_NUM_OUTPUT_DATA16_NUM_INPUT_DATA1_58)
                                       6.48e-02    9.006 8.51e+04    9.155   0.7
  top_half_69__wire_pipeline (wire_binary_tree_1_16_seq_DATA_WIDTH32_NUM_OUTPUT_DATA16_NUM_INPUT_DATA1_59)
                                       6.47e-02    9.003 8.51e+04    9.153   0.7
  top_half_68__wire_pipeline (wire_binary_tree_1_16_seq_DATA_WIDTH32_NUM_OUTPUT_DATA16_NUM_INPUT_DATA1_60)
                                       6.43e-02    9.003 8.51e+04    9.153   0.7
  top_half_67__wire_pipeline (wire_binary_tree_1_16_seq_DATA_WIDTH32_NUM_OUTPUT_DATA16_NUM_INPUT_DATA1_61)
                                       6.52e-02    9.004 8.51e+04    9.154   0.7
  top_half_66__wire_pipeline (wire_binary_tree_1_16_seq_DATA_WIDTH32_NUM_OUTPUT_DATA16_NUM_INPUT_DATA1_62)
                                       6.45e-02    9.003 8.51e+04    9.153   0.7
  top_half_65__wire_pipeline (wire_binary_tree_1_16_seq_DATA_WIDTH32_NUM_OUTPUT_DATA16_NUM_INPUT_DATA1_63)
                                       6.42e-02    9.003 8.51e+04    9.152   0.7
  top_half_64__wire_pipeline (wire_binary_tree_1_16_seq_DATA_WIDTH32_NUM_OUTPUT_DATA16_NUM_INPUT_DATA1_64)
                                       6.44e-02    9.004 8.51e+04    9.153   0.7
  top_half_63__wire_pipeline (wire_binary_tree_1_16_seq_DATA_WIDTH32_NUM_OUTPUT_DATA16_NUM_INPUT_DATA1_65)
                                       6.51e-02    9.004 8.51e+04    9.154   0.7
  top_half_62__wire_pipeline (wire_binary_tree_1_16_seq_DATA_WIDTH32_NUM_OUTPUT_DATA16_NUM_INPUT_DATA1_66)
                                       6.61e-02    9.003 8.51e+04    9.154   0.7
  top_half_61__wire_pipeline (wire_binary_tree_1_16_seq_DATA_WIDTH32_NUM_OUTPUT_DATA16_NUM_INPUT_DATA1_67)
                                       6.51e-02    9.004 8.52e+04    9.154   0.7
  top_half_60__wire_pipeline (wire_binary_tree_1_16_seq_DATA_WIDTH32_NUM_OUTPUT_DATA16_NUM_INPUT_DATA1_68)
                                       6.41e-02    9.004 8.51e+04    9.153   0.7
  top_half_59__wire_pipeline (wire_binary_tree_1_16_seq_DATA_WIDTH32_NUM_OUTPUT_DATA16_NUM_INPUT_DATA1_69)
                                       6.47e-02    9.003 8.52e+04    9.153   0.7
  top_half_58__wire_pipeline (wire_binary_tree_1_16_seq_DATA_WIDTH32_NUM_OUTPUT_DATA16_NUM_INPUT_DATA1_70)
                                       6.48e-02    9.006 8.52e+04    9.156   0.7
  top_half_57__wire_pipeline (wire_binary_tree_1_16_seq_DATA_WIDTH32_NUM_OUTPUT_DATA16_NUM_INPUT_DATA1_71)
                                       6.54e-02    9.003 8.51e+04    9.153   0.7
  top_half_56__wire_pipeline (wire_binary_tree_1_16_seq_DATA_WIDTH32_NUM_OUTPUT_DATA16_NUM_INPUT_DATA1_72)
                                       6.44e-02    9.003 8.51e+04    9.152   0.7
  top_half_55__wire_pipeline (wire_binary_tree_1_16_seq_DATA_WIDTH32_NUM_OUTPUT_DATA16_NUM_INPUT_DATA1_73)
                                       6.43e-02    9.005 8.52e+04    9.155   0.7
  top_half_54__wire_pipeline (wire_binary_tree_1_16_seq_DATA_WIDTH32_NUM_OUTPUT_DATA16_NUM_INPUT_DATA1_74)
                                       6.53e-02    9.003 8.51e+04    9.153   0.7
  top_half_53__wire_pipeline (wire_binary_tree_1_16_seq_DATA_WIDTH32_NUM_OUTPUT_DATA16_NUM_INPUT_DATA1_75)
                                       6.38e-02    9.001 8.51e+04    9.150   0.7
  top_half_52__wire_pipeline (wire_binary_tree_1_16_seq_DATA_WIDTH32_NUM_OUTPUT_DATA16_NUM_INPUT_DATA1_76)
                                       6.40e-02    9.003 8.51e+04    9.153   0.7
  top_half_51__wire_pipeline (wire_binary_tree_1_16_seq_DATA_WIDTH32_NUM_OUTPUT_DATA16_NUM_INPUT_DATA1_77)
                                       6.41e-02    9.004 8.52e+04    9.153   0.7
  top_half_50__wire_pipeline (wire_binary_tree_1_16_seq_DATA_WIDTH32_NUM_OUTPUT_DATA16_NUM_INPUT_DATA1_78)
                                       6.56e-02    9.002 8.51e+04    9.153   0.7
  top_half_49__wire_pipeline (wire_binary_tree_1_16_seq_DATA_WIDTH32_NUM_OUTPUT_DATA16_NUM_INPUT_DATA1_79)
                                       6.42e-02    9.005 8.51e+04    9.154   0.7
  top_half_48__wire_pipeline (wire_binary_tree_1_16_seq_DATA_WIDTH32_NUM_OUTPUT_DATA16_NUM_INPUT_DATA1_80)
                                       6.41e-02    9.003 8.51e+04    9.152   0.7
  top_half_47__wire_pipeline (wire_binary_tree_1_16_seq_DATA_WIDTH32_NUM_OUTPUT_DATA16_NUM_INPUT_DATA1_81)
                                       6.40e-02    9.004 8.51e+04    9.153   0.7
  top_half_46__wire_pipeline (wire_binary_tree_1_16_seq_DATA_WIDTH32_NUM_OUTPUT_DATA16_NUM_INPUT_DATA1_82)
                                       6.55e-02    9.002 8.51e+04    9.153   0.7
  top_half_45__wire_pipeline (wire_binary_tree_1_16_seq_DATA_WIDTH32_NUM_OUTPUT_DATA16_NUM_INPUT_DATA1_83)
                                       6.43e-02    9.005 8.51e+04    9.155   0.7
  top_half_44__wire_pipeline (wire_binary_tree_1_16_seq_DATA_WIDTH32_NUM_OUTPUT_DATA16_NUM_INPUT_DATA1_84)
                                       6.47e-02    9.007 8.52e+04    9.157   0.7
  top_half_43__wire_pipeline (wire_binary_tree_1_16_seq_DATA_WIDTH32_NUM_OUTPUT_DATA16_NUM_INPUT_DATA1_85)
                                       6.48e-02    9.007 8.52e+04    9.157   0.7
  top_half_42__wire_pipeline (wire_binary_tree_1_16_seq_DATA_WIDTH32_NUM_OUTPUT_DATA16_NUM_INPUT_DATA1_86)
                                       6.44e-02    9.002 8.52e+04    9.152   0.7
  top_half_41__wire_pipeline (wire_binary_tree_1_16_seq_DATA_WIDTH32_NUM_OUTPUT_DATA16_NUM_INPUT_DATA1_87)
                                       6.40e-02    9.003 8.51e+04    9.152   0.7
  top_half_40__wire_pipeline (wire_binary_tree_1_16_seq_DATA_WIDTH32_NUM_OUTPUT_DATA16_NUM_INPUT_DATA1_88)
                                       6.51e-02    9.004 8.51e+04    9.154   0.7
  top_half_39__wire_pipeline (wire_binary_tree_1_16_seq_DATA_WIDTH32_NUM_OUTPUT_DATA16_NUM_INPUT_DATA1_89)
                                       6.49e-02    9.003 8.51e+04    9.153   0.7
  top_half_38__wire_pipeline (wire_binary_tree_1_16_seq_DATA_WIDTH32_NUM_OUTPUT_DATA16_NUM_INPUT_DATA1_90)
                                       6.41e-02    9.004 8.51e+04    9.153   0.7
  top_half_37__wire_pipeline (wire_binary_tree_1_16_seq_DATA_WIDTH32_NUM_OUTPUT_DATA16_NUM_INPUT_DATA1_91)
                                       6.40e-02    9.003 8.51e+04    9.152   0.7
  top_half_36__wire_pipeline (wire_binary_tree_1_16_seq_DATA_WIDTH32_NUM_OUTPUT_DATA16_NUM_INPUT_DATA1_92)
                                       6.50e-02    9.006 8.52e+04    9.156   0.7
  top_half_35__wire_pipeline (wire_binary_tree_1_16_seq_DATA_WIDTH32_NUM_OUTPUT_DATA16_NUM_INPUT_DATA1_93)
                                       6.44e-02    9.002 8.51e+04    9.151   0.7
  top_half_34__wire_pipeline (wire_binary_tree_1_16_seq_DATA_WIDTH32_NUM_OUTPUT_DATA16_NUM_INPUT_DATA1_94)
                                       6.48e-02    9.002 8.51e+04    9.152   0.7
  top_half_33__wire_pipeline (wire_binary_tree_1_16_seq_DATA_WIDTH32_NUM_OUTPUT_DATA16_NUM_INPUT_DATA1_95)
                                       6.54e-02    9.005 8.51e+04    9.156   0.7
  top_half_32__wire_pipeline (wire_binary_tree_1_16_seq_DATA_WIDTH32_NUM_OUTPUT_DATA16_NUM_INPUT_DATA1_96)
                                       6.53e-02    9.005 8.52e+04    9.155   0.7
  top_half_31__wire_pipeline (wire_binary_tree_1_16_seq_DATA_WIDTH32_NUM_OUTPUT_DATA16_NUM_INPUT_DATA1_97)
                                       6.48e-02    9.006 8.52e+04    9.156   0.7
  top_half_30__wire_pipeline (wire_binary_tree_1_16_seq_DATA_WIDTH32_NUM_OUTPUT_DATA16_NUM_INPUT_DATA1_98)
                                       6.47e-02    9.003 8.51e+04    9.153   0.7
  top_half_29__wire_pipeline (wire_binary_tree_1_16_seq_DATA_WIDTH32_NUM_OUTPUT_DATA16_NUM_INPUT_DATA1_99)
                                       6.45e-02    9.006 8.51e+04    9.155   0.7
  top_half_28__wire_pipeline (wire_binary_tree_1_16_seq_DATA_WIDTH32_NUM_OUTPUT_DATA16_NUM_INPUT_DATA1_100)
                                       6.49e-02    9.005 8.51e+04    9.155   0.7
  top_half_27__wire_pipeline (wire_binary_tree_1_16_seq_DATA_WIDTH32_NUM_OUTPUT_DATA16_NUM_INPUT_DATA1_101)
                                       6.59e-02    9.004 8.52e+04    9.155   0.7
  top_half_26__wire_pipeline (wire_binary_tree_1_16_seq_DATA_WIDTH32_NUM_OUTPUT_DATA16_NUM_INPUT_DATA1_102)
                                       6.42e-02    9.002 8.51e+04    9.152   0.7
  top_half_25__wire_pipeline (wire_binary_tree_1_16_seq_DATA_WIDTH32_NUM_OUTPUT_DATA16_NUM_INPUT_DATA1_103)
                                       6.49e-02    9.005 8.51e+04    9.155   0.7
  top_half_24__wire_pipeline (wire_binary_tree_1_16_seq_DATA_WIDTH32_NUM_OUTPUT_DATA16_NUM_INPUT_DATA1_104)
                                       6.47e-02    9.005 8.51e+04    9.155   0.7
  top_half_23__wire_pipeline (wire_binary_tree_1_16_seq_DATA_WIDTH32_NUM_OUTPUT_DATA16_NUM_INPUT_DATA1_105)
                                       6.44e-02    9.004 8.51e+04    9.153   0.7
  top_half_22__wire_pipeline (wire_binary_tree_1_16_seq_DATA_WIDTH32_NUM_OUTPUT_DATA16_NUM_INPUT_DATA1_106)
                                       6.41e-02    9.004 8.51e+04    9.153   0.7
  top_half_21__wire_pipeline (wire_binary_tree_1_16_seq_DATA_WIDTH32_NUM_OUTPUT_DATA16_NUM_INPUT_DATA1_107)
                                       6.56e-02    9.003 8.51e+04    9.154   0.7
  top_half_20__wire_pipeline (wire_binary_tree_1_16_seq_DATA_WIDTH32_NUM_OUTPUT_DATA16_NUM_INPUT_DATA1_108)
                                       6.39e-02    9.004 8.51e+04    9.153   0.7
  top_half_19__wire_pipeline (wire_binary_tree_1_16_seq_DATA_WIDTH32_NUM_OUTPUT_DATA16_NUM_INPUT_DATA1_109)
                                       6.52e-02    9.005 8.52e+04    9.155   0.7
  top_half_18__wire_pipeline (wire_binary_tree_1_16_seq_DATA_WIDTH32_NUM_OUTPUT_DATA16_NUM_INPUT_DATA1_110)
                                       6.47e-02    9.005 8.52e+04    9.155   0.7
  top_half_17__wire_pipeline (wire_binary_tree_1_16_seq_DATA_WIDTH32_NUM_OUTPUT_DATA16_NUM_INPUT_DATA1_111)
                                       6.46e-02    9.003 8.52e+04    9.153   0.7
  top_half_16__wire_pipeline (wire_binary_tree_1_16_seq_DATA_WIDTH32_NUM_OUTPUT_DATA16_NUM_INPUT_DATA1_112)
                                       6.59e-02    9.006 8.52e+04    9.157   0.7
  top_half_15__wire_pipeline (wire_binary_tree_1_16_seq_DATA_WIDTH32_NUM_OUTPUT_DATA16_NUM_INPUT_DATA1_113)
                                       6.54e-02    9.006 8.52e+04    9.157   0.7
  top_half_14__wire_pipeline (wire_binary_tree_1_16_seq_DATA_WIDTH32_NUM_OUTPUT_DATA16_NUM_INPUT_DATA1_114)
                                       6.46e-02    9.006 8.52e+04    9.155   0.7
  top_half_13__wire_pipeline (wire_binary_tree_1_16_seq_DATA_WIDTH32_NUM_OUTPUT_DATA16_NUM_INPUT_DATA1_115)
                                       6.50e-02    9.005 8.52e+04    9.156   0.7
  top_half_12__wire_pipeline (wire_binary_tree_1_16_seq_DATA_WIDTH32_NUM_OUTPUT_DATA16_NUM_INPUT_DATA1_116)
                                       6.50e-02    9.008 8.52e+04    9.158   0.7
  top_half_11__wire_pipeline (wire_binary_tree_1_16_seq_DATA_WIDTH32_NUM_OUTPUT_DATA16_NUM_INPUT_DATA1_117)
                                       6.44e-02    9.003 8.52e+04    9.153   0.7
  top_half_10__wire_pipeline (wire_binary_tree_1_16_seq_DATA_WIDTH32_NUM_OUTPUT_DATA16_NUM_INPUT_DATA1_118)
                                       6.43e-02    9.003 8.52e+04    9.152   0.7
  top_half_9__wire_pipeline (wire_binary_tree_1_16_seq_DATA_WIDTH32_NUM_OUTPUT_DATA16_NUM_INPUT_DATA1_119)
                                       6.48e-02    9.007 8.52e+04    9.157   0.7
  top_half_8__wire_pipeline (wire_binary_tree_1_16_seq_DATA_WIDTH32_NUM_OUTPUT_DATA16_NUM_INPUT_DATA1_120)
                                       6.53e-02    9.003 8.51e+04    9.153   0.7
  top_half_7__wire_pipeline (wire_binary_tree_1_16_seq_DATA_WIDTH32_NUM_OUTPUT_DATA16_NUM_INPUT_DATA1_121)
                                       6.48e-02    9.005 8.52e+04    9.155   0.7
  top_half_6__wire_pipeline (wire_binary_tree_1_16_seq_DATA_WIDTH32_NUM_OUTPUT_DATA16_NUM_INPUT_DATA1_122)
                                       6.44e-02    9.000 8.51e+04    9.149   0.7
  top_half_5__wire_pipeline (wire_binary_tree_1_16_seq_DATA_WIDTH32_NUM_OUTPUT_DATA16_NUM_INPUT_DATA1_123)
                                       6.44e-02    9.004 8.51e+04    9.154   0.7
  top_half_4__wire_pipeline (wire_binary_tree_1_16_seq_DATA_WIDTH32_NUM_OUTPUT_DATA16_NUM_INPUT_DATA1_124)
                                       6.50e-02    9.006 8.52e+04    9.156   0.7
  top_half_3__wire_pipeline (wire_binary_tree_1_16_seq_DATA_WIDTH32_NUM_OUTPUT_DATA16_NUM_INPUT_DATA1_125)
                                       6.43e-02    9.002 8.51e+04    9.152   0.7
  top_half_2__wire_pipeline (wire_binary_tree_1_16_seq_DATA_WIDTH32_NUM_OUTPUT_DATA16_NUM_INPUT_DATA1_126)
                                       6.59e-02    9.008 8.51e+04    9.159   0.7
  top_half_1__wire_pipeline (wire_binary_tree_1_16_seq_DATA_WIDTH32_NUM_OUTPUT_DATA16_NUM_INPUT_DATA1_127)
                                       6.41e-02    9.000 8.51e+04    9.150   0.7
  top_half_0__wire_pipeline (wire_binary_tree_1_16_seq_DATA_WIDTH32_NUM_OUTPUT_DATA16_NUM_INPUT_DATA1_0)
                                       6.46e-02    9.004 8.52e+04    9.154   0.7
1
