 
****************************************
Report : area
Design : crossbar_one_hot_comb
Version: Q-2019.12-SP2
Date   : Sun Apr 11 09:09:07 2021
****************************************

Library(s) Used:

    tcbn28hpcplusbwp30p140tt0p8v25c (File: /usr/scratch/will-jianming/TSMC_library/IP/TSMC28_STD_CELLS/custom_utils_ck/tsmc_ip/tcbn28hpcplusbwp30p140/nldm/tcbn28hpcplusbwp30p140tt0p8v25c.db)

Number of ports:                         2889
Number of nets:                         16421
Number of cells:                        13860
Number of combinational cells:          13860
Number of sequential cells:                 0
Number of macros/black boxes:               0
Number of buf/inv:                       1183
Number of references:                      34

Combinational area:               8512.685921
Buf/Inv area:                      298.116005
Noncombinational area:               0.000000
Macro/Black Box area:                0.000000
Net Interconnect area:      undefined  (Wire load has zero net area)

Total cell area:                  8512.685921
Total area:                 undefined
1
