 
****************************************
Report : area
Design : crossbar_one_hot_seq
Version: J-2014.09-SP3
Date   : Mon Apr 12 15:56:13 2021
****************************************

Library(s) Used:

    tcbn28hpcplusbwp30p140lvttt0p8v25c (File: /usr/scratch/DRBE-shared/TSMC-library/IP/TSMC28_STD_CELLS/unzipped/tcbn28hpcplusbwp30p140lvt_190a/tcbn28hpcplusbwp30p140lvt_180a_nldm/TSMCHOME/digital/Front_End/timing_power_noise/NLDM/tcbn28hpcplusbwp30p140lvt_180a/tcbn28hpcplusbwp30p140lvttt0p8v25c.db)

Number of ports:                         1579
Number of nets:                         12160
Number of cells:                        10844
Number of combinational cells:           8468
Number of sequential cells:              2376
Number of macros/black boxes:               0
Number of buf/inv:                        100
Number of references:                      34

Combinational area:               4791.779954
Buf/Inv area:                       25.704000
Noncombinational area:            4491.143966
Macro/Black Box area:                0.000000
Net Interconnect area:      undefined  (Wire load has zero net area)

Total cell area:                  9282.923920
Total area:                 undefined

Hierarchical area distribution
------------------------------

                                  Global cell area          Local cell area
                                  ------------------  ---------------------------- 
Hierarchical cell                 Absolute   Percent  Combi-     Noncombi-  Black-
                                  Total      Total    national   national   boxes   Design
--------------------------------  ---------  -------  ---------  ---------  ------  ---------
crossbar_one_hot_seq              9282.9239    100.0  4791.7800  4491.1440  0.0000  crossbar_one_hot_seq
--------------------------------  ---------  -------  ---------  ---------  ------  ---------
Total                                                 4791.7800  4491.1440  0.0000

1
