 
****************************************
Report : timing
        -path full
        -delay max
        -max_paths 1
Design : crossbar_one_hot_comb_wrapper_seq
Version: Q-2019.12-SP2
Date   : Mon Apr 12 23:25:46 2021
****************************************

 # A fanout number of 1000 was used for high fanout net computations.

Operating Conditions: tt0p8v25c   Library: tcbn28hpcplusbwp30p140lvttt0p8v25c
Wire Load Model Mode: segmented

  Startpoint: i_en (input port clocked by clk)
  Endpoint: o_data_bus_reg_reg_209_
            (rising edge-triggered flip-flop clocked by clk)
  Path Group: clk
  Path Type: max

  Des/Clust/Port     Wire Load Model       Library
  ------------------------------------------------
  crossbar_one_hot_comb_wrapper_seq
                     ZeroWireload          tcbn28hpcplusbwp30p140lvttt0p8v25c
  crossbar_one_hot_comb_DATA_WIDTH32_NUM_OUTPUT_DATA8_NUM_INPUT_DATA32
                     ZeroWireload          tcbn28hpcplusbwp30p140lvttt0p8v25c

  Point                                                   Incr       Path
  --------------------------------------------------------------------------
  clock clk (rise edge)                                   0.00       0.00
  clock network delay (ideal)                             0.00       0.00
  input external delay                                    0.10       0.10 f
  i_en (in)                                               0.00       0.10 f
  dut/i_en (crossbar_one_hot_comb_DATA_WIDTH32_NUM_OUTPUT_DATA8_NUM_INPUT_DATA32)
                                                          0.00       0.10 f
  dut/U65/ZN (ND2OPTIBD2BWP30P140LVT)                     0.00       0.10 r
  dut/U661/ZN (INVD2BWP30P140LVT)                         0.01       0.11 f
  dut/U1173/ZN (IND4D1BWP30P140LVT)                       0.01       0.12 r
  dut/U442/Z (AN4D2BWP30P140LVT)                          0.03       0.16 r
  dut/U109/ZN (ND2OPTIBD1BWP30P140LVT)                    0.01       0.17 f
  dut/U108/ZN (NR2OPTPAD1BWP30P140LVT)                    0.01       0.18 r
  dut/U140/ZN (ND2OPTPAD2BWP30P140LVT)                    0.01       0.19 f
  dut/U138/ZN (NR2D2BWP30P140LVT)                         0.01       0.20 r
  dut/U1211/ZN (ND3D2BWP30P140LVT)                        0.02       0.22 f
  dut/U1212/ZN (NR2OPTPAD1BWP30P140LVT)                   0.06       0.28 r
  dut/U2607/ZN (AOI22D1BWP30P140LVT)                      0.02       0.30 f
  dut/U2609/ZN (ND4D1BWP30P140LVT)                        0.01       0.32 r
  dut/U2616/ZN (NR4D0BWP30P140LVT)                        0.01       0.33 f
  dut/U2617/ZN (ND4D1BWP30P140LVT)                        0.01       0.34 r
  dut/o_data_bus[209] (crossbar_one_hot_comb_DATA_WIDTH32_NUM_OUTPUT_DATA8_NUM_INPUT_DATA32)
                                                          0.00       0.34 r
  o_data_bus_reg_reg_209_/D (DFQD2BWP30P140LVT)           0.00       0.34 r
  data arrival time                                                  0.34

  clock clk (rise edge)                                   0.50       0.50
  clock network delay (ideal)                             0.00       0.50
  clock uncertainty                                      -0.15       0.35
  o_data_bus_reg_reg_209_/CP (DFQD2BWP30P140LVT)          0.00       0.35 r
  library setup time                                     -0.01       0.34
  data required time                                                 0.34
  --------------------------------------------------------------------------
  data required time                                                 0.34
  data arrival time                                                 -0.34
  --------------------------------------------------------------------------
  slack (MET)                                                        0.00


1
