 
****************************************
Report : area
Design : benes_simple_seq
Version: J-2014.09-SP3
Date   : Sat Jun 19 03:59:10 2021
****************************************

Library(s) Used:

    tcbn28hpcplusbwp30p140tt0p8v25c (File: /usr/scratch/DRBE-shared/TSMC-library/IP/TSMC28_STD_CELLS/custom_utils_ck/tsmc_ip/tcbn28hpcplusbwp30p140/nldm/tcbn28hpcplusbwp30p140tt0p8v25c.db)

Number of ports:                          571
Number of nets:                          1975
Number of cells:                          368
Number of combinational cells:            268
Number of sequential cells:                80
Number of macros/black boxes:               0
Number of buf/inv:                        268
Number of references:                      26

Combinational area:               2115.791977
Buf/Inv area:                     1014.425994
Noncombinational area:            2806.523946
Macro/Black Box area:                0.000000
Net Interconnect area:      undefined  (Wire load has zero net area)

Total cell area:                  4922.315923
Total area:                 undefined
1
