Warning: Design 'crossbar_one_hot_seq' has '1' unresolved references. For more detailed information, use the "link" command. (UID-341)
 
****************************************
Report : timing
        -path full
        -delay max
        -max_paths 1
Design : crossbar_one_hot_seq
Version: J-2014.09-SP3
Date   : Sat May 15 05:18:36 2021
****************************************

Operating Conditions: tt0p8v25c   Library: tcbn28hpcplusbwp30p140lvttt0p8v25c
Wire Load Model Mode: segmented

  Startpoint: i_cmd_id_2__cmd_pipeline/o_cmd_reg_reg_3_
              (rising edge-triggered flip-flop clocked by CLK)
  Endpoint: bottom_half_3__mux_tree/o_data_bus_reg_reg_16_
            (rising edge-triggered flip-flop clocked by CLK)
  Path Group: CLK
  Path Type: max

  Des/Clust/Port     Wire Load Model       Library
  ------------------------------------------------
  cmd_wire_binary_tree_1_8_seq_DATA_WIDTH32_NUM_OUTPUT_DATA8_NUM_INPUT_DATA1_7
                     ZeroWireload          tcbn28hpcplusbwp30p140lvttt0p8v25c
  cmd_wire_binary_tree_1_8_seq_DATA_WIDTH32_NUM_OUTPUT_DATA8_NUM_INPUT_DATA1_6
                     ZeroWireload          tcbn28hpcplusbwp30p140lvttt0p8v25c
  cmd_wire_binary_tree_1_8_seq_DATA_WIDTH32_NUM_OUTPUT_DATA8_NUM_INPUT_DATA1_5
                     ZeroWireload          tcbn28hpcplusbwp30p140lvttt0p8v25c
  cmd_wire_binary_tree_1_8_seq_DATA_WIDTH32_NUM_OUTPUT_DATA8_NUM_INPUT_DATA1_4
                     ZeroWireload          tcbn28hpcplusbwp30p140lvttt0p8v25c
  cmd_wire_binary_tree_1_8_seq_DATA_WIDTH32_NUM_OUTPUT_DATA8_NUM_INPUT_DATA1_3
                     ZeroWireload          tcbn28hpcplusbwp30p140lvttt0p8v25c
  cmd_wire_binary_tree_1_8_seq_DATA_WIDTH32_NUM_OUTPUT_DATA8_NUM_INPUT_DATA1_2
                     ZeroWireload          tcbn28hpcplusbwp30p140lvttt0p8v25c
  cmd_wire_binary_tree_1_8_seq_DATA_WIDTH32_NUM_OUTPUT_DATA8_NUM_INPUT_DATA1_1
                     ZeroWireload          tcbn28hpcplusbwp30p140lvttt0p8v25c
  mux_tree_8_1_seq_DATA_WIDTH32_NUM_OUTPUT_DATA1_NUM_INPUT_DATA8_7
                     ZeroWireload          tcbn28hpcplusbwp30p140lvttt0p8v25c
  mux_tree_8_1_seq_DATA_WIDTH32_NUM_OUTPUT_DATA1_NUM_INPUT_DATA8_6
                     ZeroWireload          tcbn28hpcplusbwp30p140lvttt0p8v25c
  mux_tree_8_1_seq_DATA_WIDTH32_NUM_OUTPUT_DATA1_NUM_INPUT_DATA8_5
                     ZeroWireload          tcbn28hpcplusbwp30p140lvttt0p8v25c
  mux_tree_8_1_seq_DATA_WIDTH32_NUM_OUTPUT_DATA1_NUM_INPUT_DATA8_4
                     ZeroWireload          tcbn28hpcplusbwp30p140lvttt0p8v25c
  mux_tree_8_1_seq_DATA_WIDTH32_NUM_OUTPUT_DATA1_NUM_INPUT_DATA8_3
                     ZeroWireload          tcbn28hpcplusbwp30p140lvttt0p8v25c
  mux_tree_8_1_seq_DATA_WIDTH32_NUM_OUTPUT_DATA1_NUM_INPUT_DATA8_2
                     ZeroWireload          tcbn28hpcplusbwp30p140lvttt0p8v25c
  mux_tree_8_1_seq_DATA_WIDTH32_NUM_OUTPUT_DATA1_NUM_INPUT_DATA8_1
                     ZeroWireload          tcbn28hpcplusbwp30p140lvttt0p8v25c
  mux_tree_8_1_seq_DATA_WIDTH32_NUM_OUTPUT_DATA1_NUM_INPUT_DATA8_0
                     ZeroWireload          tcbn28hpcplusbwp30p140lvttt0p8v25c
  crossbar_one_hot_seq
                     ZeroWireload          tcbn28hpcplusbwp30p140lvttt0p8v25c
  cmd_wire_binary_tree_1_8_seq_DATA_WIDTH32_NUM_OUTPUT_DATA8_NUM_INPUT_DATA1_0
                     ZeroWireload          tcbn28hpcplusbwp30p140lvttt0p8v25c

  Point                                                   Incr       Path
  --------------------------------------------------------------------------
  clock CLK (rise edge)                                   0.00       0.00
  clock network delay (ideal)                             0.00       0.00
  i_cmd_id_2__cmd_pipeline/o_cmd_reg_reg_3_/CP (DFQD4BWP30P140LVT)
                                                          0.00       0.00 r
  i_cmd_id_2__cmd_pipeline/o_cmd_reg_reg_3_/Q (DFQD4BWP30P140LVT)
                                                          0.04       0.04 f
  i_cmd_id_2__cmd_pipeline/o_cmd_3 (cmd_wire_binary_tree_1_8_seq_DATA_WIDTH32_NUM_OUTPUT_DATA8_NUM_INPUT_DATA1_6)
                                                          0.00       0.04 f
  bottom_half_3__mux_tree/i_cmd[2] (mux_tree_8_1_seq_DATA_WIDTH32_NUM_OUTPUT_DATA1_NUM_INPUT_DATA8_5)
                                                          0.00       0.04 f
  bottom_half_3__mux_tree/U13/ZN (NR2D2BWP30P140LVT)      0.01       0.05 r
  bottom_half_3__mux_tree/U45/ZN (ND3OPTPAD2BWP30P140LVT)
                                                          0.01       0.06 f
  bottom_half_3__mux_tree/U46/ZN (INR2D2BWP30P140LVT)     0.01       0.06 r
  bottom_half_3__mux_tree/U28/ZN (INVD1BWP30P140LVT)      0.01       0.07 f
  bottom_half_3__mux_tree/U10/ZN (NR4D1BWP30P140LVT)      0.01       0.08 r
  bottom_half_3__mux_tree/U8/ZN (INVD2BWP30P140LVT)       0.01       0.09 f
  bottom_half_3__mux_tree/U15/ZN (INVD8BWP30P140LVT)      0.01       0.10 r
  bottom_half_3__mux_tree/U19/ZN (AOI22D1BWP30P140LVT)
                                                          0.01       0.12 f
  bottom_half_3__mux_tree/U50/ZN (INVD1BWP30P140LVT)      0.01       0.12 r
  bottom_half_3__mux_tree/U51/ZN (INR2D1BWP30P140LVT)     0.01       0.13 f
  bottom_half_3__mux_tree/U61/ZN (ND3D1BWP30P140LVT)      0.01       0.14 r
  bottom_half_3__mux_tree/o_data_bus_reg_reg_16_/D (DFQD1BWP30P140LVT)
                                                          0.00       0.14 r
  data arrival time                                                  0.14

  clock CLK (rise edge)                                   0.30       0.30
  clock network delay (ideal)                             0.00       0.30
  clock uncertainty                                      -0.15       0.15
  bottom_half_3__mux_tree/o_data_bus_reg_reg_16_/CP (DFQD1BWP30P140LVT)
                                                          0.00       0.15 r
  library setup time                                     -0.01       0.14
  data required time                                                 0.14
  --------------------------------------------------------------------------
  data required time                                                 0.14
  data arrival time                                                 -0.14
  --------------------------------------------------------------------------
  slack (MET)                                                        0.00


1
