Warning: Design 'crossbar_one_hot_seq' has '1' unresolved references. For more detailed information, use the "link" command. (UID-341)
 
****************************************
Report : area
Design : crossbar_one_hot_seq
Version: J-2014.09-SP3
Date   : Sat May 15 05:18:36 2021
****************************************

Library(s) Used:

    tcbn28hpcplusbwp30p140lvttt0p8v25c (File: /usr/scratch/DRBE-shared/TSMC-library/IP/TSMC28_STD_CELLS/unzipped/tcbn28hpcplusbwp30p140lvt_190a/tcbn28hpcplusbwp30p140lvt_180a_nldm/TSMCHOME/digital/Front_End/timing_power_noise/NLDM/tcbn28hpcplusbwp30p140lvt_180a/tcbn28hpcplusbwp30p140lvttt0p8v25c.db)

Number of ports:                          595
Number of nets:                          3035
Number of cells:                          288
Number of combinational cells:            264
Number of sequential cells:                 8
Number of macros/black boxes:               0
Number of buf/inv:                        264
Number of references:                      18

Combinational area:               1412.081979
Buf/Inv area:                      384.425985
Noncombinational area:             996.029989
Macro/Black Box area:                0.000000
Net Interconnect area:      undefined  (Wire load has zero net area)

Total cell area:                  2408.111968
Total area:                 undefined

Information: This design contains black box (unknown) components. (RPT-8)

Hierarchical area distribution
------------------------------

                                  Global cell area          Local cell area
                                  ------------------  ---------------------------- 
Hierarchical cell                 Absolute   Percent  Combi-     Noncombi-  Black-
                                  Total      Total    national   national   boxes   Design
--------------------------------  ---------  -------  ---------  ---------  ------  ----------------------------------------------------------------------------
crossbar_one_hot_seq              2408.1120    100.0   299.3760     0.0000  0.0000  crossbar_one_hot_seq
bottom_half_0__mux_tree            193.0320      8.0   130.6620    62.3700  0.0000  mux_tree_8_1_seq_DATA_WIDTH32_NUM_OUTPUT_DATA1_NUM_INPUT_DATA8_0
bottom_half_1__mux_tree            200.8440      8.3   138.4740    62.3700  0.0000  mux_tree_8_1_seq_DATA_WIDTH32_NUM_OUTPUT_DATA1_NUM_INPUT_DATA8_7
bottom_half_2__mux_tree            196.5600      8.2   134.1900    62.3700  0.0000  mux_tree_8_1_seq_DATA_WIDTH32_NUM_OUTPUT_DATA1_NUM_INPUT_DATA8_6
bottom_half_3__mux_tree            198.8280      8.3   136.4580    62.3700  0.0000  mux_tree_8_1_seq_DATA_WIDTH32_NUM_OUTPUT_DATA1_NUM_INPUT_DATA8_5
bottom_half_4__mux_tree            197.3160      8.2   134.9460    62.3700  0.0000  mux_tree_8_1_seq_DATA_WIDTH32_NUM_OUTPUT_DATA1_NUM_INPUT_DATA8_4
bottom_half_5__mux_tree            195.1740      8.1   132.8040    62.3700  0.0000  mux_tree_8_1_seq_DATA_WIDTH32_NUM_OUTPUT_DATA1_NUM_INPUT_DATA8_3
bottom_half_6__mux_tree            197.5680      8.2   135.1980    62.3700  0.0000  mux_tree_8_1_seq_DATA_WIDTH32_NUM_OUTPUT_DATA1_NUM_INPUT_DATA8_2
bottom_half_7__mux_tree            196.0560      8.1   133.6860    62.3700  0.0000  mux_tree_8_1_seq_DATA_WIDTH32_NUM_OUTPUT_DATA1_NUM_INPUT_DATA8_1
i_cmd_id_0__cmd_pipeline            66.1500      2.7     4.5360    61.6140  0.0000  cmd_wire_binary_tree_1_8_seq_DATA_WIDTH32_NUM_OUTPUT_DATA8_NUM_INPUT_DATA1_0
i_cmd_id_1__cmd_pipeline            65.3940      2.7     4.5360    60.8580  0.0000  cmd_wire_binary_tree_1_8_seq_DATA_WIDTH32_NUM_OUTPUT_DATA8_NUM_INPUT_DATA1_7
i_cmd_id_2__cmd_pipeline            65.3940      2.7     4.5360    60.8580  0.0000  cmd_wire_binary_tree_1_8_seq_DATA_WIDTH32_NUM_OUTPUT_DATA8_NUM_INPUT_DATA1_6
i_cmd_id_3__cmd_pipeline            66.5280      2.8     4.5360    61.9920  0.0000  cmd_wire_binary_tree_1_8_seq_DATA_WIDTH32_NUM_OUTPUT_DATA8_NUM_INPUT_DATA1_5
i_cmd_id_4__cmd_pipeline            66.1500      2.7     4.5360    61.6140  0.0000  cmd_wire_binary_tree_1_8_seq_DATA_WIDTH32_NUM_OUTPUT_DATA8_NUM_INPUT_DATA1_4
i_cmd_id_5__cmd_pipeline            68.0400      2.8     4.5360    63.5040  0.0000  cmd_wire_binary_tree_1_8_seq_DATA_WIDTH32_NUM_OUTPUT_DATA8_NUM_INPUT_DATA1_3
i_cmd_id_6__cmd_pipeline            67.6620      2.8     4.5360    63.1260  0.0000  cmd_wire_binary_tree_1_8_seq_DATA_WIDTH32_NUM_OUTPUT_DATA8_NUM_INPUT_DATA1_2
i_cmd_id_7__cmd_pipeline            68.0400      2.8     4.5360    63.5040  0.0000  cmd_wire_binary_tree_1_8_seq_DATA_WIDTH32_NUM_OUTPUT_DATA8_NUM_INPUT_DATA1_1
--------------------------------  ---------  -------  ---------  ---------  ------  ----------------------------------------------------------------------------
Total                                                 1412.0820   996.0300  0.0000

1
