 
****************************************
Report : area
Design : flatten_benes_simple_seq
Version: J-2014.09-SP3
Date   : Sat Jun 19 04:07:19 2021
****************************************

Library(s) Used:

    tcbn28hpcplusbwp30p140tt0p8v25c (File: /usr/scratch/DRBE-shared/TSMC-library/IP/TSMC28_STD_CELLS/custom_utils_ck/tsmc_ip/tcbn28hpcplusbwp30p140/nldm/tcbn28hpcplusbwp30p140tt0p8v25c.db)

Number of ports:                         2835
Number of nets:                         20099
Number of cells:                         4784
Number of combinational cells:           1952
Number of sequential cells:              2688
Number of macros/black boxes:               0
Number of buf/inv:                       1952
Number of references:                     150

Combinational area:              30969.161704
Buf/Inv area:                     9970.254086
Noncombinational area:           55561.841432
Macro/Black Box area:                0.000000
Net Interconnect area:      undefined  (Wire load has zero net area)

Total cell area:                 86531.003136
Total area:                 undefined
1
