Information: Propagating switching activity (low effort zero delay simulation). (PWR-6)
Warning: Design has unannotated primary inputs. (PWR-414)
Warning: Design has unannotated sequential cell outputs. (PWR-415)
 
****************************************
Report : power
        -hier
        -analysis_effort low
Design : crossbar_one_hot_seq
Version: J-2014.09-SP3
Date   : Tue Apr 20 23:12:47 2021
****************************************


Library(s) Used:

    tcbn28hpcplusbwp30p140lvttt0p8v25c (File: /usr/scratch/DRBE-shared/TSMC-library/IP/TSMC28_STD_CELLS/unzipped/tcbn28hpcplusbwp30p140lvt_190a/tcbn28hpcplusbwp30p140lvt_180a_nldm/TSMCHOME/digital/Front_End/timing_power_noise/NLDM/tcbn28hpcplusbwp30p140lvt_180a/tcbn28hpcplusbwp30p140lvttt0p8v25c.db)


Operating Conditions: tt0p8v25c   Library: tcbn28hpcplusbwp30p140lvttt0p8v25c
Wire Load Model Mode: segmented

Design        Wire Load Model            Library
------------------------------------------------
crossbar_one_hot_seq   ZeroWireload      tcbn28hpcplusbwp30p140lvttt0p8v25c
crossbar_8_8_seq_DATA_WIDTH32_NUM_OUTPUT_DATA8_NUM_INPUT_DATA8_0
                       ZeroWireload      tcbn28hpcplusbwp30p140lvttt0p8v25c
wire_binary_tree_1_8_seq_DATA_WIDTH32_NUM_OUTPUT_DATA8_NUM_INPUT_DATA1_0
                       ZeroWireload      tcbn28hpcplusbwp30p140lvttt0p8v25c
cmd_wire_binary_tree_1_8_seq_DATA_WIDTH32_NUM_OUTPUT_DATA8_NUM_INPUT_DATA1_0
                       ZeroWireload      tcbn28hpcplusbwp30p140lvttt0p8v25c
mux_tree_8_1_seq_DATA_WIDTH32_NUM_OUTPUT_DATA1_NUM_INPUT_DATA8_0
                       ZeroWireload      tcbn28hpcplusbwp30p140lvttt0p8v25c
crossbar_8_8_seq_DATA_WIDTH32_NUM_OUTPUT_DATA8_NUM_INPUT_DATA8_1
                       ZeroWireload      tcbn28hpcplusbwp30p140lvttt0p8v25c
wire_binary_tree_1_8_seq_DATA_WIDTH32_NUM_OUTPUT_DATA8_NUM_INPUT_DATA1_1
                       ZeroWireload      tcbn28hpcplusbwp30p140lvttt0p8v25c
wire_binary_tree_1_8_seq_DATA_WIDTH32_NUM_OUTPUT_DATA8_NUM_INPUT_DATA1_2
                       ZeroWireload      tcbn28hpcplusbwp30p140lvttt0p8v25c
wire_binary_tree_1_8_seq_DATA_WIDTH32_NUM_OUTPUT_DATA8_NUM_INPUT_DATA1_3
                       ZeroWireload      tcbn28hpcplusbwp30p140lvttt0p8v25c
wire_binary_tree_1_8_seq_DATA_WIDTH32_NUM_OUTPUT_DATA8_NUM_INPUT_DATA1_4
                       ZeroWireload      tcbn28hpcplusbwp30p140lvttt0p8v25c
wire_binary_tree_1_8_seq_DATA_WIDTH32_NUM_OUTPUT_DATA8_NUM_INPUT_DATA1_5
                       ZeroWireload      tcbn28hpcplusbwp30p140lvttt0p8v25c
wire_binary_tree_1_8_seq_DATA_WIDTH32_NUM_OUTPUT_DATA8_NUM_INPUT_DATA1_6
                       ZeroWireload      tcbn28hpcplusbwp30p140lvttt0p8v25c
wire_binary_tree_1_8_seq_DATA_WIDTH32_NUM_OUTPUT_DATA8_NUM_INPUT_DATA1_7
                       ZeroWireload      tcbn28hpcplusbwp30p140lvttt0p8v25c
wire_binary_tree_1_8_seq_DATA_WIDTH32_NUM_OUTPUT_DATA8_NUM_INPUT_DATA1_8
                       ZeroWireload      tcbn28hpcplusbwp30p140lvttt0p8v25c
wire_binary_tree_1_8_seq_DATA_WIDTH32_NUM_OUTPUT_DATA8_NUM_INPUT_DATA1_9
                       ZeroWireload      tcbn28hpcplusbwp30p140lvttt0p8v25c
wire_binary_tree_1_8_seq_DATA_WIDTH32_NUM_OUTPUT_DATA8_NUM_INPUT_DATA1_10
                       ZeroWireload      tcbn28hpcplusbwp30p140lvttt0p8v25c
wire_binary_tree_1_8_seq_DATA_WIDTH32_NUM_OUTPUT_DATA8_NUM_INPUT_DATA1_11
                       ZeroWireload      tcbn28hpcplusbwp30p140lvttt0p8v25c
wire_binary_tree_1_8_seq_DATA_WIDTH32_NUM_OUTPUT_DATA8_NUM_INPUT_DATA1_12
                       ZeroWireload      tcbn28hpcplusbwp30p140lvttt0p8v25c
wire_binary_tree_1_8_seq_DATA_WIDTH32_NUM_OUTPUT_DATA8_NUM_INPUT_DATA1_13
                       ZeroWireload      tcbn28hpcplusbwp30p140lvttt0p8v25c
wire_binary_tree_1_8_seq_DATA_WIDTH32_NUM_OUTPUT_DATA8_NUM_INPUT_DATA1_14
                       ZeroWireload      tcbn28hpcplusbwp30p140lvttt0p8v25c
wire_binary_tree_1_8_seq_DATA_WIDTH32_NUM_OUTPUT_DATA8_NUM_INPUT_DATA1_15
                       ZeroWireload      tcbn28hpcplusbwp30p140lvttt0p8v25c
cmd_wire_binary_tree_1_8_seq_DATA_WIDTH32_NUM_OUTPUT_DATA8_NUM_INPUT_DATA1_1
                       ZeroWireload      tcbn28hpcplusbwp30p140lvttt0p8v25c
cmd_wire_binary_tree_1_8_seq_DATA_WIDTH32_NUM_OUTPUT_DATA8_NUM_INPUT_DATA1_2
                       ZeroWireload      tcbn28hpcplusbwp30p140lvttt0p8v25c
cmd_wire_binary_tree_1_8_seq_DATA_WIDTH32_NUM_OUTPUT_DATA8_NUM_INPUT_DATA1_3
                       ZeroWireload      tcbn28hpcplusbwp30p140lvttt0p8v25c
cmd_wire_binary_tree_1_8_seq_DATA_WIDTH32_NUM_OUTPUT_DATA8_NUM_INPUT_DATA1_4
                       ZeroWireload      tcbn28hpcplusbwp30p140lvttt0p8v25c
cmd_wire_binary_tree_1_8_seq_DATA_WIDTH32_NUM_OUTPUT_DATA8_NUM_INPUT_DATA1_5
                       ZeroWireload      tcbn28hpcplusbwp30p140lvttt0p8v25c
cmd_wire_binary_tree_1_8_seq_DATA_WIDTH32_NUM_OUTPUT_DATA8_NUM_INPUT_DATA1_6
                       ZeroWireload      tcbn28hpcplusbwp30p140lvttt0p8v25c
cmd_wire_binary_tree_1_8_seq_DATA_WIDTH32_NUM_OUTPUT_DATA8_NUM_INPUT_DATA1_7
                       ZeroWireload      tcbn28hpcplusbwp30p140lvttt0p8v25c
cmd_wire_binary_tree_1_8_seq_DATA_WIDTH32_NUM_OUTPUT_DATA8_NUM_INPUT_DATA1_8
                       ZeroWireload      tcbn28hpcplusbwp30p140lvttt0p8v25c
cmd_wire_binary_tree_1_8_seq_DATA_WIDTH32_NUM_OUTPUT_DATA8_NUM_INPUT_DATA1_9
                       ZeroWireload      tcbn28hpcplusbwp30p140lvttt0p8v25c
cmd_wire_binary_tree_1_8_seq_DATA_WIDTH32_NUM_OUTPUT_DATA8_NUM_INPUT_DATA1_10
                       ZeroWireload      tcbn28hpcplusbwp30p140lvttt0p8v25c
cmd_wire_binary_tree_1_8_seq_DATA_WIDTH32_NUM_OUTPUT_DATA8_NUM_INPUT_DATA1_11
                       ZeroWireload      tcbn28hpcplusbwp30p140lvttt0p8v25c
cmd_wire_binary_tree_1_8_seq_DATA_WIDTH32_NUM_OUTPUT_DATA8_NUM_INPUT_DATA1_12
                       ZeroWireload      tcbn28hpcplusbwp30p140lvttt0p8v25c
cmd_wire_binary_tree_1_8_seq_DATA_WIDTH32_NUM_OUTPUT_DATA8_NUM_INPUT_DATA1_13
                       ZeroWireload      tcbn28hpcplusbwp30p140lvttt0p8v25c
cmd_wire_binary_tree_1_8_seq_DATA_WIDTH32_NUM_OUTPUT_DATA8_NUM_INPUT_DATA1_14
                       ZeroWireload      tcbn28hpcplusbwp30p140lvttt0p8v25c
cmd_wire_binary_tree_1_8_seq_DATA_WIDTH32_NUM_OUTPUT_DATA8_NUM_INPUT_DATA1_15
                       ZeroWireload      tcbn28hpcplusbwp30p140lvttt0p8v25c
mux_tree_8_1_seq_DATA_WIDTH32_NUM_OUTPUT_DATA1_NUM_INPUT_DATA8_1
                       ZeroWireload      tcbn28hpcplusbwp30p140lvttt0p8v25c
mux_tree_8_1_seq_DATA_WIDTH32_NUM_OUTPUT_DATA1_NUM_INPUT_DATA8_2
                       ZeroWireload      tcbn28hpcplusbwp30p140lvttt0p8v25c
mux_tree_8_1_seq_DATA_WIDTH32_NUM_OUTPUT_DATA1_NUM_INPUT_DATA8_3
                       ZeroWireload      tcbn28hpcplusbwp30p140lvttt0p8v25c
mux_tree_8_1_seq_DATA_WIDTH32_NUM_OUTPUT_DATA1_NUM_INPUT_DATA8_4
                       ZeroWireload      tcbn28hpcplusbwp30p140lvttt0p8v25c
mux_tree_8_1_seq_DATA_WIDTH32_NUM_OUTPUT_DATA1_NUM_INPUT_DATA8_5
                       ZeroWireload      tcbn28hpcplusbwp30p140lvttt0p8v25c
mux_tree_8_1_seq_DATA_WIDTH32_NUM_OUTPUT_DATA1_NUM_INPUT_DATA8_6
                       ZeroWireload      tcbn28hpcplusbwp30p140lvttt0p8v25c
mux_tree_8_1_seq_DATA_WIDTH32_NUM_OUTPUT_DATA1_NUM_INPUT_DATA8_7
                       ZeroWireload      tcbn28hpcplusbwp30p140lvttt0p8v25c
mux_tree_8_1_seq_DATA_WIDTH32_NUM_OUTPUT_DATA1_NUM_INPUT_DATA8_8
                       ZeroWireload      tcbn28hpcplusbwp30p140lvttt0p8v25c
mux_tree_8_1_seq_DATA_WIDTH32_NUM_OUTPUT_DATA1_NUM_INPUT_DATA8_9
                       ZeroWireload      tcbn28hpcplusbwp30p140lvttt0p8v25c
mux_tree_8_1_seq_DATA_WIDTH32_NUM_OUTPUT_DATA1_NUM_INPUT_DATA8_10
                       ZeroWireload      tcbn28hpcplusbwp30p140lvttt0p8v25c
mux_tree_8_1_seq_DATA_WIDTH32_NUM_OUTPUT_DATA1_NUM_INPUT_DATA8_11
                       ZeroWireload      tcbn28hpcplusbwp30p140lvttt0p8v25c
mux_tree_8_1_seq_DATA_WIDTH32_NUM_OUTPUT_DATA1_NUM_INPUT_DATA8_12
                       ZeroWireload      tcbn28hpcplusbwp30p140lvttt0p8v25c
mux_tree_8_1_seq_DATA_WIDTH32_NUM_OUTPUT_DATA1_NUM_INPUT_DATA8_13
                       ZeroWireload      tcbn28hpcplusbwp30p140lvttt0p8v25c
mux_tree_8_1_seq_DATA_WIDTH32_NUM_OUTPUT_DATA1_NUM_INPUT_DATA8_14
                       ZeroWireload      tcbn28hpcplusbwp30p140lvttt0p8v25c
mux_tree_8_1_seq_DATA_WIDTH32_NUM_OUTPUT_DATA1_NUM_INPUT_DATA8_15
                       ZeroWireload      tcbn28hpcplusbwp30p140lvttt0p8v25c


Global Operating Voltage = 0.8  
Power-specific unit information :
    Voltage Units = 1V
    Capacitance Units = 1.000000pf
    Time Units = 1ns
    Dynamic Power Units = 1mW    (derived from V,C,T units)
    Leakage Power Units = 1nW


--------------------------------------------------------------------------------
                                       Switch   Int      Leak     Total
Hierarchy                              Power    Power    Power    Power    %
--------------------------------------------------------------------------------
crossbar_one_hot_seq                      0.745   82.275 8.52e+05   83.871 100.0
  xbar_8_8_1__xba8_8 (crossbar_8_8_seq_DATA_WIDTH32_NUM_OUTPUT_DATA8_NUM_INPUT_DATA8_1)
                                          0.334   39.822 4.04e+05   40.559  48.4
    bottom_half_7__mux_tree (mux_tree_8_1_seq_DATA_WIDTH32_NUM_OUTPUT_DATA1_NUM_INPUT_DATA8_1)
                                       4.21e-03    0.287 6.12e+03    0.297   0.4
    bottom_half_6__mux_tree (mux_tree_8_1_seq_DATA_WIDTH32_NUM_OUTPUT_DATA1_NUM_INPUT_DATA8_2)
                                       3.64e-03    0.287 5.95e+03    0.296   0.4
    bottom_half_5__mux_tree (mux_tree_8_1_seq_DATA_WIDTH32_NUM_OUTPUT_DATA1_NUM_INPUT_DATA8_3)
                                       3.87e-03    0.286 6.04e+03    0.296   0.4
    bottom_half_4__mux_tree (mux_tree_8_1_seq_DATA_WIDTH32_NUM_OUTPUT_DATA1_NUM_INPUT_DATA8_4)
                                       3.79e-03    0.286 6.00e+03    0.296   0.4
    bottom_half_3__mux_tree (mux_tree_8_1_seq_DATA_WIDTH32_NUM_OUTPUT_DATA1_NUM_INPUT_DATA8_5)
                                       4.22e-03    0.286 6.14e+03    0.296   0.4
    bottom_half_2__mux_tree (mux_tree_8_1_seq_DATA_WIDTH32_NUM_OUTPUT_DATA1_NUM_INPUT_DATA8_6)
                                       3.12e-03    0.285 5.86e+03    0.294   0.4
    bottom_half_1__mux_tree (mux_tree_8_1_seq_DATA_WIDTH32_NUM_OUTPUT_DATA1_NUM_INPUT_DATA8_7)
                                       4.16e-03    0.286 6.08e+03    0.296   0.4
    bottom_half_0__mux_tree (mux_tree_8_1_seq_DATA_WIDTH32_NUM_OUTPUT_DATA1_NUM_INPUT_DATA8_8)
                                       3.87e-03    0.286 5.88e+03    0.296   0.4
    i_cmd_id_7__cmd_pipeline (cmd_wire_binary_tree_1_8_seq_DATA_WIDTH32_NUM_OUTPUT_DATA8_NUM_INPUT_DATA1_1)
                                       2.47e-03    0.300 2.94e+03    0.305   0.4
    i_cmd_id_6__cmd_pipeline (cmd_wire_binary_tree_1_8_seq_DATA_WIDTH32_NUM_OUTPUT_DATA8_NUM_INPUT_DATA1_2)
                                       2.39e-03    0.300 2.93e+03    0.305   0.4
    i_cmd_id_5__cmd_pipeline (cmd_wire_binary_tree_1_8_seq_DATA_WIDTH32_NUM_OUTPUT_DATA8_NUM_INPUT_DATA1_3)
                                       3.00e-03    0.290 2.73e+03    0.296   0.4
    i_cmd_id_4__cmd_pipeline (cmd_wire_binary_tree_1_8_seq_DATA_WIDTH32_NUM_OUTPUT_DATA8_NUM_INPUT_DATA1_4)
                                       2.63e-03    0.293 2.80e+03    0.299   0.4
    i_cmd_id_3__cmd_pipeline (cmd_wire_binary_tree_1_8_seq_DATA_WIDTH32_NUM_OUTPUT_DATA8_NUM_INPUT_DATA1_5)
                                       2.64e-03    0.295 2.84e+03    0.301   0.4
    i_cmd_id_2__cmd_pipeline (cmd_wire_binary_tree_1_8_seq_DATA_WIDTH32_NUM_OUTPUT_DATA8_NUM_INPUT_DATA1_6)
                                       2.45e-03    0.300 2.93e+03    0.305   0.4
    i_cmd_id_1__cmd_pipeline (cmd_wire_binary_tree_1_8_seq_DATA_WIDTH32_NUM_OUTPUT_DATA8_NUM_INPUT_DATA1_7)
                                       2.87e-03    0.301 2.96e+03    0.307   0.4
    i_cmd_id_0__cmd_pipeline (cmd_wire_binary_tree_1_8_seq_DATA_WIDTH32_NUM_OUTPUT_DATA8_NUM_INPUT_DATA1_8)
                                       2.58e-03    0.293 2.81e+03    0.299   0.4
    top_half_7__wire_pipeline (wire_binary_tree_1_8_seq_DATA_WIDTH32_NUM_OUTPUT_DATA8_NUM_INPUT_DATA1_1)
                                       3.51e-02    4.396 4.17e+04    4.472   5.3
    top_half_6__wire_pipeline (wire_binary_tree_1_8_seq_DATA_WIDTH32_NUM_OUTPUT_DATA8_NUM_INPUT_DATA1_2)
                                       3.55e-02    4.396 4.17e+04    4.473   5.3
    top_half_5__wire_pipeline (wire_binary_tree_1_8_seq_DATA_WIDTH32_NUM_OUTPUT_DATA8_NUM_INPUT_DATA1_3)
                                       3.52e-02    4.395 4.17e+04    4.472   5.3
    top_half_4__wire_pipeline (wire_binary_tree_1_8_seq_DATA_WIDTH32_NUM_OUTPUT_DATA8_NUM_INPUT_DATA1_4)
                                       3.52e-02    4.394 4.16e+04    4.471   5.3
    top_half_3__wire_pipeline (wire_binary_tree_1_8_seq_DATA_WIDTH32_NUM_OUTPUT_DATA8_NUM_INPUT_DATA1_5)
                                       3.50e-02    4.395 4.16e+04    4.471   5.3
    top_half_2__wire_pipeline (wire_binary_tree_1_8_seq_DATA_WIDTH32_NUM_OUTPUT_DATA8_NUM_INPUT_DATA1_6)
                                       3.50e-02    4.395 4.16e+04    4.472   5.3
    top_half_1__wire_pipeline (wire_binary_tree_1_8_seq_DATA_WIDTH32_NUM_OUTPUT_DATA8_NUM_INPUT_DATA1_7)
                                       3.53e-02    4.395 4.17e+04    4.472   5.3
    top_half_0__wire_pipeline (wire_binary_tree_1_8_seq_DATA_WIDTH32_NUM_OUTPUT_DATA8_NUM_INPUT_DATA1_8)
                                       3.53e-02    4.396 4.16e+04    4.473   5.3
  xbar_8_8_0__xba8_8 (crossbar_8_8_seq_DATA_WIDTH32_NUM_OUTPUT_DATA8_NUM_INPUT_DATA8_0)
                                          0.332   39.815 4.04e+05   40.551  48.3
    bottom_half_7__mux_tree (mux_tree_8_1_seq_DATA_WIDTH32_NUM_OUTPUT_DATA1_NUM_INPUT_DATA8_9)
                                       3.47e-03    0.286 6.02e+03    0.295   0.4
    bottom_half_6__mux_tree (mux_tree_8_1_seq_DATA_WIDTH32_NUM_OUTPUT_DATA1_NUM_INPUT_DATA8_10)
                                       3.18e-03    0.285 5.83e+03    0.294   0.4
    bottom_half_5__mux_tree (mux_tree_8_1_seq_DATA_WIDTH32_NUM_OUTPUT_DATA1_NUM_INPUT_DATA8_11)
                                       3.78e-03    0.286 6.08e+03    0.296   0.4
    bottom_half_4__mux_tree (mux_tree_8_1_seq_DATA_WIDTH32_NUM_OUTPUT_DATA1_NUM_INPUT_DATA8_12)
                                       4.09e-03    0.287 6.00e+03    0.297   0.4
    bottom_half_3__mux_tree (mux_tree_8_1_seq_DATA_WIDTH32_NUM_OUTPUT_DATA1_NUM_INPUT_DATA8_13)
                                       3.76e-03    0.286 5.91e+03    0.295   0.4
    bottom_half_2__mux_tree (mux_tree_8_1_seq_DATA_WIDTH32_NUM_OUTPUT_DATA1_NUM_INPUT_DATA8_14)
                                       3.74e-03    0.287 6.11e+03    0.297   0.4
    bottom_half_1__mux_tree (mux_tree_8_1_seq_DATA_WIDTH32_NUM_OUTPUT_DATA1_NUM_INPUT_DATA8_15)
                                       3.85e-03    0.285 6.02e+03    0.295   0.4
    bottom_half_0__mux_tree (mux_tree_8_1_seq_DATA_WIDTH32_NUM_OUTPUT_DATA1_NUM_INPUT_DATA8_0)
                                       3.35e-03    0.285 6.15e+03    0.295   0.4
    i_cmd_id_7__cmd_pipeline (cmd_wire_binary_tree_1_8_seq_DATA_WIDTH32_NUM_OUTPUT_DATA8_NUM_INPUT_DATA1_9)
                                       2.52e-03    0.297 2.89e+03    0.302   0.4
    i_cmd_id_6__cmd_pipeline (cmd_wire_binary_tree_1_8_seq_DATA_WIDTH32_NUM_OUTPUT_DATA8_NUM_INPUT_DATA1_10)
                                       2.35e-03    0.297 2.86e+03    0.302   0.4
    i_cmd_id_5__cmd_pipeline (cmd_wire_binary_tree_1_8_seq_DATA_WIDTH32_NUM_OUTPUT_DATA8_NUM_INPUT_DATA1_11)
                                       2.81e-03    0.288 2.70e+03    0.294   0.4
    i_cmd_id_4__cmd_pipeline (cmd_wire_binary_tree_1_8_seq_DATA_WIDTH32_NUM_OUTPUT_DATA8_NUM_INPUT_DATA1_12)
                                       2.62e-03    0.292 2.77e+03    0.297   0.4
    i_cmd_id_3__cmd_pipeline (cmd_wire_binary_tree_1_8_seq_DATA_WIDTH32_NUM_OUTPUT_DATA8_NUM_INPUT_DATA1_13)
                                       2.62e-03    0.293 2.79e+03    0.299   0.4
    i_cmd_id_2__cmd_pipeline (cmd_wire_binary_tree_1_8_seq_DATA_WIDTH32_NUM_OUTPUT_DATA8_NUM_INPUT_DATA1_14)
                                       2.38e-03    0.300 2.93e+03    0.305   0.4
    i_cmd_id_1__cmd_pipeline (cmd_wire_binary_tree_1_8_seq_DATA_WIDTH32_NUM_OUTPUT_DATA8_NUM_INPUT_DATA1_15)
                                       2.81e-03    0.300 2.94e+03    0.306   0.4
    i_cmd_id_0__cmd_pipeline (cmd_wire_binary_tree_1_8_seq_DATA_WIDTH32_NUM_OUTPUT_DATA8_NUM_INPUT_DATA1_0)
                                       2.48e-03    0.297 2.86e+03    0.302   0.4
    top_half_7__wire_pipeline (wire_binary_tree_1_8_seq_DATA_WIDTH32_NUM_OUTPUT_DATA8_NUM_INPUT_DATA1_9)
                                       3.52e-02    4.396 4.17e+04    4.473   5.3
    top_half_6__wire_pipeline (wire_binary_tree_1_8_seq_DATA_WIDTH32_NUM_OUTPUT_DATA8_NUM_INPUT_DATA1_10)
                                       3.55e-02    4.395 4.17e+04    4.472   5.3
    top_half_5__wire_pipeline (wire_binary_tree_1_8_seq_DATA_WIDTH32_NUM_OUTPUT_DATA8_NUM_INPUT_DATA1_11)
                                       3.52e-02    4.395 4.17e+04    4.472   5.3
    top_half_4__wire_pipeline (wire_binary_tree_1_8_seq_DATA_WIDTH32_NUM_OUTPUT_DATA8_NUM_INPUT_DATA1_12)
                                       3.54e-02    4.396 4.17e+04    4.473   5.3
    top_half_3__wire_pipeline (wire_binary_tree_1_8_seq_DATA_WIDTH32_NUM_OUTPUT_DATA8_NUM_INPUT_DATA1_13)
                                       3.51e-02    4.396 4.17e+04    4.473   5.3
    top_half_2__wire_pipeline (wire_binary_tree_1_8_seq_DATA_WIDTH32_NUM_OUTPUT_DATA8_NUM_INPUT_DATA1_14)
                                       3.49e-02    4.394 4.16e+04    4.470   5.3
    top_half_1__wire_pipeline (wire_binary_tree_1_8_seq_DATA_WIDTH32_NUM_OUTPUT_DATA8_NUM_INPUT_DATA1_15)
                                       3.55e-02    4.397 4.17e+04    4.474   5.3
    top_half_0__wire_pipeline (wire_binary_tree_1_8_seq_DATA_WIDTH32_NUM_OUTPUT_DATA8_NUM_INPUT_DATA1_0)
                                       3.53e-02    4.395 4.17e+04    4.472   5.3
1
