 
****************************************
Report : area
Design : flatten_benes_simple_seq
Version: J-2014.09-SP3
Date   : Tue Jun 15 08:18:40 2021
****************************************

Library(s) Used:

    tcbn28hpcplusbwp30p140lvttt0p8v25c (File: /usr/scratch/DRBE-shared/TSMC-library/IP/TSMC28_STD_CELLS/unzipped/tcbn28hpcplusbwp30p140lvt_190a/tcbn28hpcplusbwp30p140lvt_180a_nldm/TSMCHOME/digital/Front_End/timing_power_noise/NLDM/tcbn28hpcplusbwp30p140lvt_180a/tcbn28hpcplusbwp30p140lvttt0p8v25c.db)

Number of ports:                          631
Number of nets:                          2643
Number of cells:                          460
Number of combinational cells:            264
Number of sequential cells:               176
Number of macros/black boxes:               0
Number of buf/inv:                        264
Number of references:                      22

Combinational area:               3454.290050
Buf/Inv area:                      400.049986
Noncombinational area:            7230.383906
Macro/Black Box area:                0.000000
Net Interconnect area:      undefined  (Wire load has zero net area)

Total cell area:                 10684.673956
Total area:                 undefined

Hierarchical area distribution
------------------------------

                                  Global cell area           Local cell area
                                  -------------------  ---------------------------- 
Hierarchical cell                 Absolute    Percent  Combi-     Noncombi-  Black-
                                  Total       Total    national   national   boxes   Design
--------------------------------  ----------  -------  ---------  ---------  ------  ---------------------------------------------------------
flatten_benes_simple_seq          10684.6740    100.0   299.3760   332.6400  0.0000  flatten_benes_simple_seq
first_half_stages_0__sw_group_0__bottom_group_0__genblk1_bottom_sw_first_stage
                                    563.9760      5.3     0.7560     0.0000  0.0000  distribute_3x3_simple_seq_DATA_WIDTH32_COMMAND_WIDTH5_14
first_half_stages_0__sw_group_0__bottom_group_0__genblk1_bottom_sw_first_stage/merge_i_data_high
                                     95.3820      0.9     0.0000     0.0000  0.0000  merge_2x1_simple_seq_DATA_WIDTH32_COMMAND_WIDTH1_84
first_half_stages_0__sw_group_0__bottom_group_0__genblk1_bottom_sw_first_stage/merge_i_data_high/data_mux
                                     95.3820      0.9    33.0120    62.3700  0.0000  mux_2x1_simple_seq_DATA_WIDTH32_COMMAND_WIDTH1_84
first_half_stages_0__sw_group_0__bottom_group_0__genblk1_bottom_sw_first_stage/merge_i_data_low
                                     99.2880      0.9     0.0000     0.0000  0.0000  merge_2x1_simple_seq_DATA_WIDTH32_COMMAND_WIDTH1_83
first_half_stages_0__sw_group_0__bottom_group_0__genblk1_bottom_sw_first_stage/merge_i_data_low/data_mux
                                     99.2880      0.9    36.9180    62.3700  0.0000  mux_2x1_simple_seq_DATA_WIDTH32_COMMAND_WIDTH1_83
first_half_stages_0__sw_group_0__bottom_group_0__genblk1_bottom_sw_first_stage/o_data_high
                                     95.8860      0.9     0.0000     0.0000  0.0000  merge_2x1_simple_seq_DATA_WIDTH32_COMMAND_WIDTH1_80
first_half_stages_0__sw_group_0__bottom_group_0__genblk1_bottom_sw_first_stage/o_data_high/data_mux
                                     95.8860      0.9    33.5160    62.3700  0.0000  mux_2x1_simple_seq_DATA_WIDTH32_COMMAND_WIDTH1_80
first_half_stages_0__sw_group_0__bottom_group_0__genblk1_bottom_sw_first_stage/o_data_low
                                     95.8860      0.9     0.0000     0.0000  0.0000  merge_2x1_simple_seq_DATA_WIDTH32_COMMAND_WIDTH1_79
first_half_stages_0__sw_group_0__bottom_group_0__genblk1_bottom_sw_first_stage/o_data_low/data_mux
                                     95.8860      0.9    33.5160    62.3700  0.0000  mux_2x1_simple_seq_DATA_WIDTH32_COMMAND_WIDTH1_79
first_half_stages_0__sw_group_0__bottom_group_0__genblk1_bottom_sw_first_stage/o_fwd
                                     96.0120      0.9     0.0000     0.0000  0.0000  merge_2x1_simple_seq_DATA_WIDTH32_COMMAND_WIDTH1_82
first_half_stages_0__sw_group_0__bottom_group_0__genblk1_bottom_sw_first_stage/o_fwd/data_mux
                                     96.0120      0.9    33.6420    62.3700  0.0000  mux_2x1_simple_seq_DATA_WIDTH32_COMMAND_WIDTH1_82
first_half_stages_0__sw_group_0__bottom_group_0__genblk1_bottom_sw_first_stage/o_fwd_en
                                     80.7660      0.8     0.2520     0.0000  0.0000  merge_2x1_simple_seq_DATA_WIDTH32_COMMAND_WIDTH1_81
first_half_stages_0__sw_group_0__bottom_group_0__genblk1_bottom_sw_first_stage/o_fwd_en/data_mux
                                     80.5140      0.8    18.1440    62.3700  0.0000  mux_2x1_simple_seq_DATA_WIDTH32_COMMAND_WIDTH1_81
first_half_stages_0__sw_group_0__bottom_group_1__genblk1_bottom_sw_first_stage
                                    562.0860      5.3     0.7560     0.0000  0.0000  distribute_3x3_simple_seq_DATA_WIDTH32_COMMAND_WIDTH5_13
first_half_stages_0__sw_group_0__bottom_group_1__genblk1_bottom_sw_first_stage/merge_i_data_high
                                     95.3820      0.9     0.0000     0.0000  0.0000  merge_2x1_simple_seq_DATA_WIDTH32_COMMAND_WIDTH1_78
first_half_stages_0__sw_group_0__bottom_group_1__genblk1_bottom_sw_first_stage/merge_i_data_high/data_mux
                                     95.3820      0.9    33.0120    62.3700  0.0000  mux_2x1_simple_seq_DATA_WIDTH32_COMMAND_WIDTH1_78
first_half_stages_0__sw_group_0__bottom_group_1__genblk1_bottom_sw_first_stage/merge_i_data_low
                                     95.7600      0.9     0.0000     0.0000  0.0000  merge_2x1_simple_seq_DATA_WIDTH32_COMMAND_WIDTH1_77
first_half_stages_0__sw_group_0__bottom_group_1__genblk1_bottom_sw_first_stage/merge_i_data_low/data_mux
                                     95.7600      0.9    33.3900    62.3700  0.0000  mux_2x1_simple_seq_DATA_WIDTH32_COMMAND_WIDTH1_77
first_half_stages_0__sw_group_0__bottom_group_1__genblk1_bottom_sw_first_stage/o_data_high
                                     96.6420      0.9     0.0000     0.0000  0.0000  merge_2x1_simple_seq_DATA_WIDTH32_COMMAND_WIDTH1_74
first_half_stages_0__sw_group_0__bottom_group_1__genblk1_bottom_sw_first_stage/o_data_high/data_mux
                                     96.6420      0.9    34.2720    62.3700  0.0000  mux_2x1_simple_seq_DATA_WIDTH32_COMMAND_WIDTH1_74
first_half_stages_0__sw_group_0__bottom_group_1__genblk1_bottom_sw_first_stage/o_data_low
                                     96.3900      0.9     0.0000     0.0000  0.0000  merge_2x1_simple_seq_DATA_WIDTH32_COMMAND_WIDTH1_73
first_half_stages_0__sw_group_0__bottom_group_1__genblk1_bottom_sw_first_stage/o_data_low/data_mux
                                     96.3900      0.9    34.0200    62.3700  0.0000  mux_2x1_simple_seq_DATA_WIDTH32_COMMAND_WIDTH1_73
first_half_stages_0__sw_group_0__bottom_group_1__genblk1_bottom_sw_first_stage/o_fwd
                                     96.3900      0.9     0.0000     0.0000  0.0000  merge_2x1_simple_seq_DATA_WIDTH32_COMMAND_WIDTH1_76
first_half_stages_0__sw_group_0__bottom_group_1__genblk1_bottom_sw_first_stage/o_fwd/data_mux
                                     96.3900      0.9    34.0200    62.3700  0.0000  mux_2x1_simple_seq_DATA_WIDTH32_COMMAND_WIDTH1_76
first_half_stages_0__sw_group_0__bottom_group_1__genblk1_bottom_sw_first_stage/o_fwd_en
                                     80.7660      0.8     0.2520     0.0000  0.0000  merge_2x1_simple_seq_DATA_WIDTH32_COMMAND_WIDTH1_75
first_half_stages_0__sw_group_0__bottom_group_1__genblk1_bottom_sw_first_stage/o_fwd_en/data_mux
                                     80.5140      0.8    18.1440    62.3700  0.0000  mux_2x1_simple_seq_DATA_WIDTH32_COMMAND_WIDTH1_75
first_half_stages_0__sw_group_0__upper_group_0__genblk1_upper_sw_first_stage
                                    564.7320      5.3     0.8820     0.0000  0.0000  distribute_3x3_simple_seq_DATA_WIDTH32_COMMAND_WIDTH5_0
first_half_stages_0__sw_group_0__upper_group_0__genblk1_upper_sw_first_stage/merge_i_data_high
                                     96.2640      0.9     0.0000     0.0000  0.0000  merge_2x1_simple_seq_DATA_WIDTH32_COMMAND_WIDTH1_0
first_half_stages_0__sw_group_0__upper_group_0__genblk1_upper_sw_first_stage/merge_i_data_high/data_mux
                                     96.2640      0.9    33.8940    62.3700  0.0000  mux_2x1_simple_seq_DATA_WIDTH32_COMMAND_WIDTH1_0
first_half_stages_0__sw_group_0__upper_group_0__genblk1_upper_sw_first_stage/merge_i_data_low
                                     99.2880      0.9     0.0000     0.0000  0.0000  merge_2x1_simple_seq_DATA_WIDTH32_COMMAND_WIDTH1_95
first_half_stages_0__sw_group_0__upper_group_0__genblk1_upper_sw_first_stage/merge_i_data_low/data_mux
                                     99.2880      0.9    36.9180    62.3700  0.0000  mux_2x1_simple_seq_DATA_WIDTH32_COMMAND_WIDTH1_95
first_half_stages_0__sw_group_0__upper_group_0__genblk1_upper_sw_first_stage/o_data_high
                                     94.3740      0.9     0.0000     0.0000  0.0000  merge_2x1_simple_seq_DATA_WIDTH32_COMMAND_WIDTH1_92
first_half_stages_0__sw_group_0__upper_group_0__genblk1_upper_sw_first_stage/o_data_high/data_mux
                                     94.3740      0.9    32.0040    62.3700  0.0000  mux_2x1_simple_seq_DATA_WIDTH32_COMMAND_WIDTH1_92
first_half_stages_0__sw_group_0__upper_group_0__genblk1_upper_sw_first_stage/o_data_low
                                     97.7760      0.9     0.0000     0.0000  0.0000  merge_2x1_simple_seq_DATA_WIDTH32_COMMAND_WIDTH1_91
first_half_stages_0__sw_group_0__upper_group_0__genblk1_upper_sw_first_stage/o_data_low/data_mux
                                     97.7760      0.9    35.4060    62.3700  0.0000  mux_2x1_simple_seq_DATA_WIDTH32_COMMAND_WIDTH1_91
first_half_stages_0__sw_group_0__upper_group_0__genblk1_upper_sw_first_stage/o_fwd
                                     95.3820      0.9     0.0000     0.0000  0.0000  merge_2x1_simple_seq_DATA_WIDTH32_COMMAND_WIDTH1_94
first_half_stages_0__sw_group_0__upper_group_0__genblk1_upper_sw_first_stage/o_fwd/data_mux
                                     95.3820      0.9    33.0120    62.3700  0.0000  mux_2x1_simple_seq_DATA_WIDTH32_COMMAND_WIDTH1_94
first_half_stages_0__sw_group_0__upper_group_0__genblk1_upper_sw_first_stage/o_fwd_en
                                     80.7660      0.8     0.2520     0.0000  0.0000  merge_2x1_simple_seq_DATA_WIDTH32_COMMAND_WIDTH1_93
first_half_stages_0__sw_group_0__upper_group_0__genblk1_upper_sw_first_stage/o_fwd_en/data_mux
                                     80.5140      0.8    18.1440    62.3700  0.0000  mux_2x1_simple_seq_DATA_WIDTH32_COMMAND_WIDTH1_93
first_half_stages_0__sw_group_0__upper_group_1__genblk1_upper_sw_first_stage
                                    559.3140      5.2     0.7560     0.0000  0.0000  distribute_3x3_simple_seq_DATA_WIDTH32_COMMAND_WIDTH5_15
first_half_stages_0__sw_group_0__upper_group_1__genblk1_upper_sw_first_stage/merge_i_data_high
                                     95.3820      0.9     0.0000     0.0000  0.0000  merge_2x1_simple_seq_DATA_WIDTH32_COMMAND_WIDTH1_90
first_half_stages_0__sw_group_0__upper_group_1__genblk1_upper_sw_first_stage/merge_i_data_high/data_mux
                                     95.3820      0.9    33.0120    62.3700  0.0000  mux_2x1_simple_seq_DATA_WIDTH32_COMMAND_WIDTH1_90
first_half_stages_0__sw_group_0__upper_group_1__genblk1_upper_sw_first_stage/merge_i_data_low
                                     95.7600      0.9     0.0000     0.0000  0.0000  merge_2x1_simple_seq_DATA_WIDTH32_COMMAND_WIDTH1_89
first_half_stages_0__sw_group_0__upper_group_1__genblk1_upper_sw_first_stage/merge_i_data_low/data_mux
                                     95.7600      0.9    33.3900    62.3700  0.0000  mux_2x1_simple_seq_DATA_WIDTH32_COMMAND_WIDTH1_89
first_half_stages_0__sw_group_0__upper_group_1__genblk1_upper_sw_first_stage/o_data_high
                                     95.3820      0.9     0.0000     0.0000  0.0000  merge_2x1_simple_seq_DATA_WIDTH32_COMMAND_WIDTH1_86
first_half_stages_0__sw_group_0__upper_group_1__genblk1_upper_sw_first_stage/o_data_high/data_mux
                                     95.3820      0.9    33.0120    62.3700  0.0000  mux_2x1_simple_seq_DATA_WIDTH32_COMMAND_WIDTH1_86
first_half_stages_0__sw_group_0__upper_group_1__genblk1_upper_sw_first_stage/o_data_low
                                     95.8860      0.9     0.0000     0.0000  0.0000  merge_2x1_simple_seq_DATA_WIDTH32_COMMAND_WIDTH1_85
first_half_stages_0__sw_group_0__upper_group_1__genblk1_upper_sw_first_stage/o_data_low/data_mux
                                     95.8860      0.9    33.5160    62.3700  0.0000  mux_2x1_simple_seq_DATA_WIDTH32_COMMAND_WIDTH1_85
first_half_stages_0__sw_group_0__upper_group_1__genblk1_upper_sw_first_stage/o_fwd
                                     95.3820      0.9     0.0000     0.0000  0.0000  merge_2x1_simple_seq_DATA_WIDTH32_COMMAND_WIDTH1_88
first_half_stages_0__sw_group_0__upper_group_1__genblk1_upper_sw_first_stage/o_fwd/data_mux
                                     95.3820      0.9    33.0120    62.3700  0.0000  mux_2x1_simple_seq_DATA_WIDTH32_COMMAND_WIDTH1_88
first_half_stages_0__sw_group_0__upper_group_1__genblk1_upper_sw_first_stage/o_fwd_en
                                     80.7660      0.8     0.2520     0.0000  0.0000  merge_2x1_simple_seq_DATA_WIDTH32_COMMAND_WIDTH1_87
first_half_stages_0__sw_group_0__upper_group_1__genblk1_upper_sw_first_stage/o_fwd_en/data_mux
                                     80.5140      0.8    18.1440    62.3700  0.0000  mux_2x1_simple_seq_DATA_WIDTH32_COMMAND_WIDTH1_87
first_half_stages_1__sw_group_0__bottom_group_0__genblk1_bottom_sw
                                    590.9400      5.5     0.7560     0.0000  0.0000  distribute_3x3_simple_seq_DATA_WIDTH32_COMMAND_WIDTH5_11
first_half_stages_1__sw_group_0__bottom_group_0__genblk1_bottom_sw/merge_i_data_high
                                    102.5640      1.0     0.0000     0.0000  0.0000  merge_2x1_simple_seq_DATA_WIDTH32_COMMAND_WIDTH1_66
first_half_stages_1__sw_group_0__bottom_group_0__genblk1_bottom_sw/merge_i_data_high/data_mux
                                    102.5640      1.0    32.1300    70.4340  0.0000  mux_2x1_simple_seq_DATA_WIDTH32_COMMAND_WIDTH1_66
first_half_stages_1__sw_group_0__bottom_group_0__genblk1_bottom_sw/merge_i_data_low
                                    101.9340      1.0     0.0000     0.0000  0.0000  merge_2x1_simple_seq_DATA_WIDTH32_COMMAND_WIDTH1_65
first_half_stages_1__sw_group_0__bottom_group_0__genblk1_bottom_sw/merge_i_data_low/data_mux
                                    101.9340      1.0    31.5000    70.4340  0.0000  mux_2x1_simple_seq_DATA_WIDTH32_COMMAND_WIDTH1_65
first_half_stages_1__sw_group_0__bottom_group_0__genblk1_bottom_sw/o_data_high
                                    101.9340      1.0     0.0000     0.0000  0.0000  merge_2x1_simple_seq_DATA_WIDTH32_COMMAND_WIDTH1_62
first_half_stages_1__sw_group_0__bottom_group_0__genblk1_bottom_sw/o_data_high/data_mux
                                    101.9340      1.0    31.5000    70.4340  0.0000  mux_2x1_simple_seq_DATA_WIDTH32_COMMAND_WIDTH1_62
first_half_stages_1__sw_group_0__bottom_group_0__genblk1_bottom_sw/o_data_low
                                    101.8080      1.0     0.0000     0.0000  0.0000  merge_2x1_simple_seq_DATA_WIDTH32_COMMAND_WIDTH1_61
first_half_stages_1__sw_group_0__bottom_group_0__genblk1_bottom_sw/o_data_low/data_mux
                                    101.8080      1.0    31.3740    70.4340  0.0000  mux_2x1_simple_seq_DATA_WIDTH32_COMMAND_WIDTH1_61
first_half_stages_1__sw_group_0__bottom_group_0__genblk1_bottom_sw/o_fwd
                                    101.9340      1.0     0.0000     0.0000  0.0000  merge_2x1_simple_seq_DATA_WIDTH32_COMMAND_WIDTH1_64
first_half_stages_1__sw_group_0__bottom_group_0__genblk1_bottom_sw/o_fwd/data_mux
                                    101.9340      1.0    31.5000    70.4340  0.0000  mux_2x1_simple_seq_DATA_WIDTH32_COMMAND_WIDTH1_64
first_half_stages_1__sw_group_0__bottom_group_0__genblk1_bottom_sw/o_fwd_en
                                     80.0100      0.7     0.2520     0.0000  0.0000  merge_2x1_simple_seq_DATA_WIDTH32_COMMAND_WIDTH1_63
first_half_stages_1__sw_group_0__bottom_group_0__genblk1_bottom_sw/o_fwd_en/data_mux
                                     79.7580      0.7    17.3880    62.3700  0.0000  mux_2x1_simple_seq_DATA_WIDTH32_COMMAND_WIDTH1_63
first_half_stages_1__sw_group_0__upper_group_0__genblk1_upper_sw
                                    582.7500      5.5     0.7560     0.0000  0.0000  distribute_3x3_simple_seq_DATA_WIDTH32_COMMAND_WIDTH5_12
first_half_stages_1__sw_group_0__upper_group_0__genblk1_upper_sw/merge_i_data_high
                                     94.6260      0.9     0.0000     0.0000  0.0000  merge_2x1_simple_seq_DATA_WIDTH32_COMMAND_WIDTH1_72
first_half_stages_1__sw_group_0__upper_group_0__genblk1_upper_sw/merge_i_data_high/data_mux
                                     94.6260      0.9    32.2560    62.3700  0.0000  mux_2x1_simple_seq_DATA_WIDTH32_COMMAND_WIDTH1_72
first_half_stages_1__sw_group_0__upper_group_0__genblk1_upper_sw/merge_i_data_low
                                    101.9340      1.0     0.0000     0.0000  0.0000  merge_2x1_simple_seq_DATA_WIDTH32_COMMAND_WIDTH1_71
first_half_stages_1__sw_group_0__upper_group_0__genblk1_upper_sw/merge_i_data_low/data_mux
                                    101.9340      1.0    31.5000    70.4340  0.0000  mux_2x1_simple_seq_DATA_WIDTH32_COMMAND_WIDTH1_71
first_half_stages_1__sw_group_0__upper_group_0__genblk1_upper_sw/o_data_high
                                    101.8080      1.0     0.0000     0.0000  0.0000  merge_2x1_simple_seq_DATA_WIDTH32_COMMAND_WIDTH1_68
first_half_stages_1__sw_group_0__upper_group_0__genblk1_upper_sw/o_data_high/data_mux
                                    101.8080      1.0    31.3740    70.4340  0.0000  mux_2x1_simple_seq_DATA_WIDTH32_COMMAND_WIDTH1_68
first_half_stages_1__sw_group_0__upper_group_0__genblk1_upper_sw/o_data_low
                                    101.8080      1.0     0.0000     0.0000  0.0000  merge_2x1_simple_seq_DATA_WIDTH32_COMMAND_WIDTH1_67
first_half_stages_1__sw_group_0__upper_group_0__genblk1_upper_sw/o_data_low/data_mux
                                    101.8080      1.0    31.3740    70.4340  0.0000  mux_2x1_simple_seq_DATA_WIDTH32_COMMAND_WIDTH1_67
first_half_stages_1__sw_group_0__upper_group_0__genblk1_upper_sw/o_fwd
                                    101.8080      1.0     0.0000     0.0000  0.0000  merge_2x1_simple_seq_DATA_WIDTH32_COMMAND_WIDTH1_70
first_half_stages_1__sw_group_0__upper_group_0__genblk1_upper_sw/o_fwd/data_mux
                                    101.8080      1.0    31.3740    70.4340  0.0000  mux_2x1_simple_seq_DATA_WIDTH32_COMMAND_WIDTH1_70
first_half_stages_1__sw_group_0__upper_group_0__genblk1_upper_sw/o_fwd_en
                                     80.0100      0.7     0.2520     0.0000  0.0000  merge_2x1_simple_seq_DATA_WIDTH32_COMMAND_WIDTH1_69
first_half_stages_1__sw_group_0__upper_group_0__genblk1_upper_sw/o_fwd_en/data_mux
                                     79.7580      0.7    17.3880    62.3700  0.0000  mux_2x1_simple_seq_DATA_WIDTH32_COMMAND_WIDTH1_69
first_half_stages_1__sw_group_1__bottom_group_0__genblk1_bottom_sw
                                    591.4440      5.5     0.7560     0.0000  0.0000  distribute_3x3_simple_seq_DATA_WIDTH32_COMMAND_WIDTH5_9
first_half_stages_1__sw_group_1__bottom_group_0__genblk1_bottom_sw/merge_i_data_high
                                    102.5640      1.0     0.0000     0.0000  0.0000  merge_2x1_simple_seq_DATA_WIDTH32_COMMAND_WIDTH1_54
first_half_stages_1__sw_group_1__bottom_group_0__genblk1_bottom_sw/merge_i_data_high/data_mux
                                    102.5640      1.0    32.1300    70.4340  0.0000  mux_2x1_simple_seq_DATA_WIDTH32_COMMAND_WIDTH1_54
first_half_stages_1__sw_group_1__bottom_group_0__genblk1_bottom_sw/merge_i_data_low
                                    101.9340      1.0     0.0000     0.0000  0.0000  merge_2x1_simple_seq_DATA_WIDTH32_COMMAND_WIDTH1_53
first_half_stages_1__sw_group_1__bottom_group_0__genblk1_bottom_sw/merge_i_data_low/data_mux
                                    101.9340      1.0    31.5000    70.4340  0.0000  mux_2x1_simple_seq_DATA_WIDTH32_COMMAND_WIDTH1_53
first_half_stages_1__sw_group_1__bottom_group_0__genblk1_bottom_sw/o_data_high
                                    101.8080      1.0     0.0000     0.0000  0.0000  merge_2x1_simple_seq_DATA_WIDTH32_COMMAND_WIDTH1_50
first_half_stages_1__sw_group_1__bottom_group_0__genblk1_bottom_sw/o_data_high/data_mux
                                    101.8080      1.0    31.3740    70.4340  0.0000  mux_2x1_simple_seq_DATA_WIDTH32_COMMAND_WIDTH1_50
first_half_stages_1__sw_group_1__bottom_group_0__genblk1_bottom_sw/o_data_low
                                    101.8080      1.0     0.0000     0.0000  0.0000  merge_2x1_simple_seq_DATA_WIDTH32_COMMAND_WIDTH1_49
first_half_stages_1__sw_group_1__bottom_group_0__genblk1_bottom_sw/o_data_low/data_mux
                                    101.8080      1.0    31.3740    70.4340  0.0000  mux_2x1_simple_seq_DATA_WIDTH32_COMMAND_WIDTH1_49
first_half_stages_1__sw_group_1__bottom_group_0__genblk1_bottom_sw/o_fwd
                                    102.5640      1.0     0.0000     0.0000  0.0000  merge_2x1_simple_seq_DATA_WIDTH32_COMMAND_WIDTH1_52
first_half_stages_1__sw_group_1__bottom_group_0__genblk1_bottom_sw/o_fwd/data_mux
                                    102.5640      1.0    32.1300    70.4340  0.0000  mux_2x1_simple_seq_DATA_WIDTH32_COMMAND_WIDTH1_52
first_half_stages_1__sw_group_1__bottom_group_0__genblk1_bottom_sw/o_fwd_en
                                     80.0100      0.7     0.2520     0.0000  0.0000  merge_2x1_simple_seq_DATA_WIDTH32_COMMAND_WIDTH1_51
first_half_stages_1__sw_group_1__bottom_group_0__genblk1_bottom_sw/o_fwd_en/data_mux
                                     79.7580      0.7    17.3880    62.3700  0.0000  mux_2x1_simple_seq_DATA_WIDTH32_COMMAND_WIDTH1_51
first_half_stages_1__sw_group_1__upper_group_0__genblk1_upper_sw
                                    590.0580      5.5     0.7560     0.0000  0.0000  distribute_3x3_simple_seq_DATA_WIDTH32_COMMAND_WIDTH5_10
first_half_stages_1__sw_group_1__upper_group_0__genblk1_upper_sw/merge_i_data_high
                                    101.8080      1.0     0.0000     0.0000  0.0000  merge_2x1_simple_seq_DATA_WIDTH32_COMMAND_WIDTH1_60
first_half_stages_1__sw_group_1__upper_group_0__genblk1_upper_sw/merge_i_data_high/data_mux
                                    101.8080      1.0    31.3740    70.4340  0.0000  mux_2x1_simple_seq_DATA_WIDTH32_COMMAND_WIDTH1_60
first_half_stages_1__sw_group_1__upper_group_0__genblk1_upper_sw/merge_i_data_low
                                    101.9340      1.0     0.0000     0.0000  0.0000  merge_2x1_simple_seq_DATA_WIDTH32_COMMAND_WIDTH1_59
first_half_stages_1__sw_group_1__upper_group_0__genblk1_upper_sw/merge_i_data_low/data_mux
                                    101.9340      1.0    31.5000    70.4340  0.0000  mux_2x1_simple_seq_DATA_WIDTH32_COMMAND_WIDTH1_59
first_half_stages_1__sw_group_1__upper_group_0__genblk1_upper_sw/o_data_high
                                    101.8080      1.0     0.0000     0.0000  0.0000  merge_2x1_simple_seq_DATA_WIDTH32_COMMAND_WIDTH1_56
first_half_stages_1__sw_group_1__upper_group_0__genblk1_upper_sw/o_data_high/data_mux
                                    101.8080      1.0    31.3740    70.4340  0.0000  mux_2x1_simple_seq_DATA_WIDTH32_COMMAND_WIDTH1_56
first_half_stages_1__sw_group_1__upper_group_0__genblk1_upper_sw/o_data_low
                                    101.8080      1.0     0.0000     0.0000  0.0000  merge_2x1_simple_seq_DATA_WIDTH32_COMMAND_WIDTH1_55
first_half_stages_1__sw_group_1__upper_group_0__genblk1_upper_sw/o_data_low/data_mux
                                    101.8080      1.0    31.3740    70.4340  0.0000  mux_2x1_simple_seq_DATA_WIDTH32_COMMAND_WIDTH1_55
first_half_stages_1__sw_group_1__upper_group_0__genblk1_upper_sw/o_fwd
                                    101.9340      1.0     0.0000     0.0000  0.0000  merge_2x1_simple_seq_DATA_WIDTH32_COMMAND_WIDTH1_58
first_half_stages_1__sw_group_1__upper_group_0__genblk1_upper_sw/o_fwd/data_mux
                                    101.9340      1.0    31.5000    70.4340  0.0000  mux_2x1_simple_seq_DATA_WIDTH32_COMMAND_WIDTH1_58
first_half_stages_1__sw_group_1__upper_group_0__genblk1_upper_sw/o_fwd_en
                                     80.0100      0.7     0.2520     0.0000  0.0000  merge_2x1_simple_seq_DATA_WIDTH32_COMMAND_WIDTH1_57
first_half_stages_1__sw_group_1__upper_group_0__genblk1_upper_sw/o_fwd_en/data_mux
                                     79.7580      0.7    17.3880    62.3700  0.0000  mux_2x1_simple_seq_DATA_WIDTH32_COMMAND_WIDTH1_57
middle_stage_0__middle_stage        188.7480      1.8    64.0080   124.7400  0.0000  distribute_2x2_simple_seq_DATA_WIDTH32_COMMAND_WIDTH2_0
middle_stage_1__middle_stage        188.7480      1.8    64.0080   124.7400  0.0000  distribute_2x2_simple_seq_DATA_WIDTH32_COMMAND_WIDTH2_3
middle_stage_2__middle_stage        188.7480      1.8    64.0080   124.7400  0.0000  distribute_2x2_simple_seq_DATA_WIDTH32_COMMAND_WIDTH2_2
middle_stage_3__middle_stage        188.7480      1.8    64.0080   124.7400  0.0000  distribute_2x2_simple_seq_DATA_WIDTH32_COMMAND_WIDTH2_1
second_half_stages_3__sw_group_0__bottom_group_0__bottom_sw
                                    590.8140      5.5     0.7560     0.0000  0.0000  distribute_3x3_simple_seq_DATA_WIDTH32_COMMAND_WIDTH5_7
second_half_stages_3__sw_group_0__bottom_group_0__bottom_sw/merge_i_data_high
                                    101.9340      1.0     0.0000     0.0000  0.0000  merge_2x1_simple_seq_DATA_WIDTH32_COMMAND_WIDTH1_42
second_half_stages_3__sw_group_0__bottom_group_0__bottom_sw/merge_i_data_high/data_mux
                                    101.9340      1.0    31.5000    70.4340  0.0000  mux_2x1_simple_seq_DATA_WIDTH32_COMMAND_WIDTH1_42
second_half_stages_3__sw_group_0__bottom_group_0__bottom_sw/merge_i_data_low
                                    102.5640      1.0     0.0000     0.0000  0.0000  merge_2x1_simple_seq_DATA_WIDTH32_COMMAND_WIDTH1_41
second_half_stages_3__sw_group_0__bottom_group_0__bottom_sw/merge_i_data_low/data_mux
                                    102.5640      1.0    32.1300    70.4340  0.0000  mux_2x1_simple_seq_DATA_WIDTH32_COMMAND_WIDTH1_41
second_half_stages_3__sw_group_0__bottom_group_0__bottom_sw/o_data_high
                                    101.8080      1.0     0.0000     0.0000  0.0000  merge_2x1_simple_seq_DATA_WIDTH32_COMMAND_WIDTH1_38
second_half_stages_3__sw_group_0__bottom_group_0__bottom_sw/o_data_high/data_mux
                                    101.8080      1.0    31.3740    70.4340  0.0000  mux_2x1_simple_seq_DATA_WIDTH32_COMMAND_WIDTH1_38
second_half_stages_3__sw_group_0__bottom_group_0__bottom_sw/o_data_low
                                    101.8080      1.0     0.0000     0.0000  0.0000  merge_2x1_simple_seq_DATA_WIDTH32_COMMAND_WIDTH1_37
second_half_stages_3__sw_group_0__bottom_group_0__bottom_sw/o_data_low/data_mux
                                    101.8080      1.0    31.3740    70.4340  0.0000  mux_2x1_simple_seq_DATA_WIDTH32_COMMAND_WIDTH1_37
second_half_stages_3__sw_group_0__bottom_group_0__bottom_sw/o_fwd
                                    101.9340      1.0     0.0000     0.0000  0.0000  merge_2x1_simple_seq_DATA_WIDTH32_COMMAND_WIDTH1_40
second_half_stages_3__sw_group_0__bottom_group_0__bottom_sw/o_fwd/data_mux
                                    101.9340      1.0    31.5000    70.4340  0.0000  mux_2x1_simple_seq_DATA_WIDTH32_COMMAND_WIDTH1_40
second_half_stages_3__sw_group_0__bottom_group_0__bottom_sw/o_fwd_en
                                     80.0100      0.7     0.2520     0.0000  0.0000  merge_2x1_simple_seq_DATA_WIDTH32_COMMAND_WIDTH1_39
second_half_stages_3__sw_group_0__bottom_group_0__bottom_sw/o_fwd_en/data_mux
                                     79.7580      0.7    17.3880    62.3700  0.0000  mux_2x1_simple_seq_DATA_WIDTH32_COMMAND_WIDTH1_39
second_half_stages_3__sw_group_0__upper_group_0__upper_sw
                                    590.8140      5.5     0.7560     0.0000  0.0000  distribute_3x3_simple_seq_DATA_WIDTH32_COMMAND_WIDTH5_8
second_half_stages_3__sw_group_0__upper_group_0__upper_sw/merge_i_data_high
                                    102.5640      1.0     0.0000     0.0000  0.0000  merge_2x1_simple_seq_DATA_WIDTH32_COMMAND_WIDTH1_48
second_half_stages_3__sw_group_0__upper_group_0__upper_sw/merge_i_data_high/data_mux
                                    102.5640      1.0    32.1300    70.4340  0.0000  mux_2x1_simple_seq_DATA_WIDTH32_COMMAND_WIDTH1_48
second_half_stages_3__sw_group_0__upper_group_0__upper_sw/merge_i_data_low
                                    101.9340      1.0     0.0000     0.0000  0.0000  merge_2x1_simple_seq_DATA_WIDTH32_COMMAND_WIDTH1_47
second_half_stages_3__sw_group_0__upper_group_0__upper_sw/merge_i_data_low/data_mux
                                    101.9340      1.0    31.5000    70.4340  0.0000  mux_2x1_simple_seq_DATA_WIDTH32_COMMAND_WIDTH1_47
second_half_stages_3__sw_group_0__upper_group_0__upper_sw/o_data_high
                                    101.8080      1.0     0.0000     0.0000  0.0000  merge_2x1_simple_seq_DATA_WIDTH32_COMMAND_WIDTH1_44
second_half_stages_3__sw_group_0__upper_group_0__upper_sw/o_data_high/data_mux
                                    101.8080      1.0    31.3740    70.4340  0.0000  mux_2x1_simple_seq_DATA_WIDTH32_COMMAND_WIDTH1_44
second_half_stages_3__sw_group_0__upper_group_0__upper_sw/o_data_low
                                    101.8080      1.0     0.0000     0.0000  0.0000  merge_2x1_simple_seq_DATA_WIDTH32_COMMAND_WIDTH1_43
second_half_stages_3__sw_group_0__upper_group_0__upper_sw/o_data_low/data_mux
                                    101.8080      1.0    31.3740    70.4340  0.0000  mux_2x1_simple_seq_DATA_WIDTH32_COMMAND_WIDTH1_43
second_half_stages_3__sw_group_0__upper_group_0__upper_sw/o_fwd
                                    101.9340      1.0     0.0000     0.0000  0.0000  merge_2x1_simple_seq_DATA_WIDTH32_COMMAND_WIDTH1_46
second_half_stages_3__sw_group_0__upper_group_0__upper_sw/o_fwd/data_mux
                                    101.9340      1.0    31.5000    70.4340  0.0000  mux_2x1_simple_seq_DATA_WIDTH32_COMMAND_WIDTH1_46
second_half_stages_3__sw_group_0__upper_group_0__upper_sw/o_fwd_en
                                     80.0100      0.7     0.2520     0.0000  0.0000  merge_2x1_simple_seq_DATA_WIDTH32_COMMAND_WIDTH1_45
second_half_stages_3__sw_group_0__upper_group_0__upper_sw/o_fwd_en/data_mux
                                     79.7580      0.7    17.3880    62.3700  0.0000  mux_2x1_simple_seq_DATA_WIDTH32_COMMAND_WIDTH1_45
second_half_stages_3__sw_group_1__bottom_group_0__bottom_sw
                                    590.0580      5.5     0.7560     0.0000  0.0000  distribute_3x3_simple_seq_DATA_WIDTH32_COMMAND_WIDTH5_5
second_half_stages_3__sw_group_1__bottom_group_0__bottom_sw/merge_i_data_high
                                    101.8080      1.0     0.0000     0.0000  0.0000  merge_2x1_simple_seq_DATA_WIDTH32_COMMAND_WIDTH1_30
second_half_stages_3__sw_group_1__bottom_group_0__bottom_sw/merge_i_data_high/data_mux
                                    101.8080      1.0    31.3740    70.4340  0.0000  mux_2x1_simple_seq_DATA_WIDTH32_COMMAND_WIDTH1_30
second_half_stages_3__sw_group_1__bottom_group_0__bottom_sw/merge_i_data_low
                                    101.9340      1.0     0.0000     0.0000  0.0000  merge_2x1_simple_seq_DATA_WIDTH32_COMMAND_WIDTH1_29
second_half_stages_3__sw_group_1__bottom_group_0__bottom_sw/merge_i_data_low/data_mux
                                    101.9340      1.0    31.5000    70.4340  0.0000  mux_2x1_simple_seq_DATA_WIDTH32_COMMAND_WIDTH1_29
second_half_stages_3__sw_group_1__bottom_group_0__bottom_sw/o_data_high
                                    101.8080      1.0     0.0000     0.0000  0.0000  merge_2x1_simple_seq_DATA_WIDTH32_COMMAND_WIDTH1_26
second_half_stages_3__sw_group_1__bottom_group_0__bottom_sw/o_data_high/data_mux
                                    101.8080      1.0    31.3740    70.4340  0.0000  mux_2x1_simple_seq_DATA_WIDTH32_COMMAND_WIDTH1_26
second_half_stages_3__sw_group_1__bottom_group_0__bottom_sw/o_data_low
                                    101.8080      1.0     0.0000     0.0000  0.0000  merge_2x1_simple_seq_DATA_WIDTH32_COMMAND_WIDTH1_25
second_half_stages_3__sw_group_1__bottom_group_0__bottom_sw/o_data_low/data_mux
                                    101.8080      1.0    31.3740    70.4340  0.0000  mux_2x1_simple_seq_DATA_WIDTH32_COMMAND_WIDTH1_25
second_half_stages_3__sw_group_1__bottom_group_0__bottom_sw/o_fwd
                                    101.9340      1.0     0.0000     0.0000  0.0000  merge_2x1_simple_seq_DATA_WIDTH32_COMMAND_WIDTH1_28
second_half_stages_3__sw_group_1__bottom_group_0__bottom_sw/o_fwd/data_mux
                                    101.9340      1.0    31.5000    70.4340  0.0000  mux_2x1_simple_seq_DATA_WIDTH32_COMMAND_WIDTH1_28
second_half_stages_3__sw_group_1__bottom_group_0__bottom_sw/o_fwd_en
                                     80.0100      0.7     0.2520     0.0000  0.0000  merge_2x1_simple_seq_DATA_WIDTH32_COMMAND_WIDTH1_27
second_half_stages_3__sw_group_1__bottom_group_0__bottom_sw/o_fwd_en/data_mux
                                     79.7580      0.7    17.3880    62.3700  0.0000  mux_2x1_simple_seq_DATA_WIDTH32_COMMAND_WIDTH1_27
second_half_stages_3__sw_group_1__upper_group_0__upper_sw
                                    589.8060      5.5     0.7560     0.0000  0.0000  distribute_3x3_simple_seq_DATA_WIDTH32_COMMAND_WIDTH5_6
second_half_stages_3__sw_group_1__upper_group_0__upper_sw/merge_i_data_high
                                    101.5560      1.0     0.0000     0.0000  0.0000  merge_2x1_simple_seq_DATA_WIDTH32_COMMAND_WIDTH1_36
second_half_stages_3__sw_group_1__upper_group_0__upper_sw/merge_i_data_high/data_mux
                                    101.5560      1.0    31.1220    70.4340  0.0000  mux_2x1_simple_seq_DATA_WIDTH32_COMMAND_WIDTH1_36
second_half_stages_3__sw_group_1__upper_group_0__upper_sw/merge_i_data_low
                                    101.9340      1.0     0.0000     0.0000  0.0000  merge_2x1_simple_seq_DATA_WIDTH32_COMMAND_WIDTH1_35
second_half_stages_3__sw_group_1__upper_group_0__upper_sw/merge_i_data_low/data_mux
                                    101.9340      1.0    31.5000    70.4340  0.0000  mux_2x1_simple_seq_DATA_WIDTH32_COMMAND_WIDTH1_35
second_half_stages_3__sw_group_1__upper_group_0__upper_sw/o_data_high
                                    101.8080      1.0     0.0000     0.0000  0.0000  merge_2x1_simple_seq_DATA_WIDTH32_COMMAND_WIDTH1_32
second_half_stages_3__sw_group_1__upper_group_0__upper_sw/o_data_high/data_mux
                                    101.8080      1.0    31.3740    70.4340  0.0000  mux_2x1_simple_seq_DATA_WIDTH32_COMMAND_WIDTH1_32
second_half_stages_3__sw_group_1__upper_group_0__upper_sw/o_data_low
                                    101.8080      1.0     0.0000     0.0000  0.0000  merge_2x1_simple_seq_DATA_WIDTH32_COMMAND_WIDTH1_31
second_half_stages_3__sw_group_1__upper_group_0__upper_sw/o_data_low/data_mux
                                    101.8080      1.0    31.3740    70.4340  0.0000  mux_2x1_simple_seq_DATA_WIDTH32_COMMAND_WIDTH1_31
second_half_stages_3__sw_group_1__upper_group_0__upper_sw/o_fwd
                                    101.9340      1.0     0.0000     0.0000  0.0000  merge_2x1_simple_seq_DATA_WIDTH32_COMMAND_WIDTH1_34
second_half_stages_3__sw_group_1__upper_group_0__upper_sw/o_fwd/data_mux
                                    101.9340      1.0    31.5000    70.4340  0.0000  mux_2x1_simple_seq_DATA_WIDTH32_COMMAND_WIDTH1_34
second_half_stages_3__sw_group_1__upper_group_0__upper_sw/o_fwd_en
                                     80.0100      0.7     0.2520     0.0000  0.0000  merge_2x1_simple_seq_DATA_WIDTH32_COMMAND_WIDTH1_33
second_half_stages_3__sw_group_1__upper_group_0__upper_sw/o_fwd_en/data_mux
                                     79.7580      0.7    17.3880    62.3700  0.0000  mux_2x1_simple_seq_DATA_WIDTH32_COMMAND_WIDTH1_33
second_half_stages_4__sw_group_0__bottom_group_0__bottom_sw
                                    582.7500      5.5     0.7560     0.0000  0.0000  distribute_3x3_simple_seq_DATA_WIDTH32_COMMAND_WIDTH5_2
second_half_stages_4__sw_group_0__bottom_group_0__bottom_sw/merge_i_data_high
                                    101.8080      1.0     0.0000     0.0000  0.0000  merge_2x1_simple_seq_DATA_WIDTH32_COMMAND_WIDTH1_12
second_half_stages_4__sw_group_0__bottom_group_0__bottom_sw/merge_i_data_high/data_mux
                                    101.8080      1.0    31.3740    70.4340  0.0000  mux_2x1_simple_seq_DATA_WIDTH32_COMMAND_WIDTH1_12
second_half_stages_4__sw_group_0__bottom_group_0__bottom_sw/merge_i_data_low
                                    101.9340      1.0     0.0000     0.0000  0.0000  merge_2x1_simple_seq_DATA_WIDTH32_COMMAND_WIDTH1_11
second_half_stages_4__sw_group_0__bottom_group_0__bottom_sw/merge_i_data_low/data_mux
                                    101.9340      1.0    31.5000    70.4340  0.0000  mux_2x1_simple_seq_DATA_WIDTH32_COMMAND_WIDTH1_11
second_half_stages_4__sw_group_0__bottom_group_0__bottom_sw/o_data_high
                                     98.1540      0.9     0.0000     0.0000  0.0000  merge_2x1_simple_seq_DATA_WIDTH32_COMMAND_WIDTH1_8
second_half_stages_4__sw_group_0__bottom_group_0__bottom_sw/o_data_high/data_mux
                                     98.1540      0.9    35.7840    62.3700  0.0000  mux_2x1_simple_seq_DATA_WIDTH32_COMMAND_WIDTH1_8
second_half_stages_4__sw_group_0__bottom_group_0__bottom_sw/o_data_low
                                     98.1540      0.9     0.0000     0.0000  0.0000  merge_2x1_simple_seq_DATA_WIDTH32_COMMAND_WIDTH1_7
second_half_stages_4__sw_group_0__bottom_group_0__bottom_sw/o_data_low/data_mux
                                     98.1540      0.9    35.7840    62.3700  0.0000  mux_2x1_simple_seq_DATA_WIDTH32_COMMAND_WIDTH1_7
second_half_stages_4__sw_group_0__bottom_group_0__bottom_sw/o_fwd
                                    101.9340      1.0     0.0000     0.0000  0.0000  merge_2x1_simple_seq_DATA_WIDTH32_COMMAND_WIDTH1_10
second_half_stages_4__sw_group_0__bottom_group_0__bottom_sw/o_fwd/data_mux
                                    101.9340      1.0    31.5000    70.4340  0.0000  mux_2x1_simple_seq_DATA_WIDTH32_COMMAND_WIDTH1_10
second_half_stages_4__sw_group_0__bottom_group_0__bottom_sw/o_fwd_en
                                     80.0100      0.7     0.2520     0.0000  0.0000  merge_2x1_simple_seq_DATA_WIDTH32_COMMAND_WIDTH1_9
second_half_stages_4__sw_group_0__bottom_group_0__bottom_sw/o_fwd_en/data_mux
                                     79.7580      0.7    17.3880    62.3700  0.0000  mux_2x1_simple_seq_DATA_WIDTH32_COMMAND_WIDTH1_9
second_half_stages_4__sw_group_0__bottom_group_1__bottom_sw
                                    582.6240      5.5     0.7560     0.0000  0.0000  distribute_3x3_simple_seq_DATA_WIDTH32_COMMAND_WIDTH5_1
second_half_stages_4__sw_group_0__bottom_group_1__bottom_sw/merge_i_data_high
                                    101.9340      1.0     0.0000     0.0000  0.0000  merge_2x1_simple_seq_DATA_WIDTH32_COMMAND_WIDTH1_6
second_half_stages_4__sw_group_0__bottom_group_1__bottom_sw/merge_i_data_high/data_mux
                                    101.9340      1.0    31.5000    70.4340  0.0000  mux_2x1_simple_seq_DATA_WIDTH32_COMMAND_WIDTH1_6
second_half_stages_4__sw_group_0__bottom_group_1__bottom_sw/merge_i_data_low
                                    101.8080      1.0     0.0000     0.0000  0.0000  merge_2x1_simple_seq_DATA_WIDTH32_COMMAND_WIDTH1_5
second_half_stages_4__sw_group_0__bottom_group_1__bottom_sw/merge_i_data_low/data_mux
                                    101.8080      1.0    31.3740    70.4340  0.0000  mux_2x1_simple_seq_DATA_WIDTH32_COMMAND_WIDTH1_5
second_half_stages_4__sw_group_0__bottom_group_1__bottom_sw/o_data_high
                                     98.1540      0.9     0.0000     0.0000  0.0000  merge_2x1_simple_seq_DATA_WIDTH32_COMMAND_WIDTH1_2
second_half_stages_4__sw_group_0__bottom_group_1__bottom_sw/o_data_high/data_mux
                                     98.1540      0.9    35.7840    62.3700  0.0000  mux_2x1_simple_seq_DATA_WIDTH32_COMMAND_WIDTH1_2
second_half_stages_4__sw_group_0__bottom_group_1__bottom_sw/o_data_low
                                     98.1540      0.9     0.0000     0.0000  0.0000  merge_2x1_simple_seq_DATA_WIDTH32_COMMAND_WIDTH1_1
second_half_stages_4__sw_group_0__bottom_group_1__bottom_sw/o_data_low/data_mux
                                     98.1540      0.9    35.7840    62.3700  0.0000  mux_2x1_simple_seq_DATA_WIDTH32_COMMAND_WIDTH1_1
second_half_stages_4__sw_group_0__bottom_group_1__bottom_sw/o_fwd
                                    101.8080      1.0     0.0000     0.0000  0.0000  merge_2x1_simple_seq_DATA_WIDTH32_COMMAND_WIDTH1_4
second_half_stages_4__sw_group_0__bottom_group_1__bottom_sw/o_fwd/data_mux
                                    101.8080      1.0    31.3740    70.4340  0.0000  mux_2x1_simple_seq_DATA_WIDTH32_COMMAND_WIDTH1_4
second_half_stages_4__sw_group_0__bottom_group_1__bottom_sw/o_fwd_en
                                     80.0100      0.7     0.2520     0.0000  0.0000  merge_2x1_simple_seq_DATA_WIDTH32_COMMAND_WIDTH1_3
second_half_stages_4__sw_group_0__bottom_group_1__bottom_sw/o_fwd_en/data_mux
                                     79.7580      0.7    17.3880    62.3700  0.0000  mux_2x1_simple_seq_DATA_WIDTH32_COMMAND_WIDTH1_3
second_half_stages_4__sw_group_0__upper_group_0__upper_sw
                                    582.7500      5.5     0.7560     0.0000  0.0000  distribute_3x3_simple_seq_DATA_WIDTH32_COMMAND_WIDTH5_4
second_half_stages_4__sw_group_0__upper_group_0__upper_sw/merge_i_data_high
                                    101.8080      1.0     0.0000     0.0000  0.0000  merge_2x1_simple_seq_DATA_WIDTH32_COMMAND_WIDTH1_24
second_half_stages_4__sw_group_0__upper_group_0__upper_sw/merge_i_data_high/data_mux
                                    101.8080      1.0    31.3740    70.4340  0.0000  mux_2x1_simple_seq_DATA_WIDTH32_COMMAND_WIDTH1_24
second_half_stages_4__sw_group_0__upper_group_0__upper_sw/merge_i_data_low
                                    101.9340      1.0     0.0000     0.0000  0.0000  merge_2x1_simple_seq_DATA_WIDTH32_COMMAND_WIDTH1_23
second_half_stages_4__sw_group_0__upper_group_0__upper_sw/merge_i_data_low/data_mux
                                    101.9340      1.0    31.5000    70.4340  0.0000  mux_2x1_simple_seq_DATA_WIDTH32_COMMAND_WIDTH1_23
second_half_stages_4__sw_group_0__upper_group_0__upper_sw/o_data_high
                                     98.1540      0.9     0.0000     0.0000  0.0000  merge_2x1_simple_seq_DATA_WIDTH32_COMMAND_WIDTH1_20
second_half_stages_4__sw_group_0__upper_group_0__upper_sw/o_data_high/data_mux
                                     98.1540      0.9    35.7840    62.3700  0.0000  mux_2x1_simple_seq_DATA_WIDTH32_COMMAND_WIDTH1_20
second_half_stages_4__sw_group_0__upper_group_0__upper_sw/o_data_low
                                     98.1540      0.9     0.0000     0.0000  0.0000  merge_2x1_simple_seq_DATA_WIDTH32_COMMAND_WIDTH1_19
second_half_stages_4__sw_group_0__upper_group_0__upper_sw/o_data_low/data_mux
                                     98.1540      0.9    35.7840    62.3700  0.0000  mux_2x1_simple_seq_DATA_WIDTH32_COMMAND_WIDTH1_19
second_half_stages_4__sw_group_0__upper_group_0__upper_sw/o_fwd
                                    101.9340      1.0     0.0000     0.0000  0.0000  merge_2x1_simple_seq_DATA_WIDTH32_COMMAND_WIDTH1_22
second_half_stages_4__sw_group_0__upper_group_0__upper_sw/o_fwd/data_mux
                                    101.9340      1.0    31.5000    70.4340  0.0000  mux_2x1_simple_seq_DATA_WIDTH32_COMMAND_WIDTH1_22
second_half_stages_4__sw_group_0__upper_group_0__upper_sw/o_fwd_en
                                     80.0100      0.7     0.2520     0.0000  0.0000  merge_2x1_simple_seq_DATA_WIDTH32_COMMAND_WIDTH1_21
second_half_stages_4__sw_group_0__upper_group_0__upper_sw/o_fwd_en/data_mux
                                     79.7580      0.7    17.3880    62.3700  0.0000  mux_2x1_simple_seq_DATA_WIDTH32_COMMAND_WIDTH1_21
second_half_stages_4__sw_group_0__upper_group_1__upper_sw
                                    582.7500      5.5     0.7560     0.0000  0.0000  distribute_3x3_simple_seq_DATA_WIDTH32_COMMAND_WIDTH5_3
second_half_stages_4__sw_group_0__upper_group_1__upper_sw/merge_i_data_high
                                    101.8080      1.0     0.0000     0.0000  0.0000  merge_2x1_simple_seq_DATA_WIDTH32_COMMAND_WIDTH1_18
second_half_stages_4__sw_group_0__upper_group_1__upper_sw/merge_i_data_high/data_mux
                                    101.8080      1.0    31.3740    70.4340  0.0000  mux_2x1_simple_seq_DATA_WIDTH32_COMMAND_WIDTH1_18
second_half_stages_4__sw_group_0__upper_group_1__upper_sw/merge_i_data_low
                                    101.9340      1.0     0.0000     0.0000  0.0000  merge_2x1_simple_seq_DATA_WIDTH32_COMMAND_WIDTH1_17
second_half_stages_4__sw_group_0__upper_group_1__upper_sw/merge_i_data_low/data_mux
                                    101.9340      1.0    31.5000    70.4340  0.0000  mux_2x1_simple_seq_DATA_WIDTH32_COMMAND_WIDTH1_17
second_half_stages_4__sw_group_0__upper_group_1__upper_sw/o_data_high
                                     98.1540      0.9     0.0000     0.0000  0.0000  merge_2x1_simple_seq_DATA_WIDTH32_COMMAND_WIDTH1_14
second_half_stages_4__sw_group_0__upper_group_1__upper_sw/o_data_high/data_mux
                                     98.1540      0.9    35.7840    62.3700  0.0000  mux_2x1_simple_seq_DATA_WIDTH32_COMMAND_WIDTH1_14
second_half_stages_4__sw_group_0__upper_group_1__upper_sw/o_data_low
                                     98.1540      0.9     0.0000     0.0000  0.0000  merge_2x1_simple_seq_DATA_WIDTH32_COMMAND_WIDTH1_13
second_half_stages_4__sw_group_0__upper_group_1__upper_sw/o_data_low/data_mux
                                     98.1540      0.9    35.7840    62.3700  0.0000  mux_2x1_simple_seq_DATA_WIDTH32_COMMAND_WIDTH1_13
second_half_stages_4__sw_group_0__upper_group_1__upper_sw/o_fwd
                                    101.9340      1.0     0.0000     0.0000  0.0000  merge_2x1_simple_seq_DATA_WIDTH32_COMMAND_WIDTH1_16
second_half_stages_4__sw_group_0__upper_group_1__upper_sw/o_fwd/data_mux
                                    101.9340      1.0    31.5000    70.4340  0.0000  mux_2x1_simple_seq_DATA_WIDTH32_COMMAND_WIDTH1_16
second_half_stages_4__sw_group_0__upper_group_1__upper_sw/o_fwd_en
                                     80.0100      0.7     0.2520     0.0000  0.0000  merge_2x1_simple_seq_DATA_WIDTH32_COMMAND_WIDTH1_15
second_half_stages_4__sw_group_0__upper_group_1__upper_sw/o_fwd_en/data_mux
                                     79.7580      0.7    17.3880    62.3700  0.0000  mux_2x1_simple_seq_DATA_WIDTH32_COMMAND_WIDTH1_15
--------------------------------  ----------  -------  ---------  ---------  ------  ---------------------------------------------------------
Total                                                  3454.2900  7230.3839  0.0000

1
