 
****************************************
Report : timing
        -path full
        -delay max
        -max_paths 1
Design : linear_network_unicast_seq
Version: J-2014.09-SP3
Date   : Tue Apr 20 14:09:07 2021
****************************************

 # A fanout number of 1000 was used for high fanout net computations.

Operating Conditions: tt0p8v25c   Library: tcbn28hpcplusbwp30p140lvttt0p8v25c
Wire Load Model Mode: segmented

  Startpoint: o_cmd_forward_reg_reg_4__3_
              (rising edge-triggered flip-flop clocked by clk)
  Endpoint: o_data_bus_reg_reg_160_
            (rising edge-triggered flip-flop clocked by clk)
  Path Group: clk
  Path Type: max

  Des/Clust/Port     Wire Load Model       Library
  ------------------------------------------------
  linear_network_unicast_seq
                     ZeroWireload          tcbn28hpcplusbwp30p140lvttt0p8v25c

  Point                                                   Incr       Path
  --------------------------------------------------------------------------
  clock clk (rise edge)                                   0.00       0.00
  clock network delay (ideal)                             0.00       0.00
  o_cmd_forward_reg_reg_4__3_/CP (DFQD1BWP30P140LVT)      0.00 #     0.00 r
  o_cmd_forward_reg_reg_4__3_/Q (DFQD1BWP30P140LVT)       0.04       0.04 f
  U1110/ZN (NR2D1BWP30P140LVT)                            0.01       0.05 r
  U1120/Z (AN4D1BWP30P140LVT)                             0.07       0.12 r
  U1310/Z (CKAN2D1BWP30P140LVT)                           0.02       0.14 r
  o_data_bus_reg_reg_160_/D (DFQD4BWP30P140LVT)           0.00       0.14 r
  data arrival time                                                  0.14

  clock clk (rise edge)                                   0.30       0.30
  clock network delay (ideal)                             0.00       0.30
  clock uncertainty                                      -0.15       0.15
  o_data_bus_reg_reg_160_/CP (DFQD4BWP30P140LVT)          0.00       0.15 r
  library setup time                                     -0.01       0.14
  data required time                                                 0.14
  --------------------------------------------------------------------------
  data required time                                                 0.14
  data arrival time                                                 -0.14
  --------------------------------------------------------------------------
  slack (MET)                                                        0.00


1
