Information: Propagating switching activity (low effort zero delay simulation). (PWR-6)
Warning: Design has unannotated primary inputs. (PWR-414)
Warning: Design has unannotated sequential cell outputs. (PWR-415)
 
****************************************
Report : power
        -hier
        -analysis_effort low
Design : benes_simple_seq
Version: J-2014.09-SP3
Date   : Fri Jun 18 01:56:48 2021
****************************************


Library(s) Used:

    tcbn28hpcplusbwp30p140lvttt0p8v25c (File: /usr/scratch/DRBE-shared/TSMC-library/IP/TSMC28_STD_CELLS/unzipped/tcbn28hpcplusbwp30p140lvt_190a/tcbn28hpcplusbwp30p140lvt_180a_nldm/TSMCHOME/digital/Front_End/timing_power_noise/NLDM/tcbn28hpcplusbwp30p140lvt_180a/tcbn28hpcplusbwp30p140lvttt0p8v25c.db)


Operating Conditions: tt0p8v25c   Library: tcbn28hpcplusbwp30p140lvttt0p8v25c
Wire Load Model Mode: segmented

Design        Wire Load Model            Library
------------------------------------------------
benes_simple_seq       ZeroWireload      tcbn28hpcplusbwp30p140lvttt0p8v25c
distribute_2x2_simple_seq_DATA_WIDTH32_COMMAND_WIDTH2_0
                       ZeroWireload      tcbn28hpcplusbwp30p140lvttt0p8v25c
distribute_2x2_simple_seq_DATA_WIDTH32_COMMAND_WIDTH2_1
                       ZeroWireload      tcbn28hpcplusbwp30p140lvttt0p8v25c
distribute_2x2_simple_seq_DATA_WIDTH32_COMMAND_WIDTH2_2
                       ZeroWireload      tcbn28hpcplusbwp30p140lvttt0p8v25c
distribute_2x2_simple_seq_DATA_WIDTH32_COMMAND_WIDTH2_3
                       ZeroWireload      tcbn28hpcplusbwp30p140lvttt0p8v25c
distribute_2x2_simple_seq_DATA_WIDTH32_COMMAND_WIDTH2_4
                       ZeroWireload      tcbn28hpcplusbwp30p140lvttt0p8v25c
distribute_2x2_simple_seq_DATA_WIDTH32_COMMAND_WIDTH2_5
                       ZeroWireload      tcbn28hpcplusbwp30p140lvttt0p8v25c
distribute_2x2_simple_seq_DATA_WIDTH32_COMMAND_WIDTH2_6
                       ZeroWireload      tcbn28hpcplusbwp30p140lvttt0p8v25c
distribute_2x2_simple_seq_DATA_WIDTH32_COMMAND_WIDTH2_7
                       ZeroWireload      tcbn28hpcplusbwp30p140lvttt0p8v25c
distribute_2x2_simple_seq_DATA_WIDTH32_COMMAND_WIDTH2_8
                       ZeroWireload      tcbn28hpcplusbwp30p140lvttt0p8v25c
distribute_2x2_simple_seq_DATA_WIDTH32_COMMAND_WIDTH2_9
                       ZeroWireload      tcbn28hpcplusbwp30p140lvttt0p8v25c
distribute_2x2_simple_seq_DATA_WIDTH32_COMMAND_WIDTH2_10
                       ZeroWireload      tcbn28hpcplusbwp30p140lvttt0p8v25c
distribute_2x2_simple_seq_DATA_WIDTH32_COMMAND_WIDTH2_11
                       ZeroWireload      tcbn28hpcplusbwp30p140lvttt0p8v25c
distribute_2x2_simple_seq_DATA_WIDTH32_COMMAND_WIDTH2_12
                       ZeroWireload      tcbn28hpcplusbwp30p140lvttt0p8v25c
distribute_2x2_simple_seq_DATA_WIDTH32_COMMAND_WIDTH2_13
                       ZeroWireload      tcbn28hpcplusbwp30p140lvttt0p8v25c
distribute_2x2_simple_seq_DATA_WIDTH32_COMMAND_WIDTH2_14
                       ZeroWireload      tcbn28hpcplusbwp30p140lvttt0p8v25c
distribute_2x2_simple_seq_DATA_WIDTH32_COMMAND_WIDTH2_15
                       ZeroWireload      tcbn28hpcplusbwp30p140lvttt0p8v25c
distribute_2x2_simple_seq_DATA_WIDTH32_COMMAND_WIDTH2_16
                       ZeroWireload      tcbn28hpcplusbwp30p140lvttt0p8v25c
distribute_2x2_simple_seq_DATA_WIDTH32_COMMAND_WIDTH2_17
                       ZeroWireload      tcbn28hpcplusbwp30p140lvttt0p8v25c
distribute_2x2_simple_seq_DATA_WIDTH32_COMMAND_WIDTH2_18
                       ZeroWireload      tcbn28hpcplusbwp30p140lvttt0p8v25c
distribute_2x2_simple_seq_DATA_WIDTH32_COMMAND_WIDTH2_19
                       ZeroWireload      tcbn28hpcplusbwp30p140lvttt0p8v25c


Global Operating Voltage = 0.8  
Power-specific unit information :
    Voltage Units = 1V
    Capacitance Units = 1.000000pf
    Time Units = 1ns
    Dynamic Power Units = 1mW    (derived from V,C,T units)
    Leakage Power Units = 1nW


--------------------------------------------------------------------------------
                                       Switch   Int      Leak     Total
Hierarchy                              Power    Power    Power    Power    %
--------------------------------------------------------------------------------
benes_simple_seq                          0.755   12.502 1.47e+05   13.404 100.0
  second_half_stages_3__group_sec_half_0__switch_sec_half_3__third_stage (distribute_2x2_simple_seq_DATA_WIDTH32_COMMAND_WIDTH2_1)
                                       7.26e-03    0.575 5.84e+03    0.589   4.4
  second_half_stages_3__group_sec_half_0__switch_sec_half_2__third_stage (distribute_2x2_simple_seq_DATA_WIDTH32_COMMAND_WIDTH2_2)
                                       7.41e-03    0.576 5.84e+03    0.589   4.4
  second_half_stages_3__group_sec_half_0__switch_sec_half_1__third_stage (distribute_2x2_simple_seq_DATA_WIDTH32_COMMAND_WIDTH2_3)
                                       7.39e-03    0.576 5.84e+03    0.589   4.4
  second_half_stages_3__group_sec_half_0__switch_sec_half_0__third_stage (distribute_2x2_simple_seq_DATA_WIDTH32_COMMAND_WIDTH2_4)
                                       7.35e-03    0.576 5.84e+03    0.589   4.4
  second_half_stages_2__group_sec_half_1__switch_sec_half_1__third_stage (distribute_2x2_simple_seq_DATA_WIDTH32_COMMAND_WIDTH2_5)
                                       6.44e-03    0.579 5.92e+03    0.592   4.4
  second_half_stages_2__group_sec_half_1__switch_sec_half_0__third_stage (distribute_2x2_simple_seq_DATA_WIDTH32_COMMAND_WIDTH2_6)
                                       6.56e-03    0.580 5.92e+03    0.592   4.4
  second_half_stages_2__group_sec_half_0__switch_sec_half_1__third_stage (distribute_2x2_simple_seq_DATA_WIDTH32_COMMAND_WIDTH2_7)
                                       6.53e-03    0.580 5.92e+03    0.592   4.4
  second_half_stages_2__group_sec_half_0__switch_sec_half_0__third_stage (distribute_2x2_simple_seq_DATA_WIDTH32_COMMAND_WIDTH2_8)
                                       6.40e-03    0.580 5.93e+03    0.592   4.4
  first_half_stages_1__group_first_half_1__switch_first_half_1__second_stage (distribute_2x2_simple_seq_DATA_WIDTH32_COMMAND_WIDTH2_9)
                                       7.70e-03    0.584 5.98e+03    0.598   4.5
  first_half_stages_1__group_first_half_1__switch_first_half_0__second_stage (distribute_2x2_simple_seq_DATA_WIDTH32_COMMAND_WIDTH2_10)
                                       8.87e-03    0.584 5.98e+03    0.599   4.5
  first_half_stages_1__group_first_half_0__switch_first_half_1__second_stage (distribute_2x2_simple_seq_DATA_WIDTH32_COMMAND_WIDTH2_11)
                                       7.71e-03    0.584 5.97e+03    0.598   4.5
  first_half_stages_1__group_first_half_0__switch_first_half_0__second_stage (distribute_2x2_simple_seq_DATA_WIDTH32_COMMAND_WIDTH2_12)
                                       8.94e-03    0.585 5.98e+03    0.600   4.5
  first_half_stages_0__group_first_half_0__switch_first_half_3__second_stage (distribute_2x2_simple_seq_DATA_WIDTH32_COMMAND_WIDTH2_13)
                                       9.09e-03    0.589 6.06e+03    0.605   4.5
  first_half_stages_0__group_first_half_0__switch_first_half_2__second_stage (distribute_2x2_simple_seq_DATA_WIDTH32_COMMAND_WIDTH2_14)
                                       1.07e-02    0.590 6.07e+03    0.607   4.5
  first_half_stages_0__group_first_half_0__switch_first_half_1__second_stage (distribute_2x2_simple_seq_DATA_WIDTH32_COMMAND_WIDTH2_15)
                                       9.17e-03    0.590 6.06e+03    0.605   4.5
  first_half_stages_0__group_first_half_0__switch_first_half_0__second_stage (distribute_2x2_simple_seq_DATA_WIDTH32_COMMAND_WIDTH2_16)
                                       1.07e-02    0.590 6.07e+03    0.607   4.5
  first_stage_switch_3__first_stage (distribute_2x2_simple_seq_DATA_WIDTH32_COMMAND_WIDTH2_17)
                                       1.30e-02    0.601 6.64e+03    0.621   4.6
  first_stage_switch_2__first_stage (distribute_2x2_simple_seq_DATA_WIDTH32_COMMAND_WIDTH2_18)
                                       1.52e-02    0.602 6.63e+03    0.624   4.7
  first_stage_switch_1__first_stage (distribute_2x2_simple_seq_DATA_WIDTH32_COMMAND_WIDTH2_19)
                                       1.32e-02    0.602 6.64e+03    0.622   4.6
  first_stage_switch_0__first_stage (distribute_2x2_simple_seq_DATA_WIDTH32_COMMAND_WIDTH2_0)
                                       1.49e-02    0.602 6.64e+03    0.623   4.6
1
