Information: Propagating switching activity (low effort zero delay simulation). (PWR-6)
Warning: Design has unannotated primary inputs. (PWR-414)
Warning: Design has unannotated sequential cell outputs. (PWR-415)
 
****************************************
Report : power
        -hier
        -analysis_effort low
Design : crossbar_one_hot_seq
Version: J-2014.09-SP3
Date   : Mon Jun 21 06:21:15 2021
****************************************


Library(s) Used:

    tcbn28hpcplusbwp30p140lvttt0p8v25c (File: /usr/scratch/DRBE-shared/TSMC-library/IP/TSMC28_STD_CELLS/unzipped/tcbn28hpcplusbwp30p140lvt_190a/tcbn28hpcplusbwp30p140lvt_180a_nldm/TSMCHOME/digital/Front_End/timing_power_noise/NLDM/tcbn28hpcplusbwp30p140lvt_180a/tcbn28hpcplusbwp30p140lvttt0p8v25c.db)


Operating Conditions: tt0p8v25c   Library: tcbn28hpcplusbwp30p140lvttt0p8v25c
Wire Load Model Mode: segmented

Design        Wire Load Model            Library
------------------------------------------------
crossbar_one_hot_seq   ZeroWireload      tcbn28hpcplusbwp30p140lvttt0p8v25c
wire_binary_tree_1_16_seq_DATA_WIDTH32_NUM_OUTPUT_DATA16_NUM_INPUT_DATA1_0
                       ZeroWireload      tcbn28hpcplusbwp30p140lvttt0p8v25c
cmd_wire_binary_tree_1_16_seq_DATA_WIDTH32_NUM_OUTPUT_DATA16_NUM_INPUT_DATA1_0
                       ZeroWireload      tcbn28hpcplusbwp30p140lvttt0p8v25c
mux_tree_16_1_seq_DATA_WIDTH32_NUM_OUTPUT_DATA1_NUM_INPUT_DATA16_0
                       ZeroWireload      tcbn28hpcplusbwp30p140lvttt0p8v25c
wire_binary_tree_1_16_seq_DATA_WIDTH32_NUM_OUTPUT_DATA16_NUM_INPUT_DATA1_1
                       ZeroWireload      tcbn28hpcplusbwp30p140lvttt0p8v25c
wire_binary_tree_1_16_seq_DATA_WIDTH32_NUM_OUTPUT_DATA16_NUM_INPUT_DATA1_2
                       ZeroWireload      tcbn28hpcplusbwp30p140lvttt0p8v25c
wire_binary_tree_1_16_seq_DATA_WIDTH32_NUM_OUTPUT_DATA16_NUM_INPUT_DATA1_3
                       ZeroWireload      tcbn28hpcplusbwp30p140lvttt0p8v25c
wire_binary_tree_1_16_seq_DATA_WIDTH32_NUM_OUTPUT_DATA16_NUM_INPUT_DATA1_4
                       ZeroWireload      tcbn28hpcplusbwp30p140lvttt0p8v25c
wire_binary_tree_1_16_seq_DATA_WIDTH32_NUM_OUTPUT_DATA16_NUM_INPUT_DATA1_5
                       ZeroWireload      tcbn28hpcplusbwp30p140lvttt0p8v25c
wire_binary_tree_1_16_seq_DATA_WIDTH32_NUM_OUTPUT_DATA16_NUM_INPUT_DATA1_6
                       ZeroWireload      tcbn28hpcplusbwp30p140lvttt0p8v25c
wire_binary_tree_1_16_seq_DATA_WIDTH32_NUM_OUTPUT_DATA16_NUM_INPUT_DATA1_7
                       ZeroWireload      tcbn28hpcplusbwp30p140lvttt0p8v25c
wire_binary_tree_1_16_seq_DATA_WIDTH32_NUM_OUTPUT_DATA16_NUM_INPUT_DATA1_8
                       ZeroWireload      tcbn28hpcplusbwp30p140lvttt0p8v25c
wire_binary_tree_1_16_seq_DATA_WIDTH32_NUM_OUTPUT_DATA16_NUM_INPUT_DATA1_9
                       ZeroWireload      tcbn28hpcplusbwp30p140lvttt0p8v25c
wire_binary_tree_1_16_seq_DATA_WIDTH32_NUM_OUTPUT_DATA16_NUM_INPUT_DATA1_10
                       ZeroWireload      tcbn28hpcplusbwp30p140lvttt0p8v25c
wire_binary_tree_1_16_seq_DATA_WIDTH32_NUM_OUTPUT_DATA16_NUM_INPUT_DATA1_11
                       ZeroWireload      tcbn28hpcplusbwp30p140lvttt0p8v25c
wire_binary_tree_1_16_seq_DATA_WIDTH32_NUM_OUTPUT_DATA16_NUM_INPUT_DATA1_12
                       ZeroWireload      tcbn28hpcplusbwp30p140lvttt0p8v25c
wire_binary_tree_1_16_seq_DATA_WIDTH32_NUM_OUTPUT_DATA16_NUM_INPUT_DATA1_13
                       ZeroWireload      tcbn28hpcplusbwp30p140lvttt0p8v25c
wire_binary_tree_1_16_seq_DATA_WIDTH32_NUM_OUTPUT_DATA16_NUM_INPUT_DATA1_14
                       ZeroWireload      tcbn28hpcplusbwp30p140lvttt0p8v25c
wire_binary_tree_1_16_seq_DATA_WIDTH32_NUM_OUTPUT_DATA16_NUM_INPUT_DATA1_15
                       ZeroWireload      tcbn28hpcplusbwp30p140lvttt0p8v25c
mux_tree_16_1_seq_DATA_WIDTH32_NUM_OUTPUT_DATA1_NUM_INPUT_DATA16_1
                       ZeroWireload      tcbn28hpcplusbwp30p140lvttt0p8v25c
mux_tree_16_1_seq_DATA_WIDTH32_NUM_OUTPUT_DATA1_NUM_INPUT_DATA16_2
                       ZeroWireload      tcbn28hpcplusbwp30p140lvttt0p8v25c
mux_tree_16_1_seq_DATA_WIDTH32_NUM_OUTPUT_DATA1_NUM_INPUT_DATA16_3
                       ZeroWireload      tcbn28hpcplusbwp30p140lvttt0p8v25c
mux_tree_16_1_seq_DATA_WIDTH32_NUM_OUTPUT_DATA1_NUM_INPUT_DATA16_4
                       ZeroWireload      tcbn28hpcplusbwp30p140lvttt0p8v25c
mux_tree_16_1_seq_DATA_WIDTH32_NUM_OUTPUT_DATA1_NUM_INPUT_DATA16_5
                       ZeroWireload      tcbn28hpcplusbwp30p140lvttt0p8v25c
mux_tree_16_1_seq_DATA_WIDTH32_NUM_OUTPUT_DATA1_NUM_INPUT_DATA16_6
                       ZeroWireload      tcbn28hpcplusbwp30p140lvttt0p8v25c
mux_tree_16_1_seq_DATA_WIDTH32_NUM_OUTPUT_DATA1_NUM_INPUT_DATA16_7
                       ZeroWireload      tcbn28hpcplusbwp30p140lvttt0p8v25c
mux_tree_16_1_seq_DATA_WIDTH32_NUM_OUTPUT_DATA1_NUM_INPUT_DATA16_8
                       ZeroWireload      tcbn28hpcplusbwp30p140lvttt0p8v25c
mux_tree_16_1_seq_DATA_WIDTH32_NUM_OUTPUT_DATA1_NUM_INPUT_DATA16_9
                       ZeroWireload      tcbn28hpcplusbwp30p140lvttt0p8v25c
mux_tree_16_1_seq_DATA_WIDTH32_NUM_OUTPUT_DATA1_NUM_INPUT_DATA16_10
                       ZeroWireload      tcbn28hpcplusbwp30p140lvttt0p8v25c
mux_tree_16_1_seq_DATA_WIDTH32_NUM_OUTPUT_DATA1_NUM_INPUT_DATA16_11
                       ZeroWireload      tcbn28hpcplusbwp30p140lvttt0p8v25c
mux_tree_16_1_seq_DATA_WIDTH32_NUM_OUTPUT_DATA1_NUM_INPUT_DATA16_12
                       ZeroWireload      tcbn28hpcplusbwp30p140lvttt0p8v25c
mux_tree_16_1_seq_DATA_WIDTH32_NUM_OUTPUT_DATA1_NUM_INPUT_DATA16_13
                       ZeroWireload      tcbn28hpcplusbwp30p140lvttt0p8v25c
mux_tree_16_1_seq_DATA_WIDTH32_NUM_OUTPUT_DATA1_NUM_INPUT_DATA16_14
                       ZeroWireload      tcbn28hpcplusbwp30p140lvttt0p8v25c
mux_tree_16_1_seq_DATA_WIDTH32_NUM_OUTPUT_DATA1_NUM_INPUT_DATA16_15
                       ZeroWireload      tcbn28hpcplusbwp30p140lvttt0p8v25c
cmd_wire_binary_tree_1_16_seq_DATA_WIDTH32_NUM_OUTPUT_DATA16_NUM_INPUT_DATA1_1
                       ZeroWireload      tcbn28hpcplusbwp30p140lvttt0p8v25c
cmd_wire_binary_tree_1_16_seq_DATA_WIDTH32_NUM_OUTPUT_DATA16_NUM_INPUT_DATA1_2
                       ZeroWireload      tcbn28hpcplusbwp30p140lvttt0p8v25c
cmd_wire_binary_tree_1_16_seq_DATA_WIDTH32_NUM_OUTPUT_DATA16_NUM_INPUT_DATA1_3
                       ZeroWireload      tcbn28hpcplusbwp30p140lvttt0p8v25c
cmd_wire_binary_tree_1_16_seq_DATA_WIDTH32_NUM_OUTPUT_DATA16_NUM_INPUT_DATA1_4
                       ZeroWireload      tcbn28hpcplusbwp30p140lvttt0p8v25c
cmd_wire_binary_tree_1_16_seq_DATA_WIDTH32_NUM_OUTPUT_DATA16_NUM_INPUT_DATA1_5
                       ZeroWireload      tcbn28hpcplusbwp30p140lvttt0p8v25c
cmd_wire_binary_tree_1_16_seq_DATA_WIDTH32_NUM_OUTPUT_DATA16_NUM_INPUT_DATA1_6
                       ZeroWireload      tcbn28hpcplusbwp30p140lvttt0p8v25c
cmd_wire_binary_tree_1_16_seq_DATA_WIDTH32_NUM_OUTPUT_DATA16_NUM_INPUT_DATA1_7
                       ZeroWireload      tcbn28hpcplusbwp30p140lvttt0p8v25c
cmd_wire_binary_tree_1_16_seq_DATA_WIDTH32_NUM_OUTPUT_DATA16_NUM_INPUT_DATA1_8
                       ZeroWireload      tcbn28hpcplusbwp30p140lvttt0p8v25c
cmd_wire_binary_tree_1_16_seq_DATA_WIDTH32_NUM_OUTPUT_DATA16_NUM_INPUT_DATA1_9
                       ZeroWireload      tcbn28hpcplusbwp30p140lvttt0p8v25c
cmd_wire_binary_tree_1_16_seq_DATA_WIDTH32_NUM_OUTPUT_DATA16_NUM_INPUT_DATA1_10
                       ZeroWireload      tcbn28hpcplusbwp30p140lvttt0p8v25c
cmd_wire_binary_tree_1_16_seq_DATA_WIDTH32_NUM_OUTPUT_DATA16_NUM_INPUT_DATA1_11
                       ZeroWireload      tcbn28hpcplusbwp30p140lvttt0p8v25c
cmd_wire_binary_tree_1_16_seq_DATA_WIDTH32_NUM_OUTPUT_DATA16_NUM_INPUT_DATA1_12
                       ZeroWireload      tcbn28hpcplusbwp30p140lvttt0p8v25c
cmd_wire_binary_tree_1_16_seq_DATA_WIDTH32_NUM_OUTPUT_DATA16_NUM_INPUT_DATA1_13
                       ZeroWireload      tcbn28hpcplusbwp30p140lvttt0p8v25c
cmd_wire_binary_tree_1_16_seq_DATA_WIDTH32_NUM_OUTPUT_DATA16_NUM_INPUT_DATA1_14
                       ZeroWireload      tcbn28hpcplusbwp30p140lvttt0p8v25c
cmd_wire_binary_tree_1_16_seq_DATA_WIDTH32_NUM_OUTPUT_DATA16_NUM_INPUT_DATA1_15
                       ZeroWireload      tcbn28hpcplusbwp30p140lvttt0p8v25c


Global Operating Voltage = 0.8  
Power-specific unit information :
    Voltage Units = 1V
    Capacitance Units = 1.000000pf
    Time Units = 1ns
    Dynamic Power Units = 1mW    (derived from V,C,T units)
    Leakage Power Units = 1nW


--------------------------------------------------------------------------------
                                       Switch   Int      Leak     Total
Hierarchy                              Power    Power    Power    Power    %
--------------------------------------------------------------------------------
crossbar_one_hot_seq                      1.360  160.846 1.71e+06  163.920 100.0
  bottom_half_15__mux_tree (mux_tree_16_1_seq_DATA_WIDTH32_NUM_OUTPUT_DATA1_NUM_INPUT_DATA16_1)
                                       1.38e-02    0.298 1.26e+04    0.324   0.2
  bottom_half_14__mux_tree (mux_tree_16_1_seq_DATA_WIDTH32_NUM_OUTPUT_DATA1_NUM_INPUT_DATA16_2)
                                       1.41e-02    0.296 1.29e+04    0.323   0.2
  bottom_half_13__mux_tree (mux_tree_16_1_seq_DATA_WIDTH32_NUM_OUTPUT_DATA1_NUM_INPUT_DATA16_3)
                                       1.38e-02    0.297 1.27e+04    0.324   0.2
  bottom_half_12__mux_tree (mux_tree_16_1_seq_DATA_WIDTH32_NUM_OUTPUT_DATA1_NUM_INPUT_DATA16_4)
                                       1.23e-02    0.297 1.24e+04    0.322   0.2
  bottom_half_11__mux_tree (mux_tree_16_1_seq_DATA_WIDTH32_NUM_OUTPUT_DATA1_NUM_INPUT_DATA16_5)
                                       1.31e-02    0.297 1.28e+04    0.323   0.2
  bottom_half_10__mux_tree (mux_tree_16_1_seq_DATA_WIDTH32_NUM_OUTPUT_DATA1_NUM_INPUT_DATA16_6)
                                       1.48e-02    0.297 1.20e+04    0.324   0.2
  bottom_half_9__mux_tree (mux_tree_16_1_seq_DATA_WIDTH32_NUM_OUTPUT_DATA1_NUM_INPUT_DATA16_7)
                                       1.12e-02    0.295 1.27e+04    0.319   0.2
  bottom_half_8__mux_tree (mux_tree_16_1_seq_DATA_WIDTH32_NUM_OUTPUT_DATA1_NUM_INPUT_DATA16_8)
                                       1.28e-02    0.296 1.17e+04    0.321   0.2
  bottom_half_7__mux_tree (mux_tree_16_1_seq_DATA_WIDTH32_NUM_OUTPUT_DATA1_NUM_INPUT_DATA16_9)
                                       1.45e-02    0.300 1.36e+04    0.328   0.2
  bottom_half_6__mux_tree (mux_tree_16_1_seq_DATA_WIDTH32_NUM_OUTPUT_DATA1_NUM_INPUT_DATA16_10)
                                       1.42e-02    0.298 1.42e+04    0.326   0.2
  bottom_half_5__mux_tree (mux_tree_16_1_seq_DATA_WIDTH32_NUM_OUTPUT_DATA1_NUM_INPUT_DATA16_11)
                                       1.32e-02    0.298 1.28e+04    0.324   0.2
  bottom_half_4__mux_tree (mux_tree_16_1_seq_DATA_WIDTH32_NUM_OUTPUT_DATA1_NUM_INPUT_DATA16_12)
                                       1.66e-02    0.304 1.40e+04    0.335   0.2
  bottom_half_3__mux_tree (mux_tree_16_1_seq_DATA_WIDTH32_NUM_OUTPUT_DATA1_NUM_INPUT_DATA16_13)
                                       1.20e-02    0.298 1.19e+04    0.322   0.2
  bottom_half_2__mux_tree (mux_tree_16_1_seq_DATA_WIDTH32_NUM_OUTPUT_DATA1_NUM_INPUT_DATA16_14)
                                       1.07e-02    0.294 1.15e+04    0.317   0.2
  bottom_half_1__mux_tree (mux_tree_16_1_seq_DATA_WIDTH32_NUM_OUTPUT_DATA1_NUM_INPUT_DATA16_15)
                                       1.22e-02    0.296 1.29e+04    0.321   0.2
  bottom_half_0__mux_tree (mux_tree_16_1_seq_DATA_WIDTH32_NUM_OUTPUT_DATA1_NUM_INPUT_DATA16_0)
                                       1.19e-02    0.295 1.21e+04    0.319   0.2
  i_cmd_id_15__cmd_pipeline (cmd_wire_binary_tree_1_16_seq_DATA_WIDTH32_NUM_OUTPUT_DATA16_NUM_INPUT_DATA1_1)
                                       8.44e-03    0.745 7.17e+03    0.761   0.5
  i_cmd_id_14__cmd_pipeline (cmd_wire_binary_tree_1_16_seq_DATA_WIDTH32_NUM_OUTPUT_DATA16_NUM_INPUT_DATA1_2)
                                       7.37e-03    0.745 7.17e+03    0.759   0.5
  i_cmd_id_13__cmd_pipeline (cmd_wire_binary_tree_1_16_seq_DATA_WIDTH32_NUM_OUTPUT_DATA16_NUM_INPUT_DATA1_3)
                                       9.03e-03    0.745 7.17e+03    0.761   0.5
  i_cmd_id_12__cmd_pipeline (cmd_wire_binary_tree_1_16_seq_DATA_WIDTH32_NUM_OUTPUT_DATA16_NUM_INPUT_DATA1_4)
                                       8.92e-03    0.745 7.17e+03    0.761   0.5
  i_cmd_id_11__cmd_pipeline (cmd_wire_binary_tree_1_16_seq_DATA_WIDTH32_NUM_OUTPUT_DATA16_NUM_INPUT_DATA1_5)
                                       8.21e-03    0.745 7.17e+03    0.760   0.5
  i_cmd_id_10__cmd_pipeline (cmd_wire_binary_tree_1_16_seq_DATA_WIDTH32_NUM_OUTPUT_DATA16_NUM_INPUT_DATA1_6)
                                       8.45e-03    0.745 7.17e+03    0.760   0.5
  i_cmd_id_9__cmd_pipeline (cmd_wire_binary_tree_1_16_seq_DATA_WIDTH32_NUM_OUTPUT_DATA16_NUM_INPUT_DATA1_7)
                                       6.36e-03    0.745 7.17e+03    0.759   0.5
  i_cmd_id_8__cmd_pipeline (cmd_wire_binary_tree_1_16_seq_DATA_WIDTH32_NUM_OUTPUT_DATA16_NUM_INPUT_DATA1_8)
                                       6.46e-03    0.745 7.16e+03    0.759   0.5
  i_cmd_id_7__cmd_pipeline (cmd_wire_binary_tree_1_16_seq_DATA_WIDTH32_NUM_OUTPUT_DATA16_NUM_INPUT_DATA1_9)
                                       8.44e-03    0.745 7.16e+03    0.760   0.5
  i_cmd_id_6__cmd_pipeline (cmd_wire_binary_tree_1_16_seq_DATA_WIDTH32_NUM_OUTPUT_DATA16_NUM_INPUT_DATA1_10)
                                       9.17e-03    0.745 7.18e+03    0.761   0.5
  i_cmd_id_5__cmd_pipeline (cmd_wire_binary_tree_1_16_seq_DATA_WIDTH32_NUM_OUTPUT_DATA16_NUM_INPUT_DATA1_11)
                                       8.13e-03    0.745 7.17e+03    0.760   0.5
  i_cmd_id_4__cmd_pipeline (cmd_wire_binary_tree_1_16_seq_DATA_WIDTH32_NUM_OUTPUT_DATA16_NUM_INPUT_DATA1_12)
                                       8.64e-03    0.745 7.17e+03    0.761   0.5
  i_cmd_id_3__cmd_pipeline (cmd_wire_binary_tree_1_16_seq_DATA_WIDTH32_NUM_OUTPUT_DATA16_NUM_INPUT_DATA1_13)
                                       8.33e-03    0.745 7.17e+03    0.761   0.5
  i_cmd_id_2__cmd_pipeline (cmd_wire_binary_tree_1_16_seq_DATA_WIDTH32_NUM_OUTPUT_DATA16_NUM_INPUT_DATA1_14)
                                       8.49e-03    0.745 7.17e+03    0.760   0.5
  i_cmd_id_1__cmd_pipeline (cmd_wire_binary_tree_1_16_seq_DATA_WIDTH32_NUM_OUTPUT_DATA16_NUM_INPUT_DATA1_15)
                                       8.59e-03    0.745 7.18e+03    0.761   0.5
  i_cmd_id_0__cmd_pipeline (cmd_wire_binary_tree_1_16_seq_DATA_WIDTH32_NUM_OUTPUT_DATA16_NUM_INPUT_DATA1_0)
                                       9.31e-03    0.745 7.17e+03    0.761   0.5
  top_half_15__wire_pipeline (wire_binary_tree_1_16_seq_DATA_WIDTH32_NUM_OUTPUT_DATA16_NUM_INPUT_DATA1_1)
                                       6.38e-02    9.011 8.50e+04    9.160   5.6
  top_half_14__wire_pipeline (wire_binary_tree_1_16_seq_DATA_WIDTH32_NUM_OUTPUT_DATA16_NUM_INPUT_DATA1_2)
                                       6.33e-02    9.010 8.50e+04    9.158   5.6
  top_half_13__wire_pipeline (wire_binary_tree_1_16_seq_DATA_WIDTH32_NUM_OUTPUT_DATA16_NUM_INPUT_DATA1_3)
                                       6.37e-02    9.012 8.49e+04    9.161   5.6
  top_half_12__wire_pipeline (wire_binary_tree_1_16_seq_DATA_WIDTH32_NUM_OUTPUT_DATA16_NUM_INPUT_DATA1_4)
                                       6.36e-02    9.007 8.50e+04    9.156   5.6
  top_half_11__wire_pipeline (wire_binary_tree_1_16_seq_DATA_WIDTH32_NUM_OUTPUT_DATA16_NUM_INPUT_DATA1_5)
                                       6.35e-02    9.010 8.50e+04    9.158   5.6
  top_half_10__wire_pipeline (wire_binary_tree_1_16_seq_DATA_WIDTH32_NUM_OUTPUT_DATA16_NUM_INPUT_DATA1_6)
                                       6.35e-02    9.009 8.49e+04    9.157   5.6
  top_half_9__wire_pipeline (wire_binary_tree_1_16_seq_DATA_WIDTH32_NUM_OUTPUT_DATA16_NUM_INPUT_DATA1_7)
                                       6.33e-02    9.010 8.49e+04    9.159   5.6
  top_half_8__wire_pipeline (wire_binary_tree_1_16_seq_DATA_WIDTH32_NUM_OUTPUT_DATA16_NUM_INPUT_DATA1_8)
                                       6.34e-02    9.013 8.50e+04    9.161   5.6
  top_half_7__wire_pipeline (wire_binary_tree_1_16_seq_DATA_WIDTH32_NUM_OUTPUT_DATA16_NUM_INPUT_DATA1_9)
                                       6.36e-02    9.010 8.50e+04    9.158   5.6
  top_half_6__wire_pipeline (wire_binary_tree_1_16_seq_DATA_WIDTH32_NUM_OUTPUT_DATA16_NUM_INPUT_DATA1_10)
                                       6.38e-02    9.013 8.50e+04    9.162   5.6
  top_half_5__wire_pipeline (wire_binary_tree_1_16_seq_DATA_WIDTH32_NUM_OUTPUT_DATA16_NUM_INPUT_DATA1_11)
                                       6.33e-02    9.010 8.50e+04    9.158   5.6
  top_half_4__wire_pipeline (wire_binary_tree_1_16_seq_DATA_WIDTH32_NUM_OUTPUT_DATA16_NUM_INPUT_DATA1_12)
                                       6.37e-02    9.011 8.50e+04    9.160   5.6
  top_half_3__wire_pipeline (wire_binary_tree_1_16_seq_DATA_WIDTH32_NUM_OUTPUT_DATA16_NUM_INPUT_DATA1_13)
                                       6.34e-02    9.011 8.50e+04    9.159   5.6
  top_half_2__wire_pipeline (wire_binary_tree_1_16_seq_DATA_WIDTH32_NUM_OUTPUT_DATA16_NUM_INPUT_DATA1_14)
                                       6.36e-02    9.012 8.50e+04    9.161   5.6
  top_half_1__wire_pipeline (wire_binary_tree_1_16_seq_DATA_WIDTH32_NUM_OUTPUT_DATA16_NUM_INPUT_DATA1_15)
                                       6.35e-02    9.009 8.50e+04    9.158   5.6
  top_half_0__wire_pipeline (wire_binary_tree_1_16_seq_DATA_WIDTH32_NUM_OUTPUT_DATA16_NUM_INPUT_DATA1_0)
                                       6.32e-02    9.010 8.50e+04    9.158   5.6
1
